Archive member included to satisfy reference by file (symbol)

C:/devkitPro/libctru-master/libctru/lib\libcitro3d.a(attribs.o)
                              main.o (AttrInfo_Init)
C:/devkitPro/libctru-master/libctru/lib\libcitro3d.a(base.o)
                              C:/devkitPro/libctru-master/libctru/lib\libcitro3d.a(attribs.o) (__C3D_Context)
C:/devkitPro/libctru-master/libctru/lib\libcitro3d.a(buffers.o)
                              main.o (BufInfo_Init)
C:/devkitPro/libctru-master/libctru/lib\libcitro3d.a(drawArrays.o)
                              main.o (C3D_DrawArrays)
C:/devkitPro/libctru-master/libctru/lib\libcitro3d.a(effect.o)
                              C:/devkitPro/libctru-master/libctru/lib\libcitro3d.a(base.o) (C3D_DepthMap)
C:/devkitPro/libctru-master/libctru/lib\libcitro3d.a(framebuffer.o)
                              C:/devkitPro/libctru-master/libctru/lib\libcitro3d.a(base.o) (C3Di_FrameBufBind)
C:/devkitPro/libctru-master/libctru/lib\libcitro3d.a(immediate.o)
                              C:/devkitPro/libctru-master/libctru/lib\libcitro3d.a(base.o) (C3D_ImmSendAttrib)
C:/devkitPro/libctru-master/libctru/lib\libcitro3d.a(renderqueue.o)
                              C:/devkitPro/libctru-master/libctru/lib\libcitro3d.a(base.o) (C3Di_RenderQueueEnableVBlank)
C:/devkitPro/libctru-master/libctru/lib\libcitro3d.a(tex3ds.o)
                              main.o (Tex3DS_TextureImport)
C:/devkitPro/libctru-master/libctru/lib\libcitro3d.a(texenv.o)
                              main.o (C3D_GetTexEnv)
C:/devkitPro/libctru-master/libctru/lib\libcitro3d.a(texture.o)
                              C:/devkitPro/libctru-master/libctru/lib\libcitro3d.a(tex3ds.o) (C3D_TexInitWithParams)
C:/devkitPro/libctru-master/libctru/lib\libcitro3d.a(uniforms.o)
                              C:/devkitPro/libctru-master/libctru/lib\libcitro3d.a(base.o) (C3D_UpdateUniforms)
C:/devkitPro/libctru-master/libctru/lib\libcitro3d.a(mtx_persptilt.o)
                              main.o (Mtx_PerspTilt)
C:/devkitPro/libctru-master/libctru/lib\libcitro3d.a(mtx_rotatex.o)
                              main.o (Mtx_RotateX)
C:/devkitPro/libctru-master/libctru/lib\libcitro3d.a(mtx_rotatey.o)
                              main.o (Mtx_RotateY)
C:/devkitPro/libctru-master/libctru/lib\libcitro3d.a(mtx_translate.o)
                              main.o (Mtx_Translate)
C:/devkitPro/libctru-master/libctru/lib\libctru.a(linear.o)
                              main.o (linearAlloc)
C:/devkitPro/libctru-master/libctru/lib\libctru.a(mem_pool.o)
                              C:/devkitPro/libctru-master/libctru/lib\libctru.a(linear.o) (_ZN7MemPool8AllocateER8MemChunkmi)
C:/devkitPro/libctru-master/libctru/lib\libctru.a(vram.o)
                              C:/devkitPro/libctru-master/libctru/lib\libcitro3d.a(renderqueue.o) (vramAlloc)
C:/devkitPro/libctru-master/libctru/lib\libctru.a(gfx.o)
                              main.o (gfxInitDefault)
C:/devkitPro/libctru-master/libctru/lib\libctru.a(os.o)
                              C:/devkitPro/libctru-master/libctru/lib\libcitro3d.a(buffers.o) (osConvertVirtToPhys)
C:/devkitPro/libctru-master/libctru/lib\libctru.a(gpu.o)
                              C:/devkitPro/libctru-master/libctru/lib\libcitro3d.a(renderqueue.o) (gpuCmdBuf)
C:/devkitPro/libctru-master/libctru/lib\libctru.a(gx.o)
                              C:/devkitPro/libctru-master/libctru/lib\libcitro3d.a(renderqueue.o) (GX_BindQueue)
C:/devkitPro/libctru-master/libctru/lib\libctru.a(gxqueue.o)
                              C:/devkitPro/libctru-master/libctru/lib\libcitro3d.a(renderqueue.o) (gxCmdQueueClear)
C:/devkitPro/libctru-master/libctru/lib\libctru.a(shaderProgram.o)
                              main.o (shaderInstanceGetUniformLocation)
C:/devkitPro/libctru-master/libctru/lib\libctru.a(shbin.o)
                              main.o (DVLB_ParseFile)
C:/devkitPro/libctru-master/libctru/lib\libctru.a(apt.o)
                              C:/devkitPro/libctru-master/libctru/lib\libcitro3d.a(base.o) (aptHook)
C:/devkitPro/libctru-master/libctru/lib\libctru.a(gspgpu.o)
                              C:/devkitPro/libctru-master/libctru/lib\libctru.a(gfx.o) (gspInit)
C:/devkitPro/libctru-master/libctru/lib\libctru.a(hid.o)
                              main.o (hidScanInput)
C:/devkitPro/libctru-master/libctru/lib\libctru.a(irrst.o)
                              C:/devkitPro/libctru-master/libctru/lib\libctru.a(hid.o) (irrstInit)
C:/devkitPro/libctru-master/libctru/lib\libctru.a(ptmsysm.o)
                              C:/devkitPro/libctru-master/libctru/lib\libctru.a(os.o) (ptmSysmInit)
C:/devkitPro/libctru-master/libctru/lib\libctru.a(decompress.o)
                              C:/devkitPro/libctru-master/libctru/lib\libcitro3d.a(tex3ds.o) (decompressCallback_FD)
C:/devkitPro/libctru-master/libctru/lib\libctru.a(rbtree_find.o)
                              C:/devkitPro/libctru-master/libctru/lib\libctru.a(linear.o) (rbtree_find)
[...]
Memory Configuration

Name             Origin             Length             Attributes
*default*        0x00000000         0xffffffff

Linker script and memory map

                0x00000000                        __sync_synchronize = __sync_synchronize_dmb
                0x00100000                        PROVIDE (__start__ = 0x100000)
                0x00100000                        . = __start__

.text           0x00100000    0x12bd0
 *(.crt0)
 .crt0          0x00100000       0x94 C:/devkitPro/devkitARM/bin/../lib/gcc/arm-none-eabi/15.2.0/../../../../arm-none-eabi/lib/armv6k/fpu/3dsx_crt0.o
                0x00100000                _start
                0x00100008                __service_ptr
                0x0010000c                __apt_appid
                0x00100010                __heap_size
                0x00100014                __linear_heap_size
                0x00100018                __system_arglist
                0x0010001c                __system_runflags
 *(.init)
 .init          0x00100094        0xc C:/devkitPro/devkitARM/bin/../lib/gcc/arm-none-eabi/15.2.0/armv6k/fpu/crti.o
                0x00100094                _init
 .init          0x001000a0        0xc C:/devkitPro/devkitARM/bin/../lib/gcc/arm-none-eabi/15.2.0/armv6k/fpu/crtn.o
                0x001000ac                        . = ALIGN (0x4)
 *(.text)
 .text          0x001000ac      0x3c0 C:/devkitPro/devkitARM/bin/../lib/gcc/arm-none-eabi/15.2.0/armv6k/fpu\libgcc.a(_arm_addsubdf3.o)
                0x001000ac                __aeabi_drsub
                0x001000b4                __aeabi_dsub
                0x001000b4                __subdf3
                0x001000b8                __aeabi_dadd
                0x001000b8                __adddf3
                0x00100364                __floatunsidf
                0x00100364                __aeabi_ui2d
                0x00100388                __floatsidf
                0x00100388                __aeabi_i2d
                0x001003b0                __aeabi_f2d
                0x001003b0                __extendsfdf2
                0x001003f8                __floatundidf
                0x001003f8                __aeabi_ul2d
                0x0010040c                __floatdidf
                0x0010040c                __aeabi_l2d
 .text          0x0010046c        0x4 C:/devkitPro/devkitARM/bin/../lib/gcc/arm-none-eabi/15.2.0/armv6k/fpu\libgcc.a(_dvmd_tls.o)
                0x0010046c                __aeabi_idiv0
                0x0010046c                __aeabi_ldiv0
 *fill*         0x00100470       0x10 
 .text          0x00100480      0x390 C:/devkitPro/devkitARM/bin/../lib/gcc/arm-none-eabi/15.2.0/../../../../arm-none-eabi/lib/armv6k/fpu\libg.a(libc_a-strcmp.o)
                0x00100488                strcmp
 .text          0x00100810      0x20c C:/devkitPro/devkitARM/bin/../lib/gcc/arm-none-eabi/15.2.0/armv6k/fpu\libgcc.a(_udivsi3.o)
                0x00100810                __aeabi_uidiv
                0x00100810                __udivsi3
                0x001009fc                __aeabi_uidivmod
 *(.text.*)
 .text.__do_global_dtors_aux
                0x00100a1c       0x50 C:/devkitPro/devkitARM/bin/../lib/gcc/arm-none-eabi/15.2.0/armv6k/fpu/crtbegin.o
 .text.frame_dummy
                0x00100a6c       0x2c C:/devkitPro/devkitARM/bin/../lib/gcc/arm-none-eabi/15.2.0/armv6k/fpu/crtbegin.o
 .text.startup.main
                0x00100a98      0x4d0 main.o
                0x00100a98                main
 .text.AttrInfo_Init
                0x00100f68       0x28 C:/devkitPro/libctru-master/libctru/lib\libcitro3d.a(attribs.o)
                0x00100f68                AttrInfo_Init
 .text.AttrInfo_AddLoader
                0x00100f90       0x94 C:/devkitPro/libctru-master/libctru/lib\libcitro3d.a(attribs.o)
                0x00100f90                AttrInfo_AddLoader
 .text.C3D_GetAttrInfo
                0x00101024       0x20 C:/devkitPro/libctru-master/libctru/lib\libcitro3d.a(attribs.o)
                0x00101024                C3D_GetAttrInfo
 .text.C3Di_AttrInfoBind
                0x00101044       0x80 C:/devkitPro/libctru-master/libctru/lib\libcitro3d.a(attribs.o)
                0x00101044                C3Di_AttrInfoBind
 .text.C3Di_LightEnvUpdate
                0x001010c4        0x4 C:/devkitPro/libctru-master/libctru/lib\libcitro3d.a(base.o)
                0x001010c4                C3Di_LightEnvUpdate
 .text.C3Di_LightEnvDirty
                0x001010c8        0x4 C:/devkitPro/libctru-master/libctru/lib\libcitro3d.a(base.o)
                0x001010c8                C3Di_LightEnvDirty
 .text.C3Di_ProcTexUpdate
                0x001010cc        0x4 C:/devkitPro/libctru-master/libctru/lib\libcitro3d.a(base.o)
                0x001010cc                C3Di_ProcTexUpdate
 .text.C3Di_ProcTexDirty
                0x001010d0        0x4 C:/devkitPro/libctru-master/libctru/lib\libcitro3d.a(base.o)
                0x001010d0                C3Di_ProcTexDirty
 .text.C3Di_AptEventHook
                0x001010d4       0xb4 C:/devkitPro/libctru-master/libctru/lib\libcitro3d.a(base.o)
 .text.C3Di_GasUpdate
                0x00101188        0x4 C:/devkitPro/libctru-master/libctru/lib\libcitro3d.a(base.o)
                0x00101188                C3Di_GasUpdate
 .text.C3D_Init
                0x0010118c      0x1d0 C:/devkitPro/libctru-master/libctru/lib\libcitro3d.a(base.o)
                0x0010118c                C3D_Init
 .text.C3D_SetViewport
                0x0010135c       0x98 C:/devkitPro/libctru-master/libctru/lib\libcitro3d.a(base.o)
                0x0010135c                C3D_SetViewport
 .text.C3Di_UpdateContext
                0x001013f4      0x4e8 C:/devkitPro/libctru-master/libctru/lib\libcitro3d.a(base.o)
                0x001013f4                C3Di_UpdateContext
 .text.C3Di_SplitFrame
                0x001018dc       0xe0 C:/devkitPro/libctru-master/libctru/lib\libcitro3d.a(base.o)
                0x001018dc                C3Di_SplitFrame
 .text.C3D_Fini
                0x001019bc       0x44 C:/devkitPro/libctru-master/libctru/lib\libcitro3d.a(base.o)
                0x001019bc                C3D_Fini
 .text.C3D_BindProgram
                0x00101a00      0x194 C:/devkitPro/libctru-master/libctru/lib\libcitro3d.a(base.o)
                0x00101a00                C3D_BindProgram
 .text.BufInfo_Init
                0x00101b94       0x24 C:/devkitPro/libctru-master/libctru/lib\libcitro3d.a(buffers.o)
                0x00101b94                BufInfo_Init
 .text.BufInfo_Add
                0x00101bb8       0x80 C:/devkitPro/libctru-master/libctru/lib\libcitro3d.a(buffers.o)
                0x00101bb8                BufInfo_Add
 .text.C3D_GetBufInfo
                0x00101c38       0x20 C:/devkitPro/libctru-master/libctru/lib\libcitro3d.a(buffers.o)
                0x00101c38                C3D_GetBufInfo
 .text.C3Di_BufInfoBind
                0x00101c58       0x48 C:/devkitPro/libctru-master/libctru/lib\libcitro3d.a(buffers.o)
                0x00101c58                C3Di_BufInfoBind
 .text.C3D_DrawArrays
                0x00101ca0      0x148 C:/devkitPro/libctru-master/libctru/lib\libcitro3d.a(drawArrays.o)
                0x00101ca0                C3D_DrawArrays
 .text.C3D_DepthMap
                0x00101de8       0x40 C:/devkitPro/libctru-master/libctru/lib\libcitro3d.a(effect.o)
                0x00101de8                C3D_DepthMap
 .text.C3D_CullFace
                0x00101e28       0x1c C:/devkitPro/libctru-master/libctru/lib\libcitro3d.a(effect.o)
                0x00101e28                C3D_CullFace
 .text.C3D_StencilTest
                0x00101e44       0x40 C:/devkitPro/libctru-master/libctru/lib\libcitro3d.a(effect.o)
                0x00101e44                C3D_StencilTest
 .text.C3D_StencilOp
                0x00101e84       0x24 C:/devkitPro/libctru-master/libctru/lib\libcitro3d.a(effect.o)
                0x00101e84                C3D_StencilOp
 .text.C3D_BlendingColor
                0x00101ea8       0x1c C:/devkitPro/libctru-master/libctru/lib\libcitro3d.a(effect.o)
                0x00101ea8                C3D_BlendingColor
 .text.C3D_EarlyDepthTest
                0x00101ec4       0x24 C:/devkitPro/libctru-master/libctru/lib\libcitro3d.a(effect.o)
                0x00101ec4                C3D_EarlyDepthTest
 .text.C3D_DepthTest
                0x00101ee8       0x2c C:/devkitPro/libctru-master/libctru/lib\libcitro3d.a(effect.o)
                0x00101ee8                C3D_DepthTest
 .text.C3D_AlphaTest
                0x00101f14       0x2c C:/devkitPro/libctru-master/libctru/lib\libcitro3d.a(effect.o)
                0x00101f14                C3D_AlphaTest
 .text.C3D_AlphaBlend
                0x00101f40       0x50 C:/devkitPro/libctru-master/libctru/lib\libcitro3d.a(effect.o)
                0x00101f40                C3D_AlphaBlend
 .text.C3D_FragOpMode
                0x00101f90       0x30 C:/devkitPro/libctru-master/libctru/lib\libcitro3d.a(effect.o)
                0x00101f90                C3D_FragOpMode
 .text.C3D_FragOpShadow
                0x00101fc0       0x44 C:/devkitPro/libctru-master/libctru/lib\libcitro3d.a(effect.o)
                0x00101fc0                C3D_FragOpShadow
 .text.C3Di_EffectBind
                0x00102004      0x1ac C:/devkitPro/libctru-master/libctru/lib\libcitro3d.a(effect.o)
                0x00102004                C3Di_EffectBind
 .text.C3D_CalcColorBufSize
                0x001021b0       0x1c C:/devkitPro/libctru-master/libctru/lib\libcitro3d.a(framebuffer.o)
                0x001021b0                C3D_CalcColorBufSize
 .text.C3D_CalcDepthBufSize
                0x001021cc       0x1c C:/devkitPro/libctru-master/libctru/lib\libcitro3d.a(framebuffer.o)
                0x001021cc                C3D_CalcDepthBufSize
 .text.C3D_SetFrameBuf
                0x001021e8       0x44 C:/devkitPro/libctru-master/libctru/lib\libcitro3d.a(framebuffer.o)
                0x001021e8                C3D_SetFrameBuf
 .text.C3Di_FrameBufBind
                0x0010222c      0x16c C:/devkitPro/libctru-master/libctru/lib\libcitro3d.a(framebuffer.o)
                0x0010222c                C3Di_FrameBufBind
 .text.C3D_FrameBufClear
                0x00102398       0xc8 C:/devkitPro/libctru-master/libctru/lib\libcitro3d.a(framebuffer.o)
                0x00102398                C3D_FrameBufClear
 .text.C3D_FrameBufTransfer
                0x00102460       0x44 C:/devkitPro/libctru-master/libctru/lib\libcitro3d.a(framebuffer.o)
                0x00102460                C3D_FrameBufTransfer
 .text.C3D_ImmSendAttrib
                0x001024a4       0xa8 C:/devkitPro/libctru-master/libctru/lib\libcitro3d.a(immediate.o)
                0x001024a4                C3D_ImmSendAttrib
 .text.onVBlank0
                0x0010254c       0x4c C:/devkitPro/libctru-master/libctru/lib\libcitro3d.a(renderqueue.o)
 .text.onVBlank1
                0x00102598       0x4c C:/devkitPro/libctru-master/libctru/lib\libcitro3d.a(renderqueue.o)
 .text.C3Di_RenderTargetDestroy
                0x001025e4       0x80 C:/devkitPro/libctru-master/libctru/lib\libcitro3d.a(renderqueue.o)
 .text.onQueueFinish
                0x00102664       0xf4 C:/devkitPro/libctru-master/libctru/lib\libcitro3d.a(renderqueue.o)
 .text.C3Di_RenderQueueEnableVBlank
                0x00102758       0x38 C:/devkitPro/libctru-master/libctru/lib\libcitro3d.a(renderqueue.o)
                0x00102758                C3Di_RenderQueueEnableVBlank
 .text.C3Di_RenderQueueDisableVBlank
                0x00102790       0x30 C:/devkitPro/libctru-master/libctru/lib\libcitro3d.a(renderqueue.o)
                0x00102790                C3Di_RenderQueueDisableVBlank
 .text.C3Di_RenderQueueInit
                0x001027c0       0x60 C:/devkitPro/libctru-master/libctru/lib\libcitro3d.a(renderqueue.o)
                0x001027c0                C3Di_RenderQueueInit
 .text.C3Di_RenderQueueExit
                0x00102820       0xb4 C:/devkitPro/libctru-master/libctru/lib\libcitro3d.a(renderqueue.o)
                0x00102820                C3Di_RenderQueueExit
 .text.C3Di_RenderQueueWaitDone
                0x001028d4       0x34 C:/devkitPro/libctru-master/libctru/lib\libcitro3d.a(renderqueue.o)
                0x001028d4                C3Di_RenderQueueWaitDone
 .text.C3D_FrameBegin
                0x00102908       0xe8 C:/devkitPro/libctru-master/libctru/lib\libcitro3d.a(renderqueue.o)
                0x00102908                C3D_FrameBegin
 .text.C3D_FrameDrawOn
                0x001029f0       0x48 C:/devkitPro/libctru-master/libctru/lib\libcitro3d.a(renderqueue.o)
                0x001029f0                C3D_FrameDrawOn
 .text.C3D_FrameEnd
                0x00102a38      0x1d0 C:/devkitPro/libctru-master/libctru/lib\libcitro3d.a(renderqueue.o)
                0x00102a38                C3D_FrameEnd
 .text.C3D_RenderTargetCreate
                0x00102c08      0x170 C:/devkitPro/libctru-master/libctru/lib\libcitro3d.a(renderqueue.o)
                0x00102c08                C3D_RenderTargetCreate
 .text.C3D_RenderTargetSetOutput
                0x00102d78       0xa8 C:/devkitPro/libctru-master/libctru/lib\libcitro3d.a(renderqueue.o)
                0x00102d78                C3D_RenderTargetSetOutput
 .text.C3D_SyncTextureCopy
                0x00102e20       0xfc C:/devkitPro/libctru-master/libctru/lib\libcitro3d.a(renderqueue.o)
                0x00102e20                C3D_SyncTextureCopy
 .text.Tex3DSi_ImportCommon
                0x00102f1c      0x3d8 C:/devkitPro/libctru-master/libctru/lib\libcitro3d.a(tex3ds.o)
 .text.Tex3DS_TextureImport
                0x001032f4       0x34 C:/devkitPro/libctru-master/libctru/lib\libcitro3d.a(tex3ds.o)
                0x001032f4                Tex3DS_TextureImport
 .text.Tex3DS_TextureFree
                0x00103328        0x4 C:/devkitPro/libctru-master/libctru/lib\libcitro3d.a(tex3ds.o)
                0x00103328                Tex3DS_TextureFree
 .text.C3D_GetTexEnv
                0x0010332c       0x34 C:/devkitPro/libctru-master/libctru/lib\libcitro3d.a(texenv.o)
                0x0010332c                C3D_GetTexEnv
 .text.C3Di_TexEnvBind
                0x00103360       0x24 C:/devkitPro/libctru-master/libctru/lib\libcitro3d.a(texenv.o)
                0x00103360                C3Di_TexEnvBind
 .text.C3D_TexInitWithParams
                0x00103384      0x290 C:/devkitPro/libctru-master/libctru/lib\libcitro3d.a(texture.o)
                0x00103384                C3D_TexInitWithParams
 .text.C3D_TexLoadImage
                0x00103614       0xc8 C:/devkitPro/libctru-master/libctru/lib\libcitro3d.a(texture.o)
                0x00103614                C3D_TexLoadImage
 .text.C3D_TexBind
                0x001036dc       0x44 C:/devkitPro/libctru-master/libctru/lib\libcitro3d.a(texture.o)
                0x001036dc                C3D_TexBind
 .text.C3D_TexDelete
                0x00103720       0x74 C:/devkitPro/libctru-master/libctru/lib\libcitro3d.a(texture.o)
                0x00103720                C3D_TexDelete
 .text.C3Di_SetTex
                0x00103794      0x14c C:/devkitPro/libctru-master/libctru/lib\libcitro3d.a(texture.o)
                0x00103794                C3Di_SetTex
 .text.C3D_UpdateUniforms
                0x001038e0      0x290 C:/devkitPro/libctru-master/libctru/lib\libcitro3d.a(uniforms.o)
                0x001038e0                C3D_UpdateUniforms
 .text.C3Di_DirtyUniforms
                0x00103b70       0xc0 C:/devkitPro/libctru-master/libctru/lib\libcitro3d.a(uniforms.o)
                0x00103b70                C3Di_DirtyUniforms
 .text.C3Di_LoadShaderUniforms
                0x00103c30       0xd8 C:/devkitPro/libctru-master/libctru/lib\libcitro3d.a(uniforms.o)
                0x00103c30                C3Di_LoadShaderUniforms
 .text.C3Di_ClearShaderUniforms
                0x00103d08       0x28 C:/devkitPro/libctru-master/libctru/lib\libcitro3d.a(uniforms.o)
                0x00103d08                C3Di_ClearShaderUniforms
 .text.Mtx_PerspTilt
                0x00103d30       0x94 C:/devkitPro/libctru-master/libctru/lib\libcitro3d.a(mtx_persptilt.o)
                0x00103d30                Mtx_PerspTilt
 .text.Mtx_RotateX
                0x00103dc4       0xa4 C:/devkitPro/libctru-master/libctru/lib\libcitro3d.a(mtx_rotatex.o)
                0x00103dc4                Mtx_RotateX
 .text.Mtx_RotateY
                0x00103e68       0xa0 C:/devkitPro/libctru-master/libctru/lib\libcitro3d.a(mtx_rotatey.o)
                0x00103e68                Mtx_RotateY
 .text.Mtx_Translate
                0x00103f08       0xa4 C:/devkitPro/libctru-master/libctru/lib\libcitro3d.a(mtx_translate.o)
                0x00103f08                Mtx_Translate
 .text._ZL21addrMapNodeComparatorPK11rbtree_nodeS1_
                0x00103fac       0x24 C:/devkitPro/libctru-master/libctru/lib\libctru.a(linear.o)
 .text._ZL21addrMapNodeDestructorP11rbtree_node
                0x00103fd0        0x4 C:/devkitPro/libctru-master/libctru/lib\libctru.a(linear.o)
 .text.linearMemAlign
                0x00103fd4      0x12c C:/devkitPro/libctru-master/libctru/lib\libctru.a(linear.o)
                0x00103fd4                linearMemAlign
 .text.linearAlloc
                0x00104100        0x8 C:/devkitPro/libctru-master/libctru/lib\libctru.a(linear.o)
                0x00104100                linearAlloc
 .text.linearFree
                0x00104108       0x5c C:/devkitPro/libctru-master/libctru/lib\libctru.a(linear.o)
                0x00104108                linearFree
 .text._ZN7MemPool13CoalesceRightEP8MemBlock
                0x00104164       0x88 C:/devkitPro/libctru-master/libctru/lib\libctru.a(mem_pool.o)
                0x00104164                _ZN7MemPool13CoalesceRightEP8MemBlock
 .text._ZN7MemPool8AllocateER8MemChunkmi
                0x001041ec      0x178 C:/devkitPro/libctru-master/libctru/lib\libctru.a(mem_pool.o)
                0x001041ec                _ZN7MemPool8AllocateER8MemChunkmi
 .text._ZN7MemPool10DeallocateERK8MemChunk
                0x00104364      0x118 C:/devkitPro/libctru-master/libctru/lib\libctru.a(mem_pool.o)
                0x00104364                _ZN7MemPool10DeallocateERK8MemChunk
 .text._ZN7MemPool12GetFreeSpaceEv
                0x0010447c       0x30 C:/devkitPro/libctru-master/libctru/lib\libctru.a(mem_pool.o)
                0x0010447c                _ZN7MemPool12GetFreeSpaceEv
 .text._ZL21addrMapNodeComparatorPK11rbtree_nodeS1_
                0x001044ac       0x24 C:/devkitPro/libctru-master/libctru/lib\libctru.a(vram.o)
 .text._ZL21addrMapNodeDestructorP11rbtree_node
                0x001044d0        0x4 C:/devkitPro/libctru-master/libctru/lib\libctru.a(vram.o)
 .text.vramMemAlignAt
                0x001044d4      0x248 C:/devkitPro/libctru-master/libctru/lib\libctru.a(vram.o)
                0x001044d4                vramMemAlignAt
 .text.vramAlloc
                0x0010471c        0xc C:/devkitPro/libctru-master/libctru/lib\libctru.a(vram.o)
                0x0010471c                vramAlloc
 .text.vramAllocAt
                0x00104728        0xc C:/devkitPro/libctru-master/libctru/lib\libctru.a(vram.o)
                0x00104728                vramAllocAt
 .text.vramFree
                0x00104734       0x94 C:/devkitPro/libctru-master/libctru/lib\libctru.a(vram.o)
                0x00104734                vramFree
 .text.gfxPresentFramebuffer
                0x001047c8       0xcc C:/devkitPro/libctru-master/libctru/lib\libctru.a(gfx.o)
 .text.gfxSetScreenFormat
                0x00104894       0xf8 C:/devkitPro/libctru-master/libctru/lib\libctru.a(gfx.o)
                0x00104894                gfxSetScreenFormat
 .text.gfxInit  0x0010498c       0xd8 C:/devkitPro/libctru-master/libctru/lib\libctru.a(gfx.o)
                0x0010498c                gfxInit
 .text.gfxInitDefault
                0x00104a64       0x10 C:/devkitPro/libctru-master/libctru/lib\libctru.a(gfx.o)
                0x00104a64                gfxInitDefault
 .text.gfxExit  0x00104a74       0xb8 C:/devkitPro/libctru-master/libctru/lib\libctru.a(gfx.o)
                0x00104a74                gfxExit
 .text.gfxGetFramebuffer
                0x00104b2c       0xa0 C:/devkitPro/libctru-master/libctru/lib\libctru.a(gfx.o)
                0x00104b2c                gfxGetFramebuffer
 .text.gfxScreenSwapBuffers
                0x00104bcc       0x28 C:/devkitPro/libctru-master/libctru/lib\libctru.a(gfx.o)
                0x00104bcc                gfxScreenSwapBuffers
 .text.osConvertVirtToPhys
                0x00104bf4       0x74 C:/devkitPro/libctru-master/libctru/lib\libctru.a(os.o)
                0x00104bf4                osConvertVirtToPhys
 .text.__ctru_speedup_config
                0x00104c68       0x34 C:/devkitPro/libctru-master/libctru/lib\libctru.a(os.o)
                0x00104c68                __ctru_speedup_config
 .text.GPUCMD_Add
                0x00104c9c      0x13c C:/devkitPro/libctru-master/libctru/lib\libctru.a(gpu.o)
                0x00104c9c                GPUCMD_Add
 .text.GPUCMD_Split
                0x00104dd8       0xb0 C:/devkitPro/libctru-master/libctru/lib\libctru.a(gpu.o)
                0x00104dd8                GPUCMD_Split
 .text.f32tof16
                0x00104e88       0x34 C:/devkitPro/libctru-master/libctru/lib\libctru.a(gpu.o)
                0x00104e88                f32tof16
 .text.f32tof24
                0x00104ebc       0x34 C:/devkitPro/libctru-master/libctru/lib\libctru.a(gpu.o)
                0x00104ebc                f32tof24
 .text.f32tof31
                0x00104ef0       0x38 C:/devkitPro/libctru-master/libctru/lib\libctru.a(gpu.o)
                0x00104ef0                f32tof31
 .text.GX_BindQueue
                0x00104f28       0x10 C:/devkitPro/libctru-master/libctru/lib\libctru.a(gx.o)
                0x00104f28                GX_BindQueue
 .text.GX_ProcessCommandList
                0x00104f38       0x7c C:/devkitPro/libctru-master/libctru/lib\libctru.a(gx.o)
                0x00104f38                GX_ProcessCommandList
 .text.GX_MemoryFill
                0x00104fb4       0x74 C:/devkitPro/libctru-master/libctru/lib\libctru.a(gx.o)
                0x00104fb4                GX_MemoryFill
 .text.GX_DisplayTransfer
                0x00105028       0x74 C:/devkitPro/libctru-master/libctru/lib\libctru.a(gx.o)
                0x00105028                GX_DisplayTransfer
 .text.GX_TextureCopy
                0x0010509c       0x78 C:/devkitPro/libctru-master/libctru/lib\libctru.a(gx.o)
                0x0010509c                GX_TextureCopy
 .text.gxCmdQueueDoCommands.part.0
                0x00105114       0x64 C:/devkitPro/libctru-master/libctru/lib\libctru.a(gxqueue.o)
 .text.gxCmdQueueInterrupt
                0x00105178       0xe4 C:/devkitPro/libctru-master/libctru/lib\libctru.a(gxqueue.o)
                0x00105178                gxCmdQueueInterrupt
 .text.gxCmdQueueClear
                0x0010525c       0x68 C:/devkitPro/libctru-master/libctru/lib\libctru.a(gxqueue.o)
                0x0010525c                gxCmdQueueClear
 .text.gxCmdQueueAdd
                0x001052c4      0x108 C:/devkitPro/libctru-master/libctru/lib\libctru.a(gxqueue.o)
                0x001052c4                gxCmdQueueAdd
 .text.gxCmdQueueRun
                0x001053cc       0x80 C:/devkitPro/libctru-master/libctru/lib\libctru.a(gxqueue.o)
                0x001053cc                gxCmdQueueRun
 .text.gxCmdQueueStop
                0x0010544c       0x64 C:/devkitPro/libctru-master/libctru/lib\libctru.a(gxqueue.o)
                0x0010544c                gxCmdQueueStop
 .text.gxCmdQueueWait
                0x001054b0       0xac C:/devkitPro/libctru-master/libctru/lib\libctru.a(gxqueue.o)
                0x001054b0                gxCmdQueueWait
 .text.shaderInstanceInit
                0x0010555c      0x1e0 C:/devkitPro/libctru-master/libctru/lib\libctru.a(shaderProgram.o)
                0x0010555c                shaderInstanceInit
 .text.shaderInstanceGetUniformLocation
                0x0010573c       0x18 C:/devkitPro/libctru-master/libctru/lib\libctru.a(shaderProgram.o)
                0x0010573c                shaderInstanceGetUniformLocation
 .text.shaderProgramInit
                0x00105754       0x1c C:/devkitPro/libctru-master/libctru/lib\libctru.a(shaderProgram.o)
                0x00105754                shaderProgramInit
 .text.shaderProgramFree
                0x00105770       0x74 C:/devkitPro/libctru-master/libctru/lib\libctru.a(shaderProgram.o)
                0x00105770                shaderProgramFree
 .text.shaderProgramSetVsh
                0x001057e4       0x94 C:/devkitPro/libctru-master/libctru/lib\libctru.a(shaderProgram.o)
                0x001057e4                shaderProgramSetVsh
 .text.shaderProgramConfigure
                0x00105878      0x8d0 C:/devkitPro/libctru-master/libctru/lib\libctru.a(shaderProgram.o)
                0x00105878                shaderProgramConfigure
 .text.DVLE_GenerateOutmap.part.0
                0x00106148      0x1dc C:/devkitPro/libctru-master/libctru/lib\libctru.a(shbin.o)
 .text.DVLB_ParseFile
                0x00106324      0x1ac C:/devkitPro/libctru-master/libctru/lib\libctru.a(shbin.o)
                0x00106324                DVLB_ParseFile
 .text.DVLB_Free
                0x001064d0       0x50 C:/devkitPro/libctru-master/libctru/lib\libctru.a(shbin.o)
                0x001064d0                DVLB_Free
 .text.DVLE_GetUniformRegister
                0x00106520       0x74 C:/devkitPro/libctru-master/libctru/lib\libctru.a(shbin.o)
                0x00106520                DVLE_GetUniformRegister
 .text.aptConvertScreenForCapture
                0x00106594      0x180 C:/devkitPro/libctru-master/libctru/lib\libctru.a(apt.o)
 .text.aptDspSleep
                0x00106714        0x8 C:/devkitPro/libctru-master/libctru/lib\libctru.a(apt.o)
                0x00106714                aptDspSleep
 .text.aptDspWakeup
                0x0010671c        0x4 C:/devkitPro/libctru-master/libctru/lib\libctru.a(apt.o)
                0x0010671c                aptDspWakeup
 .text.aptDspCancel
                0x00106720        0x4 C:/devkitPro/libctru-master/libctru/lib\libctru.a(apt.o)
                0x00106720                aptDspCancel
 .text.aptSendCommand
                0x00106724      0x138 C:/devkitPro/libctru-master/libctru/lib\libctru.a(apt.o)
                0x00106724                aptSendCommand
 *fill*         0x0010685c        0x4 
 .text.aptExitProcess
                0x00106860       0x44 C:/devkitPro/libctru-master/libctru/lib\libctru.a(apt.o)
 .text.aptExit  0x001068a4      0x394 C:/devkitPro/libctru-master/libctru/lib\libctru.a(apt.o)
                0x001068a4                aptExit
 .text.aptHandleSleep
                0x00106c38       0xd8 C:/devkitPro/libctru-master/libctru/lib\libctru.a(apt.o)
                0x00106c38                aptHandleSleep
 .text.aptHook  0x00106d10       0x34 C:/devkitPro/libctru-master/libctru/lib\libctru.a(apt.o)
                0x00106d10                aptHook
 .text.aptUnhook
                0x00106d44       0x30 C:/devkitPro/libctru-master/libctru/lib\libctru.a(apt.o)
                0x00106d44                aptUnhook
 .text.APT_SleepIfShellClosed
                0x00106d74       0x84 C:/devkitPro/libctru-master/libctru/lib\libctru.a(apt.o)
                0x00106d74                APT_SleepIfShellClosed
 .text.aptSetSleepAllowed
                0x00106df8       0x78 C:/devkitPro/libctru-master/libctru/lib\libctru.a(apt.o)
                0x00106df8                aptSetSleepAllowed
 .text.APT_UnlockTransition
                0x00106e70       0x84 C:/devkitPro/libctru-master/libctru/lib\libctru.a(apt.o)
                0x00106e70                APT_UnlockTransition
 *fill*         0x00106ef4        0x4 
 .text.aptEventHandler
                0x00106ef8      0x470 C:/devkitPro/libctru-master/libctru/lib\libctru.a(apt.o)
 .text.APT_ReceiveParameter
                0x00107368       0xbc C:/devkitPro/libctru-master/libctru/lib\libctru.a(apt.o)
                0x00107368                APT_ReceiveParameter
 .text.aptReceiveParameter.constprop.0
                0x00107424       0xb0 C:/devkitPro/libctru-master/libctru/lib\libctru.a(apt.o)
 *fill*         0x001074d4        0x4 
 .text.aptScreenTransfer
                0x001074d8      0x294 C:/devkitPro/libctru-master/libctru/lib\libctru.a(apt.o)
 .text.aptWaitForWakeUp.isra.0
                0x0010776c      0x2d0 C:/devkitPro/libctru-master/libctru/lib\libctru.a(apt.o)
 .text.aptJumpToHomeMenu
                0x00107a3c       0xf4 C:/devkitPro/libctru-master/libctru/lib\libctru.a(apt.o)
                0x00107a3c                aptJumpToHomeMenu
 .text.aptMainLoop
                0x00107b30       0x58 C:/devkitPro/libctru-master/libctru/lib\libctru.a(apt.o)
                0x00107b30                aptMainLoop
 .text.aptInit  0x00107b88      0x240 C:/devkitPro/libctru-master/libctru/lib\libctru.a(apt.o)
                0x00107b88                aptInit
 .text.APT_CheckNew3DS
                0x00107dc8       0x90 C:/devkitPro/libctru-master/libctru/lib\libctru.a(apt.o)
                0x00107dc8                APT_CheckNew3DS
 .text.gspHardwareInit
                0x00107e58      0xc70 C:/devkitPro/libctru-master/libctru/lib\libctru.a(gspgpu.o)
 .text.gspInit  0x00108ac8      0x288 C:/devkitPro/libctru-master/libctru/lib\libctru.a(gspgpu.o)
                0x00108ac8                gspInit
 .text.gspExit  0x00108d50      0x104 C:/devkitPro/libctru-master/libctru/lib\libctru.a(gspgpu.o)
                0x00108d50                gspExit
 .text.gspHasGpuRight
                0x00108e54       0x10 C:/devkitPro/libctru-master/libctru/lib\libctru.a(gspgpu.o)
                0x00108e54                gspHasGpuRight
 .text.gspPresentBuffer
                0x00108e64       0xa4 C:/devkitPro/libctru-master/libctru/lib\libctru.a(gspgpu.o)
                0x00108e64                gspPresentBuffer
 .text.gspSetEventCallback
                0x00108f08       0x30 C:/devkitPro/libctru-master/libctru/lib\libctru.a(gspgpu.o)
                0x00108f08                gspSetEventCallback
 .text.gspWaitForEvent
                0x00108f38       0x50 C:/devkitPro/libctru-master/libctru/lib\libctru.a(gspgpu.o)
                0x00108f38                gspWaitForEvent
 .text.gspWaitForAnyEvent
                0x00108f88       0x4c C:/devkitPro/libctru-master/libctru/lib\libctru.a(gspgpu.o)
                0x00108f88                gspWaitForAnyEvent
 .text.gspEventThreadMain
                0x00108fd4      0x154 C:/devkitPro/libctru-master/libctru/lib\libctru.a(gspgpu.o)
 .text.gspSubmitGxCommand
                0x00109128      0x12c C:/devkitPro/libctru-master/libctru/lib\libctru.a(gspgpu.o)
                0x00109128                gspSubmitGxCommand
 .text.GSPGPU_FlushDataCache
                0x00109254       0x50 C:/devkitPro/libctru-master/libctru/lib\libctru.a(gspgpu.o)
                0x00109254                GSPGPU_FlushDataCache
 .text.GSPGPU_SetLcdForceBlack
                0x001092a4       0x34 C:/devkitPro/libctru-master/libctru/lib\libctru.a(gspgpu.o)
                0x001092a4                GSPGPU_SetLcdForceBlack
 .text.GSPGPU_AcquireRight
                0x001092d8       0x84 C:/devkitPro/libctru-master/libctru/lib\libctru.a(gspgpu.o)
                0x001092d8                GSPGPU_AcquireRight
 .text.GSPGPU_ReleaseRight
                0x0010935c       0x64 C:/devkitPro/libctru-master/libctru/lib\libctru.a(gspgpu.o)
                0x0010935c                GSPGPU_ReleaseRight
 .text.GSPGPU_ImportDisplayCaptureInfo
                0x001093c0       0x7c C:/devkitPro/libctru-master/libctru/lib\libctru.a(gspgpu.o)
                0x001093c0                GSPGPU_ImportDisplayCaptureInfo
 .text.GSPGPU_SaveVramSysArea
                0x0010943c       0x2c C:/devkitPro/libctru-master/libctru/lib\libctru.a(gspgpu.o)
                0x0010943c                GSPGPU_SaveVramSysArea
 .text.GSPGPU_RestoreVramSysArea
                0x00109468       0x2c C:/devkitPro/libctru-master/libctru/lib\libctru.a(gspgpu.o)
                0x00109468                GSPGPU_RestoreVramSysArea
 .text.hidShouldUseIrrst
                0x00109494       0x24 C:/devkitPro/libctru-master/libctru/lib\libctru.a(hid.o)
                0x00109494                hidShouldUseIrrst
 .text.hidInit  0x001094b8      0x1cc C:/devkitPro/libctru-master/libctru/lib\libctru.a(hid.o)
                0x001094b8                hidInit
 .text.hidExit  0x00109684       0xe8 C:/devkitPro/libctru-master/libctru/lib\libctru.a(hid.o)
                0x00109684                hidExit
 .text.hidScanInput
                0x0010976c      0x2a0 C:/devkitPro/libctru-master/libctru/lib\libctru.a(hid.o)
                0x0010976c                hidScanInput
 .text.hidKeysDown
                0x00109a0c       0x10 C:/devkitPro/libctru-master/libctru/lib\libctru.a(hid.o)
                0x00109a0c                hidKeysDown
 .text.irrstInit
                0x00109a1c      0x1a4 C:/devkitPro/libctru-master/libctru/lib\libctru.a(irrst.o)
                0x00109a1c                irrstInit
 .text.irrstExit
                0x00109bc0       0xdc C:/devkitPro/libctru-master/libctru/lib\libctru.a(irrst.o)
                0x00109bc0                irrstExit
 .text.irrstScanInput
                0x00109c9c       0xb4 C:/devkitPro/libctru-master/libctru/lib\libctru.a(irrst.o)
                0x00109c9c                irrstScanInput
 .text.irrstKeysHeld
                0x00109d50       0x24 C:/devkitPro/libctru-master/libctru/lib\libctru.a(irrst.o)
                0x00109d50                irrstKeysHeld
 .text.ptmSysmInit
                0x00109d74       0x78 C:/devkitPro/libctru-master/libctru/lib\libctru.a(ptmsysm.o)
                0x00109d74                ptmSysmInit
 .text.ptmSysmExit
                0x00109dec       0x3c C:/devkitPro/libctru-master/libctru/lib\libctru.a(ptmsysm.o)
                0x00109dec                ptmSysmExit
 .text.PTMSYSM_ConfigureNew3DSCPU
                0x00109e28       0x34 C:/devkitPro/libctru-master/libctru/lib\libctru.a(ptmsysm.o)
                0x00109e28                PTMSYSM_ConfigureNew3DSCPU
 .text.buffer_read
                0x00109e5c       0xe0 C:/devkitPro/libctru-master/libctru/lib\libctru.a(decompress.o)
 .text.iov_read
                0x00109f3c       0xcc C:/devkitPro/libctru-master/libctru/lib\libctru.a(decompress.o)
 .text.iov_memmove
                0x0010a008      0x164 C:/devkitPro/libctru-master/libctru/lib\libctru.a(decompress.o)
 .text.decompress_rle
                0x0010a16c      0x1e0 C:/devkitPro/libctru-master/libctru/lib\libctru.a(decompress.o)
 .text.decompress_lzss
                0x0010a34c      0x264 C:/devkitPro/libctru-master/libctru/lib\libctru.a(decompress.o)
 .text.decompress_lz11
                0x0010a5b0      0x418 C:/devkitPro/libctru-master/libctru/lib\libctru.a(decompress.o)
 .text.decompress_huff.isra.0
                0x0010a9c8      0x33c C:/devkitPro/libctru-master/libctru/lib\libctru.a(decompress.o)
 .text.decompressHeader
                0x0010ad04       0xe4 C:/devkitPro/libctru-master/libctru/lib\libctru.a(decompress.o)
                0x0010ad04                decompressHeader
 .text.decompressV
                0x0010ade8      0x21c C:/devkitPro/libctru-master/libctru/lib\libctru.a(decompress.o)
                0x0010ade8                decompressV
 .text.rbtree_find
                0x0010b004       0x74 C:/devkitPro/libctru-master/libctru/lib\libctru.a(rbtree_find.o)
                0x0010b004                rbtree_find
 .text.rbtree_init
                0x0010b078       0x10 C:/devkitPro/libctru-master/libctru/lib\libctru.a(rbtree_init.o)
                0x0010b078                rbtree_init
 .text.do_insert
                0x0010b088      0x198 C:/devkitPro/libctru-master/libctru/lib\libctru.a(rbtree_insert.o)
 .text.rbtree_insert
                0x0010b220        0x8 C:/devkitPro/libctru-master/libctru/lib\libctru.a(rbtree_insert.o)
                0x0010b220                rbtree_insert
 .text.rbtree_remove
                0x0010b228      0x310 C:/devkitPro/libctru-master/libctru/lib\libctru.a(rbtree_remove.o)
                0x0010b228                rbtree_remove
 .text.rbtree_rotate
                0x0010b538       0x90 C:/devkitPro/libctru-master/libctru/lib\libctru.a(rbtree_rotate.o)
                0x0010b538                rbtree_rotate
 .text.__system_allocateHeaps
                0x0010b5c8      0x1e8 C:/devkitPro/libctru-master/libctru/lib\libctru.a(allocateHeaps.o)
                0x0010b5c8                __system_allocateHeaps
 .text.__libctru_init
                0x0010b7b0       0x38 C:/devkitPro/libctru-master/libctru/lib\libctru.a(ctru_init.o)
                0x0010b7b0                __libctru_init
 .text.__system_initArgv
                0x0010b7e8      0x16c C:/devkitPro/libctru-master/libctru/lib\libctru.a(initArgv.o)
                0x0010b7e8                __system_initArgv
 .text.__syscall_getreent
                0x0010b954       0x30 C:/devkitPro/libctru-master/libctru/lib\libctru.a(syscalls.o)
                0x0010b954                __syscall_getreent
 .text.__syscall_lock_acquire_recursive
                0x0010b984        0x4 C:/devkitPro/libctru-master/libctru/lib\libctru.a(syscalls.o)
                0x0010b984                __syscall_lock_acquire_recursive
 .text.__syscall_lock_release_recursive
                0x0010b988        0x4 C:/devkitPro/libctru-master/libctru/lib\libctru.a(syscalls.o)
                0x0010b988                __syscall_lock_release_recursive
 .text.__syscall_exit
                0x0010b98c        0x4 C:/devkitPro/libctru-master/libctru/lib\libctru.a(syscalls.o)
                0x0010b98c                __syscall_exit
 .text.initThreadVars
                0x0010b990       0x54 C:/devkitPro/libctru-master/libctru/lib\libctru.a(syscalls.o)
                0x0010b990                initThreadVars
 .text.__system_initSyscalls
                0x0010b9e4       0x80 C:/devkitPro/libctru-master/libctru/lib\libctru.a(syscalls.o)
                0x0010b9e4                __system_initSyscalls
 .text.svcControlMemory
                0x0010ba64       0x20 C:/devkitPro/libctru-master/libctru/lib\libctru.a(svc.o)
                0x0010ba64                svcControlMemory
 .text.svcQueryMemory
                0x0010ba84       0x30 C:/devkitPro/libctru-master/libctru/lib\libctru.a(svc.o)
                0x0010ba84                svcQueryMemory
 .text.svcExitProcess
                0x0010bab4        0x8 C:/devkitPro/libctru-master/libctru/lib\libctru.a(svc.o)
                0x0010bab4                svcExitProcess
 .text.svcCreateThread
                0x0010babc       0x20 C:/devkitPro/libctru-master/libctru/lib\libctru.a(svc.o)
                0x0010babc                svcCreateThread
 .text.svcExitThread
                0x0010badc        0x8 C:/devkitPro/libctru-master/libctru/lib\libctru.a(svc.o)
                0x0010badc                svcExitThread
 .text.svcSleepThread
                0x0010bae4        0x8 C:/devkitPro/libctru-master/libctru/lib\libctru.a(svc.o)
                0x0010bae4                svcSleepThread
 .text.svcReleaseMutex
                0x0010baec        0x8 C:/devkitPro/libctru-master/libctru/lib\libctru.a(svc.o)
                0x0010baec                svcReleaseMutex
 .text.svcCreateEvent
                0x0010baf4       0x14 C:/devkitPro/libctru-master/libctru/lib\libctru.a(svc.o)
                0x0010baf4                svcCreateEvent
 .text.svcSignalEvent
                0x0010bb08        0x8 C:/devkitPro/libctru-master/libctru/lib\libctru.a(svc.o)
                0x0010bb08                svcSignalEvent
 .text.svcClearEvent
                0x0010bb10        0x8 C:/devkitPro/libctru-master/libctru/lib\libctru.a(svc.o)
                0x0010bb10                svcClearEvent
 .text.svcMapMemoryBlock
                0x0010bb18        0x8 C:/devkitPro/libctru-master/libctru/lib\libctru.a(svc.o)
                0x0010bb18                svcMapMemoryBlock
 .text.svcUnmapMemoryBlock
                0x0010bb20        0x8 C:/devkitPro/libctru-master/libctru/lib\libctru.a(svc.o)
                0x0010bb20                svcUnmapMemoryBlock
 .text.svcCreateAddressArbiter
                0x0010bb28       0x14 C:/devkitPro/libctru-master/libctru/lib\libctru.a(svc.o)
                0x0010bb28                svcCreateAddressArbiter
 .text.svcArbitrateAddressNoTimeout
                0x0010bb3c        0x8 C:/devkitPro/libctru-master/libctru/lib\libctru.a(svc.o)
                0x0010bb3c                svcArbitrateAddressNoTimeout
 .text.svcCloseHandle
                0x0010bb44        0x8 C:/devkitPro/libctru-master/libctru/lib\libctru.a(svc.o)
                0x0010bb44                svcCloseHandle
 .text.svcWaitSynchronization
                0x0010bb4c        0x8 C:/devkitPro/libctru-master/libctru/lib\libctru.a(svc.o)
                0x0010bb4c                svcWaitSynchronization
 .text.svcWaitSynchronizationN
                0x0010bb54       0x28 C:/devkitPro/libctru-master/libctru/lib\libctru.a(svc.o)
                0x0010bb54                svcWaitSynchronizationN
 .text.svcDuplicateHandle
                0x0010bb7c       0x14 C:/devkitPro/libctru-master/libctru/lib\libctru.a(svc.o)
                0x0010bb7c                svcDuplicateHandle
 .text.svcGetSystemTick
                0x0010bb90        0x8 C:/devkitPro/libctru-master/libctru/lib\libctru.a(svc.o)
                0x0010bb90                svcGetSystemTick
 .text.svcConnectToPort
                0x0010bb98       0x14 C:/devkitPro/libctru-master/libctru/lib\libctru.a(svc.o)
                0x0010bb98                svcConnectToPort
 .text.svcSendSyncRequest
                0x0010bbac        0x8 C:/devkitPro/libctru-master/libctru/lib\libctru.a(svc.o)
                0x0010bbac                svcSendSyncRequest
 .text.svcGetResourceLimit
                0x0010bbb4       0x14 C:/devkitPro/libctru-master/libctru/lib\libctru.a(svc.o)
                0x0010bbb4                svcGetResourceLimit
 .text.svcGetResourceLimitLimitValues
                0x0010bbc8        0x8 C:/devkitPro/libctru-master/libctru/lib\libctru.a(svc.o)
                0x0010bbc8                svcGetResourceLimitLimitValues
 .text.svcGetResourceLimitCurrentValues
                0x0010bbd0        0x8 C:/devkitPro/libctru-master/libctru/lib\libctru.a(svc.o)
                0x0010bbd0                svcGetResourceLimitCurrentValues
 .text.svcBreak
                0x0010bbd8        0x8 C:/devkitPro/libctru-master/libctru/lib\libctru.a(svc.o)
                0x0010bbd8                svcBreak
 .text.initSystem
                0x0010bbe0       0x50 C:/devkitPro/libctru-master/libctru/lib\libctru.a(stack_adjust.o)
                0x0010bbe0                initSystem
 .text.__ctru_exit
                0x0010bc30       0x14 C:/devkitPro/libctru-master/libctru/lib\libctru.a(stack_adjust.o)
                0x0010bc30                __ctru_exit
 .text.envGetHandle
                0x0010bc44       0x8c C:/devkitPro/libctru-master/libctru/lib\libctru.a(env.o)
                0x0010bc44                envGetHandle
 .text.envDestroyHandles
                0x0010bcd0       0x50 C:/devkitPro/libctru-master/libctru/lib\libctru.a(env.o)
                0x0010bcd0                envDestroyHandles
 .text.srvInit  0x0010bd20      0x164 C:/devkitPro/libctru-master/libctru/lib\libctru.a(srv.o)
                0x0010bd20                srvInit
 .text.srvExit  0x0010be84       0x64 C:/devkitPro/libctru-master/libctru/lib\libctru.a(srv.o)
                0x0010be84                srvExit
 .text.srvEnableNotification
                0x0010bee8       0x60 C:/devkitPro/libctru-master/libctru/lib\libctru.a(srv.o)
                0x0010bee8                srvEnableNotification
 .text.srvGetServiceHandleDirect
                0x0010bf48       0xa0 C:/devkitPro/libctru-master/libctru/lib\libctru.a(srv.o)
                0x0010bf48                srvGetServiceHandleDirect
 .text.srvGetServiceHandle
                0x0010bfe8       0x48 C:/devkitPro/libctru-master/libctru/lib\libctru.a(srv.o)
                0x0010bfe8                srvGetServiceHandle
 .text.srvSubscribe
                0x0010c030       0x34 C:/devkitPro/libctru-master/libctru/lib\libctru.a(srv.o)
                0x0010c030                srvSubscribe
 .text.srvReceiveNotification
                0x0010c064       0x60 C:/devkitPro/libctru-master/libctru/lib\libctru.a(srv.o)
                0x0010c064                srvReceiveNotification
 .text.srvPublishToSubscriber
                0x0010c0c4       0x38 C:/devkitPro/libctru-master/libctru/lib\libctru.a(srv.o)
                0x0010c0c4                srvPublishToSubscriber
 .text.__sync_init
                0x0010c0fc        0xc C:/devkitPro/libctru-master/libctru/lib\libctru.a(synchronization.o)
                0x0010c0fc                __sync_init
 .text.__sync_fini
                0x0010c108       0x18 C:/devkitPro/libctru-master/libctru/lib\libctru.a(synchronization.o)
                0x0010c108                __sync_fini
 .text.syncArbitrateAddress
                0x0010c120       0x28 C:/devkitPro/libctru-master/libctru/lib\libctru.a(synchronization.o)
                0x0010c120                syncArbitrateAddress
 .text.LightLock_Lock
                0x0010c148       0xac C:/devkitPro/libctru-master/libctru/lib\libctru.a(synchronization.o)
                0x0010c148                LightLock_Lock
 .text.LightLock_Unlock
                0x0010c1f4       0x40 C:/devkitPro/libctru-master/libctru/lib\libctru.a(synchronization.o)
                0x0010c1f4                LightLock_Unlock
 .text.RecursiveLock_Lock
                0x0010c234       0x54 C:/devkitPro/libctru-master/libctru/lib\libctru.a(synchronization.o)
                0x0010c234                RecursiveLock_Lock
 .text.RecursiveLock_Unlock
                0x0010c288       0x54 C:/devkitPro/libctru-master/libctru/lib\libctru.a(synchronization.o)
                0x0010c288                RecursiveLock_Unlock
 .text.LightEvent_Init
                0x0010c2dc       0x44 C:/devkitPro/libctru-master/libctru/lib\libctru.a(synchronization.o)
                0x0010c2dc                LightEvent_Init
 .text.LightEvent_Clear
                0x0010c320       0xb8 C:/devkitPro/libctru-master/libctru/lib\libctru.a(synchronization.o)
                0x0010c320                LightEvent_Clear
 .text.LightEvent_Signal
                0x0010c3d8       0xdc C:/devkitPro/libctru-master/libctru/lib\libctru.a(synchronization.o)
                0x0010c3d8                LightEvent_Signal
 .text.LightEvent_TryWait
                0x0010c4b4       0x50 C:/devkitPro/libctru-master/libctru/lib\libctru.a(synchronization.o)
                0x0010c4b4                LightEvent_TryWait
 .text.LightEvent_Wait
                0x0010c504       0xac C:/devkitPro/libctru-master/libctru/lib\libctru.a(synchronization.o)
                0x0010c504                LightEvent_Wait
 .text.threadCreate
                0x0010c5b0      0x1fc C:/devkitPro/libctru-master/libctru/lib\libctru.a(thread.o)
                0x0010c5b0                threadCreate
 .text.threadFree
                0x0010c7ac       0x38 C:/devkitPro/libctru-master/libctru/lib\libctru.a(thread.o)
                0x0010c7ac                threadFree
 .text.threadJoin
                0x0010c7e4       0x24 C:/devkitPro/libctru-master/libctru/lib\libctru.a(thread.o)
                0x0010c7e4                threadJoin
 .text.threadGetCurrent
                0x0010c808       0x30 C:/devkitPro/libctru-master/libctru/lib\libctru.a(thread.o)
                0x0010c808                threadGetCurrent
 .text.threadExit
                0x0010c838       0x40 C:/devkitPro/libctru-master/libctru/lib\libctru.a(thread.o)
                0x0010c838                threadExit
 .text._thread_begin
                0x0010c878       0x20 C:/devkitPro/libctru-master/libctru/lib\libctru.a(thread.o)
 .text.mappableFindAddressWithin
                0x0010c898       0x90 C:/devkitPro/libctru-master/libctru/lib\libctru.a(mappable.o)
 .text.mappableInit
                0x0010c928       0x28 C:/devkitPro/libctru-master/libctru/lib\libctru.a(mappable.o)
                0x0010c928                mappableInit
 .text.mappableAlloc
                0x0010c950       0x7c C:/devkitPro/libctru-master/libctru/lib\libctru.a(mappable.o)
                0x0010c950                mappableAlloc
 .text.mappableFree
                0x0010c9cc        0x4 C:/devkitPro/libctru-master/libctru/lib\libctru.a(mappable.o)
                0x0010c9cc                mappableFree
 .text.srvPmGetSessionHandle
                0x0010c9d0        0xc C:/devkitPro/libctru-master/libctru/lib\libctru.a(srvpm.o)
                0x0010c9d0                srvPmGetSessionHandle
 .text.rbtree_node_next
                0x0010c9dc       0x60 C:/devkitPro/libctru-master/libctru/lib\libctru.a(rbtree_iterator.o)
                0x0010c9dc                rbtree_node_next
 .text.__appExit
                0x0010ca3c       0x30 C:/devkitPro/libctru-master/libctru/lib\libctru.a(appExit.o)
                0x0010ca3c                __appExit
 .text.__appInit
                0x0010ca6c       0x30 C:/devkitPro/libctru-master/libctru/lib\libctru.a(appInit.o)
                0x0010ca6c                __appInit
 .text.__libctru_exit
                0x0010ca9c       0x90 C:/devkitPro/libctru-master/libctru/lib\libctru.a(ctru_exit.o)
                0x0010ca9c                __libctru_exit
 .text.error_cmp
                0x0010cb2c       0x24 C:/devkitPro/libctru-master/libctru/lib\libctru.a(archive_dev.o)
 .text.archive_translate_error
                0x0010cb50       0x50 C:/devkitPro/libctru-master/libctru/lib\libctru.a(archive_dev.o)
 .text.archive_seek
                0x0010cba0       0xc0 C:/devkitPro/libctru-master/libctru/lib\libctru.a(archive_dev.o)
 .text._archiveInit.part.0
                0x0010cc60       0x78 C:/devkitPro/libctru-master/libctru/lib\libctru.a(archive_dev.o)
 .text.archiveFindDevice.part.0
                0x0010ccd8      0x110 C:/devkitPro/libctru-master/libctru/lib\libctru.a(archive_dev.o)
 .text.archive_utf16path
                0x0010cde8      0x298 C:/devkitPro/libctru-master/libctru/lib\libctru.a(archive_dev.o)
 .text._archiveUnmountDeviceStruct.part.0
                0x0010d080       0x98 C:/devkitPro/libctru-master/libctru/lib\libctru.a(archive_dev.o)
 .text._archiveMountDevice
                0x0010d118      0x178 C:/devkitPro/libctru-master/libctru/lib\libctru.a(archive_dev.o)
 .text.archive_diropen
                0x0010d290       0xf8 C:/devkitPro/libctru-master/libctru/lib\libctru.a(archive_dev.o)
 .text.archive_fstat
                0x0010d388       0xac C:/devkitPro/libctru-master/libctru/lib\libctru.a(archive_dev.o)
 .text.archive_fsync
                0x0010d434       0x74 C:/devkitPro/libctru-master/libctru/lib\libctru.a(archive_dev.o)
 .text.archive_close
                0x0010d4a8       0x74 C:/devkitPro/libctru-master/libctru/lib\libctru.a(archive_dev.o)
 .text.archive_dirclose
                0x0010d51c       0x78 C:/devkitPro/libctru-master/libctru/lib\libctru.a(archive_dev.o)
 .text.sdmc_statvfs
                0x0010d594       0xec C:/devkitPro/libctru-master/libctru/lib\libctru.a(archive_dev.o)
 .text.archive_chdir
                0x0010d680       0xf8 C:/devkitPro/libctru-master/libctru/lib\libctru.a(archive_dev.o)
 .text.archive_ftruncate
                0x0010d778       0x8c C:/devkitPro/libctru-master/libctru/lib\libctru.a(archive_dev.o)
 .text.archive_read
                0x0010d804       0xbc C:/devkitPro/libctru-master/libctru/lib\libctru.a(archive_dev.o)
 .text.archive_unlink
                0x0010d8c0       0xa8 C:/devkitPro/libctru-master/libctru/lib\libctru.a(archive_dev.o)
 .text.archive_rmdir
                0x0010d968       0xc0 C:/devkitPro/libctru-master/libctru/lib\libctru.a(archive_dev.o)
 .text.archive_mkdir
                0x0010da28       0xd8 C:/devkitPro/libctru-master/libctru/lib\libctru.a(archive_dev.o)
 .text.archive_stat
                0x0010db00      0x1a0 C:/devkitPro/libctru-master/libctru/lib\libctru.a(archive_dev.o)
 .text.archive_dirnext
                0x0010dca0      0x164 C:/devkitPro/libctru-master/libctru/lib\libctru.a(archive_dev.o)
 .text.archive_write
                0x0010de04      0x13c C:/devkitPro/libctru-master/libctru/lib\libctru.a(archive_dev.o)
 .text.archive_open
                0x0010df40      0x254 C:/devkitPro/libctru-master/libctru/lib\libctru.a(archive_dev.o)
 .text.archive_rename
                0x0010e194      0x270 C:/devkitPro/libctru-master/libctru/lib\libctru.a(archive_dev.o)
 .text.archiveMountSdmc
                0x0010e404      0x1c8 C:/devkitPro/libctru-master/libctru/lib\libctru.a(archive_dev.o)
                0x0010e404                archiveMountSdmc
 .text.archiveUnmountAll
                0x0010e5cc       0x54 C:/devkitPro/libctru-master/libctru/lib\libctru.a(archive_dev.o)
                0x0010e5cc                archiveUnmountAll
 .text.fsInit   0x0010e620      0x104 C:/devkitPro/libctru-master/libctru/lib\libctru.a(fs.o)
                0x0010e620                fsInit
 .text.fsExit   0x0010e724       0x3c C:/devkitPro/libctru-master/libctru/lib\libctru.a(fs.o)
                0x0010e724                fsExit
 .text.fsExemptFromSession
                0x0010e760       0x68 C:/devkitPro/libctru-master/libctru/lib\libctru.a(fs.o)
                0x0010e760                fsExemptFromSession
 .text.fsUnexemptFromSession
                0x0010e7c8       0x50 C:/devkitPro/libctru-master/libctru/lib\libctru.a(fs.o)
                0x0010e7c8                fsUnexemptFromSession
 .text.FSUSER_OpenFile
                0x0010e818       0xcc C:/devkitPro/libctru-master/libctru/lib\libctru.a(fs.o)
                0x0010e818                FSUSER_OpenFile
 .text.FSUSER_DeleteFile
                0x0010e8e4       0xb8 C:/devkitPro/libctru-master/libctru/lib\libctru.a(fs.o)
                0x0010e8e4                FSUSER_DeleteFile
 .text.FSUSER_RenameFile
                0x0010e99c       0xf4 C:/devkitPro/libctru-master/libctru/lib\libctru.a(fs.o)
                0x0010e99c                FSUSER_RenameFile
 .text.FSUSER_DeleteDirectory
                0x0010ea90       0xb8 C:/devkitPro/libctru-master/libctru/lib\libctru.a(fs.o)
                0x0010ea90                FSUSER_DeleteDirectory
 .text.FSUSER_CreateFile
                0x0010eb48       0xd0 C:/devkitPro/libctru-master/libctru/lib\libctru.a(fs.o)
                0x0010eb48                FSUSER_CreateFile
 .text.FSUSER_CreateDirectory
                0x0010ec18       0xc0 C:/devkitPro/libctru-master/libctru/lib\libctru.a(fs.o)
                0x0010ec18                FSUSER_CreateDirectory
 .text.FSUSER_RenameDirectory
                0x0010ecd8       0xf4 C:/devkitPro/libctru-master/libctru/lib\libctru.a(fs.o)
                0x0010ecd8                FSUSER_RenameDirectory
 .text.FSUSER_OpenDirectory
                0x0010edcc       0xb4 C:/devkitPro/libctru-master/libctru/lib\libctru.a(fs.o)
                0x0010edcc                FSUSER_OpenDirectory
 .text.FSUSER_OpenArchive
                0x0010ee80       0x90 C:/devkitPro/libctru-master/libctru/lib\libctru.a(fs.o)
                0x0010ee80                FSUSER_OpenArchive
 .text.FSUSER_CloseArchive
                0x0010ef10       0x8c C:/devkitPro/libctru-master/libctru/lib\libctru.a(fs.o)
                0x0010ef10                FSUSER_CloseArchive
 .text.FSUSER_GetSdmcArchiveResource
                0x0010ef9c       0x74 C:/devkitPro/libctru-master/libctru/lib\libctru.a(fs.o)
                0x0010ef9c                FSUSER_GetSdmcArchiveResource
 .text.FSUSER_IsSdmcWritable
                0x0010f010       0x64 C:/devkitPro/libctru-master/libctru/lib\libctru.a(fs.o)
                0x0010f010                FSUSER_IsSdmcWritable
 .text.FSFILE_Read
                0x0010f074       0x64 C:/devkitPro/libctru-master/libctru/lib\libctru.a(fs.o)
                0x0010f074                FSFILE_Read
 .text.FSFILE_Write
                0x0010f0d8       0x6c C:/devkitPro/libctru-master/libctru/lib\libctru.a(fs.o)
                0x0010f0d8                FSFILE_Write
 .text.FSFILE_GetSize
                0x0010f144       0x44 C:/devkitPro/libctru-master/libctru/lib\libctru.a(fs.o)
                0x0010f144                FSFILE_GetSize
 .text.FSFILE_SetSize
                0x0010f188       0x28 C:/devkitPro/libctru-master/libctru/lib\libctru.a(fs.o)
                0x0010f188                FSFILE_SetSize
 .text.FSFILE_Close
                0x0010f1b0       0x3c C:/devkitPro/libctru-master/libctru/lib\libctru.a(fs.o)
                0x0010f1b0                FSFILE_Close
 .text.FSFILE_Flush
                0x0010f1ec       0x24 C:/devkitPro/libctru-master/libctru/lib\libctru.a(fs.o)
                0x0010f1ec                FSFILE_Flush
 .text.FSDIR_Read
                0x0010f210       0x60 C:/devkitPro/libctru-master/libctru/lib\libctru.a(fs.o)
                0x0010f210                FSDIR_Read
 .text.FSDIR_Close
                0x0010f270       0x3c C:/devkitPro/libctru-master/libctru/lib\libctru.a(fs.o)
                0x0010f270                FSDIR_Close
 .text.decode_utf8
                0x0010f2ac      0x140 C:/devkitPro/libctru-master/libctru/lib\libctru.a(decode_utf8.o)
                0x0010f2ac                decode_utf8
 .text.utf16_to_utf8
                0x0010f3ec       0xe8 C:/devkitPro/libctru-master/libctru/lib\libctru.a(utf16_to_utf8.o)
                0x0010f3ec                utf16_to_utf8
 .text.utf8_to_utf16
                0x0010f4d4       0xc0 C:/devkitPro/libctru-master/libctru/lib\libctru.a(utf8_to_utf16.o)
                0x0010f4d4                utf8_to_utf16
 .text.__aeabi_read_tp
                0x0010f594        0xc C:/devkitPro/libctru-master/libctru/lib\libctru.a(readtp.o)
                0x0010f594                __aeabi_read_tp
 .text.decode_utf16
                0x0010f5a0       0x54 C:/devkitPro/libctru-master/libctru/lib\libctru.a(decode_utf16.o)
                0x0010f5a0                decode_utf16
 .text.encode_utf16
                0x0010f5f4       0x54 C:/devkitPro/libctru-master/libctru/lib\libctru.a(encode_utf16.o)
                0x0010f5f4                encode_utf16
 .text.encode_utf8
                0x0010f648       0xe0 C:/devkitPro/libctru-master/libctru/lib\libctru.a(encode_utf8.o)
                0x0010f648                encode_utf8
 .text.sinf     0x0010f728      0x264 C:/devkitPro/devkitARM/bin/../lib/gcc/arm-none-eabi/15.2.0/../../../../arm-none-eabi/lib/armv6k/fpu\libm.a(libm_a-sinf.o)
                0x0010f728                sinf
 .text.tanf     0x0010f98c       0x70 C:/devkitPro/devkitARM/bin/../lib/gcc/arm-none-eabi/15.2.0/../../../../arm-none-eabi/lib/armv6k/fpu\libm.a(libm_a-sf_tan.o)
                0x0010f98c                tanf
 .text.with_errnof
                0x0010f9fc       0x24 C:/devkitPro/devkitARM/bin/../lib/gcc/arm-none-eabi/15.2.0/../../../../arm-none-eabi/lib/armv6k/fpu\libm.a(libm_a-math_errf.o)
 .text.__math_invalidf
                0x0010fa20       0x1c C:/devkitPro/devkitARM/bin/../lib/gcc/arm-none-eabi/15.2.0/../../../../arm-none-eabi/lib/armv6k/fpu\libm.a(libm_a-math_errf.o)
                0x0010fa20                __math_invalidf
 *fill*         0x0010fa3c        0x4 
 .text.cosf     0x0010fa40      0x25c C:/devkitPro/devkitARM/bin/../lib/gcc/arm-none-eabi/15.2.0/../../../../arm-none-eabi/lib/armv6k/fpu\libm.a(libm_a-cosf.o)
                0x0010fa40                cosf
 .text.__ieee754_rem_pio2f
                0x0010fc9c      0x2e0 C:/devkitPro/devkitARM/bin/../lib/gcc/arm-none-eabi/15.2.0/../../../../arm-none-eabi/lib/armv6k/fpu\libm.a(libm_a-ef_rem_pio2.o)
                0x0010fc9c                __ieee754_rem_pio2f
 .text.__kernel_tanf
                0x0010ff7c      0x20c C:/devkitPro/devkitARM/bin/../lib/gcc/arm-none-eabi/15.2.0/../../../../arm-none-eabi/lib/armv6k/fpu\libm.a(libm_a-kf_tan.o)
                0x0010ff7c                __kernel_tanf
 .text.fabsf    0x00110188       0x10 C:/devkitPro/devkitARM/bin/../lib/gcc/arm-none-eabi/15.2.0/../../../../arm-none-eabi/lib/armv6k/fpu\libm.a(libm_a-sf_fabs.o)
                0x00110188                fabsf
 .text.__kernel_rem_pio2f
                0x00110198      0x8c0 C:/devkitPro/devkitARM/bin/../lib/gcc/arm-none-eabi/15.2.0/../../../../arm-none-eabi/lib/armv6k/fpu\libm.a(libm_a-kf_rem_pio2.o)
                0x00110198                __kernel_rem_pio2f
 .text.scalbnf  0x00110a58      0x12c C:/devkitPro/devkitARM/bin/../lib/gcc/arm-none-eabi/15.2.0/../../../../arm-none-eabi/lib/armv6k/fpu\libm.a(libm_a-sf_scalbn.o)
                0x00110a58                scalbnf
 .text.floorf   0x00110b84       0xc0 C:/devkitPro/devkitARM/bin/../lib/gcc/arm-none-eabi/15.2.0/../../../../arm-none-eabi/lib/armv6k/fpu\libm.a(libm_a-sf_floor.o)
                0x00110b84                floorf
 .text.strncat  0x00110c44       0xe4 C:/devkitPro/devkitARM/bin/../lib/gcc/arm-none-eabi/15.2.0/../../../../arm-none-eabi/lib/armv6k/fpu\libg.a(libc_a-strncat.o)
                0x00110c44                strncat
 .text.memcpy   0x00110d28      0x128 C:/devkitPro/devkitARM/bin/../lib/gcc/arm-none-eabi/15.2.0/../../../../arm-none-eabi/lib/armv6k/fpu\libg.a(libc_a-memcpy-stub.o)
                0x00110d28                memcpy
 .text.strlen   0x00110e50       0x8c C:/devkitPro/devkitARM/bin/../lib/gcc/arm-none-eabi/15.2.0/../../../../arm-none-eabi/lib/armv6k/fpu\libg.a(libc_a-strlen.o)
                0x00110e50                strlen
 .text.bsearch  0x00110edc       0x78 C:/devkitPro/devkitARM/bin/../lib/gcc/arm-none-eabi/15.2.0/../../../../arm-none-eabi/lib/armv6k/fpu\libg.a(libc_a-bsearch.o)
                0x00110edc                bsearch
 .text.memalign
                0x00110f54       0x28 C:/devkitPro/devkitARM/bin/../lib/gcc/arm-none-eabi/15.2.0/../../../../arm-none-eabi/lib/armv6k/fpu\libg.a(libc_a-malign.o)
                0x00110f54                memalign
 .text._strtoul_l.isra.0
                0x00110f7c      0x1ec C:/devkitPro/devkitARM/bin/../lib/gcc/arm-none-eabi/15.2.0/../../../../arm-none-eabi/lib/armv6k/fpu\libg.a(libc_a-strtoul.o)
 .text.strtoul  0x00111168       0x3c C:/devkitPro/devkitARM/bin/../lib/gcc/arm-none-eabi/15.2.0/../../../../arm-none-eabi/lib/armv6k/fpu\libg.a(libc_a-strtoul.o)
                0x00111168                strtoul
 .text.calloc   0x001111a4       0x28 C:/devkitPro/devkitARM/bin/../lib/gcc/arm-none-eabi/15.2.0/../../../../arm-none-eabi/lib/armv6k/fpu\libg.a(libc_a-calloc.o)
                0x001111a4                calloc
 .text._memalign_r
                0x001111cc      0x16c C:/devkitPro/devkitARM/bin/../lib/gcc/arm-none-eabi/15.2.0/../../../../arm-none-eabi/lib/armv6k/fpu\libg.a(libc_a-malignr.o)
                0x001111cc                _memalign_r
 .text.__errno  0x00111338        0xc C:/devkitPro/devkitARM/bin/../lib/gcc/arm-none-eabi/15.2.0/../../../../arm-none-eabi/lib/armv6k/fpu\libg.a(libc_a-errno.o)
                0x00111338                __errno
 .text.memset   0x00111344       0xe4 C:/devkitPro/devkitARM/bin/../lib/gcc/arm-none-eabi/15.2.0/../../../../arm-none-eabi/lib/armv6k/fpu\libg.a(libc_a-memset.o)
                0x00111344                memset
 .text._calloc_r
                0x00111428       0xd8 C:/devkitPro/devkitARM/bin/../lib/gcc/arm-none-eabi/15.2.0/../../../../arm-none-eabi/lib/armv6k/fpu\libg.a(libc_a-callocr.o)
                0x00111428                _calloc_r
 .text._malloc_r
                0x00111500      0x82c C:/devkitPro/devkitARM/bin/../lib/gcc/arm-none-eabi/15.2.0/../../../../arm-none-eabi/lib/armv6k/fpu\libg.a(libc_a-mallocr.o)
                0x00111500                _malloc_r
 .text._malloc_trim_r
                0x00111d2c      0x114 C:/devkitPro/devkitARM/bin/../lib/gcc/arm-none-eabi/15.2.0/../../../../arm-none-eabi/lib/armv6k/fpu\libg.a(libc_a-freer.o)
                0x00111d2c                _malloc_trim_r
 .text._free_r  0x00111e40      0x314 C:/devkitPro/devkitARM/bin/../lib/gcc/arm-none-eabi/15.2.0/../../../../arm-none-eabi/lib/armv6k/fpu\libg.a(libc_a-freer.o)
                0x00111e40                _free_r
 .text.__libc_init_array
                0x00112154       0x84 C:/devkitPro/devkitARM/bin/../lib/gcc/arm-none-eabi/15.2.0/../../../../arm-none-eabi/lib/armv6k/fpu\libg.a(libc_a-init.o)
                0x00112154                __libc_init_array
 .text.strncpy  0x001121d8       0xd4 C:/devkitPro/devkitARM/bin/../lib/gcc/arm-none-eabi/15.2.0/../../../../arm-none-eabi/lib/armv6k/fpu\libg.a(libc_a-strncpy.o)
                0x001121d8                strncpy
 .text.malloc   0x001122ac       0x40 C:/devkitPro/devkitARM/bin/../lib/gcc/arm-none-eabi/15.2.0/../../../../arm-none-eabi/lib/armv6k/fpu\libg.a(libc_a-malloc.o)
                0x001122ac                malloc
 .text.free     0x001122ec       0x20 C:/devkitPro/devkitARM/bin/../lib/gcc/arm-none-eabi/15.2.0/../../../../arm-none-eabi/lib/armv6k/fpu\libg.a(libc_a-malloc.o)
                0x001122ec                free
 .text.__malloc_lock
                0x0011230c        0xc C:/devkitPro/devkitARM/bin/../lib/gcc/arm-none-eabi/15.2.0/../../../../arm-none-eabi/lib/armv6k/fpu\libg.a(libc_a-mlock.o)
                0x0011230c                __malloc_lock
 .text.__malloc_unlock
                0x00112318        0xc C:/devkitPro/devkitARM/bin/../lib/gcc/arm-none-eabi/15.2.0/../../../../arm-none-eabi/lib/armv6k/fpu\libg.a(libc_a-mlock.o)
                0x00112318                __malloc_unlock
 .text.__call_exitprocs
                0x00112324        0x4 C:/devkitPro/devkitARM/bin/../lib/gcc/arm-none-eabi/15.2.0/../../../../arm-none-eabi/lib/armv6k/fpu\libg.a(libc_a-exit.o)
                0x00112324                __call_exitprocs
 .text.exit     0x00112328       0x30 C:/devkitPro/devkitARM/bin/../lib/gcc/arm-none-eabi/15.2.0/../../../../arm-none-eabi/lib/armv6k/fpu\libg.a(libc_a-exit.o)
                0x00112328                exit
 .text.__libc_fini_array
                0x00112358       0x3c C:/devkitPro/devkitARM/bin/../lib/gcc/arm-none-eabi/15.2.0/../../../../arm-none-eabi/lib/armv6k/fpu\libg.a(libc_a-fini.o)
                0x00112358                __libc_fini_array
 .text.strnlen  0x00112394       0x3c C:/devkitPro/devkitARM/bin/../lib/gcc/arm-none-eabi/15.2.0/../../../../arm-none-eabi/lib/armv6k/fpu\libg.a(libc_a-strnlen.o)
                0x00112394                strnlen
 .text.strncmp  0x001123d0       0xd8 C:/devkitPro/devkitARM/bin/../lib/gcc/arm-none-eabi/15.2.0/../../../../arm-none-eabi/lib/armv6k/fpu\libg.a(libc_a-strncmp.o)
                0x001123d0                strncmp
 .text._exit    0x001124a8       0x20 C:/devkitPro/devkitARM/bin/../lib/gcc/arm-none-eabi/15.2.0/../../../../arm-none-eabi/lib/armv6k/fpu\libsysbase.a(libsysbase_libsysbase_a-_exit.o)
                0x001124a8                _exit
 .text.chdir    0x001124c8      0x140 C:/devkitPro/devkitARM/bin/../lib/gcc/arm-none-eabi/15.2.0/../../../../arm-none-eabi/lib/armv6k/fpu\libsysbase.a(libsysbase_libsysbase_a-chdir.o)
                0x001124c8                chdir
 .text._concatenate_path
                0x00112608      0x1c8 C:/devkitPro/devkitARM/bin/../lib/gcc/arm-none-eabi/15.2.0/../../../../arm-none-eabi/lib/armv6k/fpu\libsysbase.a(libsysbase_libsysbase_a-concatenate.o)
                0x00112608                _concatenate_path
 .text.__getreent
                0x001127d0       0x2c C:/devkitPro/devkitARM/bin/../lib/gcc/arm-none-eabi/15.2.0/../../../../arm-none-eabi/lib/armv6k/fpu\libsysbase.a(libsysbase_libsysbase_a-getreent.o)
                0x001127d0                __getreent
 .text.null_write
                0x001127fc        0x8 C:/devkitPro/devkitARM/bin/../lib/gcc/arm-none-eabi/15.2.0/../../../../arm-none-eabi/lib/armv6k/fpu\libsysbase.a(libsysbase_libsysbase_a-iosupport.o)
 .text.setDefaultDevice
                0x00112804       0x18 C:/devkitPro/devkitARM/bin/../lib/gcc/arm-none-eabi/15.2.0/../../../../arm-none-eabi/lib/armv6k/fpu\libsysbase.a(libsysbase_libsysbase_a-iosupport.o)
                0x00112804                setDefaultDevice
 .text.FindDevice
                0x0011281c       0x98 C:/devkitPro/devkitARM/bin/../lib/gcc/arm-none-eabi/15.2.0/../../../../arm-none-eabi/lib/armv6k/fpu\libsysbase.a(libsysbase_libsysbase_a-iosupport.o)
                0x0011281c                FindDevice
 .text.RemoveDevice
                0x001128b4       0x24 C:/devkitPro/devkitARM/bin/../lib/gcc/arm-none-eabi/15.2.0/../../../../arm-none-eabi/lib/armv6k/fpu\libsysbase.a(libsysbase_libsysbase_a-iosupport.o)
                0x001128b4                RemoveDevice
 .text.AddDevice
                0x001128d8       0x88 C:/devkitPro/devkitARM/bin/../lib/gcc/arm-none-eabi/15.2.0/../../../../arm-none-eabi/lib/armv6k/fpu\libsysbase.a(libsysbase_libsysbase_a-iosupport.o)
                0x001128d8                AddDevice
 .text.GetDeviceOpTab
                0x00112960       0x20 C:/devkitPro/devkitARM/bin/../lib/gcc/arm-none-eabi/15.2.0/../../../../arm-none-eabi/lib/armv6k/fpu\libsysbase.a(libsysbase_libsysbase_a-iosupport.o)
                0x00112960                GetDeviceOpTab
 .text._sbrk_r  0x00112980       0x78 C:/devkitPro/devkitARM/bin/../lib/gcc/arm-none-eabi/15.2.0/../../../../arm-none-eabi/lib/armv6k/fpu\libsysbase.a(libsysbase_libsysbase_a-sbrk.o)
                0x00112980                _sbrk_r
 .text.__libc_lock_acquire_recursive
                0x001129f8       0x1c C:/devkitPro/devkitARM/bin/../lib/gcc/arm-none-eabi/15.2.0/../../../../arm-none-eabi/lib/armv6k/fpu\libsysbase.a(libsysbase_libsysbase_a-syscall_support.o)
                0x001129f8                __libc_lock_acquire_recursive
 .text.__libc_lock_release_recursive
                0x00112a14       0x1c C:/devkitPro/devkitARM/bin/../lib/gcc/arm-none-eabi/15.2.0/../../../../arm-none-eabi/lib/armv6k/fpu\libsysbase.a(libsysbase_libsysbase_a-syscall_support.o)
                0x00112a14                __libc_lock_release_recursive
 .text.strchr   0x00112a30      0x140 C:/devkitPro/devkitARM/bin/../lib/gcc/arm-none-eabi/15.2.0/../../../../arm-none-eabi/lib/armv6k/fpu\libg.a(libc_a-strchr.o)
                0x00112a30                strchr
 .text.strrchr  0x00112b70       0x48 C:/devkitPro/devkitARM/bin/../lib/gcc/arm-none-eabi/15.2.0/../../../../arm-none-eabi/lib/armv6k/fpu\libg.a(libc_a-strrchr.o)
                0x00112b70                strrchr
 *(.glue_7)
 .glue_7        0x00112bb8        0x0 linker stubs
 *(.glue_7t)
 .glue_7t       0x00112bb8        0x0 linker stubs
 *(.stub)
 *(.gnu.warning)
 *(.gnu.linkonce.t*)
                0x00112bb8                        . = ALIGN (0x4)
 *(.fini)
 .fini          0x00112bb8        0xc C:/devkitPro/devkitARM/bin/../lib/gcc/arm-none-eabi/15.2.0/armv6k/fpu/crti.o
                0x00112bb8                _fini
 .fini          0x00112bc4        0xc C:/devkitPro/devkitARM/bin/../lib/gcc/arm-none-eabi/15.2.0/armv6k/fpu/crtn.o
                0x00112bd0                        . = ALIGN (0x4)

.vfp11_veneer   0x00112bd0        0x0
 .vfp11_veneer  0x00112bd0        0x0 linker stubs

.v4_bx          0x00112bd0        0x0
 .v4_bx         0x00112bd0        0x0 linker stubs

.iplt           0x00112bd0        0x0
 .iplt          0x00112bd0        0x0 C:/devkitPro/devkitARM/bin/../lib/gcc/arm-none-eabi/15.2.0/../../../../arm-none-eabi/lib/armv6k/fpu/3dsx_crt0.o
                0x00113000                        . = ALIGN (0x1000)

.rodata         0x00113000     0x1920
 *(.rodata)
 .rodata        0x00113000      0x4c0 main.o
 .rodata        0x001134c0        0xc C:/devkitPro/libctru-master/libctru/lib\libctru.a(archive_dev.o)
 *(.roda)
 *(.rodata.*)
 .rodata.vshader_shbin
                0x001134cc      0x208 vshader.shbin.o
                0x001134cc                vshader_shbin
                0x001136d4                vshader_shbin_end
 .rodata.kitten_t3x
                0x001136d4      0x975 kitten.t3x.o
                0x001136d4                kitten_t3x
                0x00114049                kitten_t3x_end
 *fill*         0x00114049        0x3 
 .rodata.str1.4
                0x0011404c       0xd8 main.o
                                 0x49 (size before relaxing)
 .rodata.depthFmtSizes
                0x00114124        0x4 C:/devkitPro/libctru-master/libctru/lib\libcitro3d.a(framebuffer.o)
 .rodata.colorFmtSizes
                0x00114128        0x5 C:/devkitPro/libctru-master/libctru/lib\libcitro3d.a(framebuffer.o)
 *fill*         0x0011412d        0x3 
 .rodata.CSWTCH.19
                0x00114130       0x38 C:/devkitPro/libctru-master/libctru/lib\libcitro3d.a(texture.o)
 .rodata.DVLE_GenerateOutmap.part.0
                0x00114168        0x9 C:/devkitPro/libctru-master/libctru/lib\libctru.a(shbin.o)
 .rodata.aptEventHandler
                0x00114171        0xb C:/devkitPro/libctru-master/libctru/lib\libctru.a(apt.o)
 .rodata.aptWaitForWakeUp.isra.0
                0x0011417c       0x11 C:/devkitPro/libctru-master/libctru/lib\libctru.a(apt.o)
 *fill*         0x0011418d        0x3 
 .rodata.morton_y.2
                0x00114190        0x8 C:/devkitPro/libctru-master/libctru/lib\libctru.a(apt.o)
 .rodata.morton_x.3
                0x00114198        0x8 C:/devkitPro/libctru-master/libctru/lib\libctru.a(apt.o)
 .rodata.s_sleepWakeEvents.4
                0x001141a0        0x8 C:/devkitPro/libctru-master/libctru/lib\libctru.a(apt.o)
 .rodata.str1.4
                0x001141a8        0x0 C:/devkitPro/libctru-master/libctru/lib\libctru.a(apt.o)
                                 0x16 (size before relaxing)
 .rodata.serviceNameTable.5
                0x001141a8        0xc C:/devkitPro/libctru-master/libctru/lib\libctru.a(apt.o)
 .rodata.gspInit.str1.4
                0x001141b4        0x0 C:/devkitPro/libctru-master/libctru/lib\libctru.a(gspgpu.o)
                                  0x9 (size before relaxing)
 .rodata.hidInit.str1.4
                0x001141b4        0x0 C:/devkitPro/libctru-master/libctru/lib\libctru.a(hid.o)
                                 0x15 (size before relaxing)
 .rodata.irrstInit.str1.4
                0x001141b4        0x0 C:/devkitPro/libctru-master/libctru/lib\libctru.a(irrst.o)
                                  0x7 (size before relaxing)
 .rodata.ptmSysmInit.str1.4
                0x001141b4        0x0 C:/devkitPro/libctru-master/libctru/lib\libctru.a(ptmsysm.o)
                                  0x9 (size before relaxing)
 .rodata.decompressV
                0x001141b4       0x21 C:/devkitPro/libctru-master/libctru/lib\libctru.a(decompress.o)
 .rodata.__system_initArgv.str1.4
                0x001141d5        0x0 C:/devkitPro/libctru-master/libctru/lib\libctru.a(initArgv.o)
                                  0xa (size before relaxing)
 .rodata.srvInit.str1.4
                0x001141d5        0x0 C:/devkitPro/libctru-master/libctru/lib\libctru.a(srv.o)
                                  0x5 (size before relaxing)
 .rodata.archive_utf16path.str1.4
                0x001141d5        0x0 C:/devkitPro/libctru-master/libctru/lib\libctru.a(archive_dev.o)
                                  0x2 (size before relaxing)
 .rodata._archiveUnmountDeviceStruct.part.0.str1.4
                0x001141d5        0x0 C:/devkitPro/libctru-master/libctru/lib\libctru.a(archive_dev.o)
                                  0x2 (size before relaxing)
 .rodata._archiveMountDevice.str1.4
                0x001141d5        0x0 C:/devkitPro/libctru-master/libctru/lib\libctru.a(archive_dev.o)
                                  0xc (size before relaxing)
 .rodata.archiveMountSdmc.str1.4
                0x001141d5        0x0 C:/devkitPro/libctru-master/libctru/lib\libctru.a(archive_dev.o)
                                  0x5 (size before relaxing)
 *fill*         0x001141d5        0x3 
 .rodata.error_table
                0x001141d8       0x30 C:/devkitPro/libctru-master/libctru/lib\libctru.a(archive_dev.o)
 .rodata.str1.4
                0x00114208        0x0 C:/devkitPro/libctru-master/libctru/lib\libctru.a(archive_dev.o)
                                  0x8 (size before relaxing)
 .rodata.archive_devoptab
                0x00114208       0x80 C:/devkitPro/libctru-master/libctru/lib\libctru.a(archive_dev.o)
 .rodata.fsInit.str1.4
                0x00114288        0x0 C:/devkitPro/libctru-master/libctru/lib\libctru.a(fs.o)
                                  0x8 (size before relaxing)
 .rodata.__inv_pio4
                0x00114288       0x60 C:/devkitPro/devkitARM/bin/../lib/gcc/arm-none-eabi/15.2.0/../../../../arm-none-eabi/lib/armv6k/fpu\libm.a(libm_a-sincosf_data.o)
                0x00114288                __inv_pio4
 .rodata.__sincosf_table
                0x001142e8       0xe0 C:/devkitPro/devkitARM/bin/../lib/gcc/arm-none-eabi/15.2.0/../../../../arm-none-eabi/lib/armv6k/fpu\libm.a(libm_a-sincosf_data.o)
                0x001142e8                __sincosf_table
 .rodata.npio2_hw
                0x001143c8       0x80 C:/devkitPro/devkitARM/bin/../lib/gcc/arm-none-eabi/15.2.0/../../../../arm-none-eabi/lib/armv6k/fpu\libm.a(libm_a-ef_rem_pio2.o)
 .rodata.two_over_pi
                0x00114448      0x318 C:/devkitPro/devkitARM/bin/../lib/gcc/arm-none-eabi/15.2.0/../../../../arm-none-eabi/lib/armv6k/fpu\libm.a(libm_a-ef_rem_pio2.o)
 .rodata.PIo2   0x00114760       0x2c C:/devkitPro/devkitARM/bin/../lib/gcc/arm-none-eabi/15.2.0/../../../../arm-none-eabi/lib/armv6k/fpu\libm.a(libm_a-kf_rem_pio2.o)
 .rodata.init_jk
                0x0011478c        0xc C:/devkitPro/devkitARM/bin/../lib/gcc/arm-none-eabi/15.2.0/../../../../arm-none-eabi/lib/armv6k/fpu\libm.a(libm_a-kf_rem_pio2.o)
 .rodata._ctype_
                0x00114798      0x101 C:/devkitPro/devkitARM/bin/../lib/gcc/arm-none-eabi/15.2.0/../../../../arm-none-eabi/lib/armv6k/fpu\libg.a(libc_a-ctype_.o)
                0x00114798                _ctype_
 .rodata.str1.4
                0x00114899        0x0 C:/devkitPro/devkitARM/bin/../lib/gcc/arm-none-eabi/15.2.0/../../../../arm-none-eabi/lib/armv6k/fpu\libsysbase.a(libsysbase_libsysbase_a-iosupport.o)
                                  0x8 (size before relaxing)
 *fill*         0x00114899        0x3 
 .rodata.dotab_stdnull
                0x0011489c       0x80 C:/devkitPro/devkitARM/bin/../lib/gcc/arm-none-eabi/15.2.0/../../../../arm-none-eabi/lib/armv6k/fpu\libsysbase.a(libsysbase_libsysbase_a-iosupport.o)
                0x0011489c                dotab_stdnull
 *all.rodata*(*)
 *(.gnu.linkonce.r*)
                0x0011491c                        . = ALIGN (0x4)
                0x0011491c                        __tdata_align = .
                0x0011491c        0x4 LONG 0x4 ALIGNOF (.tdata)
                0x00114920                        . = ALIGN (0x4)

.eh_frame       0x00114920        0x0
 .eh_frame      0x00114920        0x0 C:/devkitPro/devkitARM/bin/../lib/gcc/arm-none-eabi/15.2.0/armv6k/fpu/crtbegin.o

.rel.dyn        0x00114920        0x0
 .rel.iplt      0x00114920        0x0 C:/devkitPro/devkitARM/bin/../lib/gcc/arm-none-eabi/15.2.0/../../../../arm-none-eabi/lib/armv6k/fpu/3dsx_crt0.o
 .rel.got       0x00114920        0x0 C:/devkitPro/devkitARM/bin/../lib/gcc/arm-none-eabi/15.2.0/../../../../arm-none-eabi/lib/armv6k/fpu/3dsx_crt0.o

.ARM.extab
 *(.ARM.extab* .gnu.linkonce.armextab.*)
                0x00114920                        __exidx_start = .

.ARM.exidx
 *(.ARM.exidx* .gnu.linkonce.armexidx.*)
                0x00114920                        __exidx_end = .
                0x00115000                        . = ALIGN (0x1000)

.data           0x00115000      0xac8
 *(.data)
 *(.data.*)
 .data.framerateCounter
                0x00115000        0x8 C:/devkitPro/libctru-master/libctru/lib\libcitro3d.a(renderqueue.o)
 .data.framerate
                0x00115008        0x4 C:/devkitPro/libctru-master/libctru/lib\libcitro3d.a(renderqueue.o)
 .data.queueLock
                0x0011500c        0x4 C:/devkitPro/libctru-master/libctru/lib\libctru.a(gxqueue.o)
 .data.aptChainloadDeliverArgSize
                0x00115010        0x4 C:/devkitPro/libctru-master/libctru/lib\libctru.a(apt.o)
 .data.kCount   0x00115014        0x4 C:/devkitPro/libctru-master/libctru/lib\libctru.a(hid.o)
 .data.kInterval
                0x00115018        0x4 C:/devkitPro/libctru-master/libctru/lib\libctru.a(hid.o)
 .data.kDelay   0x0011501c        0x4 C:/devkitPro/libctru-master/libctru/lib\libctru.a(hid.o)
 .data.__stacksize__
                0x00115020        0x4 C:/devkitPro/libctru-master/libctru/lib\libctru.a(stack_adjust.o)
                0x00115020                __stacksize__
 .data._impure_ptr
                0x00115024        0x4 C:/devkitPro/devkitARM/bin/../lib/gcc/arm-none-eabi/15.2.0/../../../../arm-none-eabi/lib/armv6k/fpu\libg.a(libc_a-impure.o)
                0x00115024                _impure_ptr
 .data._impure_data
                0x00115028      0x200 C:/devkitPro/devkitARM/bin/../lib/gcc/arm-none-eabi/15.2.0/../../../../arm-none-eabi/lib/armv6k/fpu\libg.a(libc_a-impure.o)
                0x00115028                _impure_data
 .data.__malloc_sbrk_base
                0x00115228        0x4 C:/devkitPro/devkitARM/bin/../lib/gcc/arm-none-eabi/15.2.0/../../../../arm-none-eabi/lib/armv6k/fpu\libg.a(libc_a-mallocr.o)
                0x00115228                __malloc_sbrk_base
 .data.__malloc_trim_threshold
                0x0011522c        0x4 C:/devkitPro/devkitARM/bin/../lib/gcc/arm-none-eabi/15.2.0/../../../../arm-none-eabi/lib/armv6k/fpu\libg.a(libc_a-mallocr.o)
                0x0011522c                __malloc_trim_threshold
 .data.__malloc_av_
                0x00115230      0x408 C:/devkitPro/devkitARM/bin/../lib/gcc/arm-none-eabi/15.2.0/../../../../arm-none-eabi/lib/armv6k/fpu\libg.a(libc_a-mallocr.o)
                0x00115230                __malloc_av_
 .data._current_working_directory
                0x00115638      0x400 C:/devkitPro/devkitARM/bin/../lib/gcc/arm-none-eabi/15.2.0/../../../../arm-none-eabi/lib/armv6k/fpu\libsysbase.a(libsysbase_libsysbase_a-chdir.o)
 .data.devoptab_list
                0x00115a38       0x8c C:/devkitPro/devkitARM/bin/../lib/gcc/arm-none-eabi/15.2.0/../../../../arm-none-eabi/lib/armv6k/fpu\libsysbase.a(libsysbase_libsysbase_a-iosupport.o)
                0x00115a38                devoptab_list
 .data.defaultDevice
                0x00115ac4        0x4 C:/devkitPro/devkitARM/bin/../lib/gcc/arm-none-eabi/15.2.0/../../../../arm-none-eabi/lib/armv6k/fpu\libsysbase.a(libsysbase_libsysbase_a-iosupport.o)
 *(.gnu.linkonce.d*)
                0x00115ac8                        . = ALIGN (0x4)

.igot.plt       0x00115ac8        0x0
 .igot.plt      0x00115ac8        0x0 C:/devkitPro/devkitARM/bin/../lib/gcc/arm-none-eabi/15.2.0/../../../../arm-none-eabi/lib/armv6k/fpu/3dsx_crt0.o

.got            0x00115ac8        0x8
 .got           0x00115ac8        0x8 C:/devkitPro/devkitARM/bin/../lib/gcc/arm-none-eabi/15.2.0/../../../../arm-none-eabi/lib/armv6k/fpu/3dsx_crt0.o

.got.plt        0x00115ad0        0xc
 .got.plt       0x00115ad0        0xc C:/devkitPro/devkitARM/bin/../lib/gcc/arm-none-eabi/15.2.0/../../../../arm-none-eabi/lib/armv6k/fpu/3dsx_crt0.o
                0x00115ad0                _GLOBAL_OFFSET_TABLE_

.tdata          0x00115adc        0x0
                0x00115adc                        __tdata_lma = .
 *(.tdata)
 *(.tdata.*)
 *(.gnu.linkonce.td.*)
                0x00115adc                        . = ALIGN (0x4)
                0x00115adc                        __tdata_lma_end = .

.tbss           0x00115adc      0xc08
 *(.tbss)
 *(.tbss.*)
 .tbss.__ctru_dev_utf16_buf
                0x00115adc      0x802 C:/devkitPro/libctru-master/libctru/lib\libctru.a(path_buf.o)
                0x00115adc                __ctru_dev_utf16_buf
 *fill*         0x001162de        0x2 
 .tbss.__ctru_dev_path_buf
                0x001162e0      0x401 C:/devkitPro/libctru-master/libctru/lib\libctru.a(path_buf.o)
                0x001162e0                __ctru_dev_path_buf
 *(.gnu.linkonce.tb.*)
 *(.tcommon)
                0x001166e4                        . = ALIGN (0x4)
 *fill*         0x001166e1        0x3 

.preinit_array  0x00115adc        0x0
                0x00115adc                        PROVIDE (__preinit_array_start = .)
 *(.preinit_array)
                0x00115adc                        PROVIDE (__preinit_array_end = .)

.init_array     0x00115adc        0x4
                0x00115adc                        PROVIDE (__init_array_start = .)
 *(SORT_BY_NAME(.init_array.*))
 *(.init_array)
 .init_array    0x00115adc        0x4 C:/devkitPro/devkitARM/bin/../lib/gcc/arm-none-eabi/15.2.0/armv6k/fpu/crtbegin.o
                0x00115ae0                        PROVIDE (__init_array_end = .)

.fini_array     0x00115ae0        0x4
                0x00115ae0                        PROVIDE (__fini_array_start = .)
 *(.fini_array)
 .fini_array    0x00115ae0        0x4 C:/devkitPro/devkitARM/bin/../lib/gcc/arm-none-eabi/15.2.0/armv6k/fpu/crtbegin.o
 *(SORT_BY_NAME(.fini_array.*))
                0x00115ae4                        PROVIDE (__fini_array_end = .)

.ctors
 *crtbegin.o(.ctors)
 *(EXCLUDE_FILE(*crtend.o) .ctors)
 *(SORT_BY_NAME(.ctors.*))
 *(.ctors)

.dtors
 *crtbegin.o(.dtors)
 *(EXCLUDE_FILE(*crtend.o) .dtors)
 *(SORT_BY_NAME(.dtors.*))
 *(.dtors)
                0x00115ae4                        __bss_start__ = .

.bss            0x00115ae4     0x3f10
 *(.dynbss)
 *(.bss)
 .bss           0x00115ae4       0x94 main.o
 *(.bss.*)
 .bss.completed.1
                0x00115b78        0x1 C:/devkitPro/devkitARM/bin/../lib/gcc/arm-none-eabi/15.2.0/armv6k/fpu/crtbegin.o
 *fill*         0x00115b79        0x3 
 .bss.object.0  0x00115b7c       0x18 C:/devkitPro/devkitARM/bin/../lib/gcc/arm-none-eabi/15.2.0/armv6k/fpu/crtbegin.o
 .bss.hookCookie
                0x00115b94        0xc C:/devkitPro/libctru-master/libctru/lib\libcitro3d.a(base.o)
 .bss.__C3D_Context
                0x00115ba0      0x2d0 C:/devkitPro/libctru-master/libctru/lib\libcitro3d.a(base.o)
                0x00115ba0                __C3D_Context
 .bss.frameEndCbData
                0x00115e70        0x4 C:/devkitPro/libctru-master/libctru/lib\libcitro3d.a(renderqueue.o)
 .bss.frameEndCb
                0x00115e74        0x4 C:/devkitPro/libctru-master/libctru/lib\libcitro3d.a(renderqueue.o)
 .bss.frameCounter
                0x00115e78        0x8 C:/devkitPro/libctru-master/libctru/lib\libcitro3d.a(renderqueue.o)
 .bss.isTopStereo
                0x00115e80        0x1 C:/devkitPro/libctru-master/libctru/lib\libcitro3d.a(renderqueue.o)
 .bss.needSwapBot
                0x00115e81        0x1 C:/devkitPro/libctru-master/libctru/lib\libcitro3d.a(renderqueue.o)
 .bss.needSwapTop
                0x00115e82        0x1 C:/devkitPro/libctru-master/libctru/lib\libcitro3d.a(renderqueue.o)
 .bss.measureGpuTime
                0x00115e83        0x1 C:/devkitPro/libctru-master/libctru/lib\libcitro3d.a(renderqueue.o)
 .bss.inSafeTransfer
                0x00115e84        0x1 C:/devkitPro/libctru-master/libctru/lib\libcitro3d.a(renderqueue.o)
 .bss.inFrame   0x00115e85        0x1 C:/devkitPro/libctru-master/libctru/lib\libcitro3d.a(renderqueue.o)
 *fill*         0x00115e86        0x2 
 .bss.cpuTime   0x00115e88       0x10 C:/devkitPro/libctru-master/libctru/lib\libcitro3d.a(renderqueue.o)
 .bss.gpuTime   0x00115e98       0x10 C:/devkitPro/libctru-master/libctru/lib\libcitro3d.a(renderqueue.o)
 .bss.linkedTarget
                0x00115ea8        0xc C:/devkitPro/libctru-master/libctru/lib\libcitro3d.a(renderqueue.o)
 .bss.lastTarget
                0x00115eb4        0x4 C:/devkitPro/libctru-master/libctru/lib\libcitro3d.a(renderqueue.o)
 .bss.firstTarget
                0x00115eb8        0x4 C:/devkitPro/libctru-master/libctru/lib\libcitro3d.a(renderqueue.o)
 .bss.C3Di_IVUnifEverDirty
                0x00115ebc        0x8 C:/devkitPro/libctru-master/libctru/lib\libcitro3d.a(uniforms.o)
 .bss.C3Di_FVUnifEverDirty
                0x00115ec4       0xc0 C:/devkitPro/libctru-master/libctru/lib\libcitro3d.a(uniforms.o)
 .bss.C3Di_ShaderFVecData
                0x00115f84       0x18 C:/devkitPro/libctru-master/libctru/lib\libcitro3d.a(uniforms.o)
 .bss.C3D_BoolUnifsDirty
                0x00115f9c        0x2 C:/devkitPro/libctru-master/libctru/lib\libcitro3d.a(uniforms.o)
                0x00115f9c                C3D_BoolUnifsDirty
 *fill*         0x00115f9e        0x2 
 .bss.C3D_IVUnifDirty
                0x00115fa0        0x8 C:/devkitPro/libctru-master/libctru/lib\libcitro3d.a(uniforms.o)
                0x00115fa0                C3D_IVUnifDirty
 .bss.C3D_FVUnifDirty
                0x00115fa8       0xc0 C:/devkitPro/libctru-master/libctru/lib\libcitro3d.a(uniforms.o)
                0x00115fa8                C3D_FVUnifDirty
 .bss.C3D_BoolUnifs
                0x00116068        0x4 C:/devkitPro/libctru-master/libctru/lib\libcitro3d.a(uniforms.o)
                0x00116068                C3D_BoolUnifs
 .bss.C3D_IVUnif
                0x0011606c       0x20 C:/devkitPro/libctru-master/libctru/lib\libcitro3d.a(uniforms.o)
                0x0011606c                C3D_IVUnif
 .bss.C3D_FVUnif
                0x0011608c      0xc00 C:/devkitPro/libctru-master/libctru/lib\libcitro3d.a(uniforms.o)
                0x0011608c                C3D_FVUnif
 *fill*         0x00116c8c        0x4 
 .bss._ZL11sLinearPool
                0x00116c90        0x8 C:/devkitPro/libctru-master/libctru/lib\libctru.a(linear.o)
 .bss._ZL8sAddrMap
                0x00116c98        0xc C:/devkitPro/libctru-master/libctru/lib\libctru.a(linear.o)
 *fill*         0x00116ca4        0x4 
 .bss._ZL10sVramPoolB
                0x00116ca8        0x8 C:/devkitPro/libctru-master/libctru/lib\libctru.a(vram.o)
 .bss._ZL10sVramPoolA
                0x00116cb0        0x8 C:/devkitPro/libctru-master/libctru/lib\libctru.a(vram.o)
 .bss._ZL8sAddrMap
                0x00116cb8        0xc C:/devkitPro/libctru-master/libctru/lib\libctru.a(vram.o)
 .bss.screenAlloc
                0x00116cc4        0x4 C:/devkitPro/libctru-master/libctru/lib\libctru.a(gfx.o)
 .bss.screenFree
                0x00116cc8        0x4 C:/devkitPro/libctru-master/libctru/lib\libctru.a(gfx.o)
 .bss.gfxIsDoubleBuf
                0x00116ccc        0x2 C:/devkitPro/libctru-master/libctru/lib\libctru.a(gfx.o)
 *fill*         0x00116cce        0x2 
 .bss.gfxCurBuf
                0x00116cd0        0x2 C:/devkitPro/libctru-master/libctru/lib\libctru.a(gfx.o)
 .bss.gfxIsVram
                0x00116cd2        0x1 C:/devkitPro/libctru-master/libctru/lib\libctru.a(gfx.o)
 .bss.gfxTopMode
                0x00116cd3        0x1 C:/devkitPro/libctru-master/libctru/lib\libctru.a(gfx.o)
 .bss.gfxFramebufferFormats
                0x00116cd4        0x2 C:/devkitPro/libctru-master/libctru/lib\libctru.a(gfx.o)
 *fill*         0x00116cd6        0x2 
 .bss.gfxBottomFramebufferMaxSize
                0x00116cd8        0x4 C:/devkitPro/libctru-master/libctru/lib\libctru.a(gfx.o)
 .bss.gfxTopFramebufferMaxSize
                0x00116cdc        0x4 C:/devkitPro/libctru-master/libctru/lib\libctru.a(gfx.o)
 .bss.gfxBottomFramebuffers
                0x00116ce0        0x8 C:/devkitPro/libctru-master/libctru/lib\libctru.a(gfx.o)
 .bss.gfxTopFramebuffers
                0x00116ce8        0x8 C:/devkitPro/libctru-master/libctru/lib\libctru.a(gfx.o)
 .bss.__ctru_speedup
                0x00116cf0        0x1 C:/devkitPro/libctru-master/libctru/lib\libctru.a(os.o)
                0x00116cf0                __ctru_speedup
 *fill*         0x00116cf1        0x3 
 .bss.gpuCmdBufOffset
                0x00116cf4        0x4 C:/devkitPro/libctru-master/libctru/lib\libctru.a(gpu.o)
                0x00116cf4                gpuCmdBufOffset
 .bss.gpuCmdBufSize
                0x00116cf8        0x4 C:/devkitPro/libctru-master/libctru/lib\libctru.a(gpu.o)
                0x00116cf8                gpuCmdBufSize
 .bss.gpuCmdBuf
                0x00116cfc        0x4 C:/devkitPro/libctru-master/libctru/lib\libctru.a(gpu.o)
                0x00116cfc                gpuCmdBuf
 .bss.boundQueue
                0x00116d00        0x4 C:/devkitPro/libctru-master/libctru/lib\libctru.a(gx.o)
 .bss.shouldStop
                0x00116d04        0x1 C:/devkitPro/libctru-master/libctru/lib\libctru.a(gxqueue.o)
 .bss.isRunning
                0x00116d05        0x1 C:/devkitPro/libctru-master/libctru/lib\libctru.a(gxqueue.o)
 .bss.isActive  0x00116d06        0x1 C:/devkitPro/libctru-master/libctru/lib\libctru.a(gxqueue.o)
 *fill*         0x00116d07        0x1 
 .bss.curQueue  0x00116d08        0x4 C:/devkitPro/libctru-master/libctru/lib\libctru.a(gxqueue.o)
 .bss.flagValue.0
                0x00116d0c        0x1 C:/devkitPro/libctru-master/libctru/lib\libctru.a(apt.o)
 .bss.flagInit.1
                0x00116d0d        0x1 C:/devkitPro/libctru-master/libctru/lib\libctru.a(apt.o)
 *fill*         0x00116d0e        0x2 
 .bss.serviceName.6
                0x00116d10        0x4 C:/devkitPro/libctru-master/libctru/lib\libctru.a(apt.o)
 .bss.aptChainloadFlags
                0x00116d14        0x1 C:/devkitPro/libctru-master/libctru/lib\libctru.a(apt.o)
 .bss.aptChainloadMediatype
                0x00116d15        0x1 C:/devkitPro/libctru-master/libctru/lib\libctru.a(apt.o)
 *fill*         0x00116d16        0x2 
 .bss.aptChainloadHmac
                0x00116d18       0x20 C:/devkitPro/libctru-master/libctru/lib\libctru.a(apt.o)
 .bss.aptChainloadDeliverArg
                0x00116d38      0x300 C:/devkitPro/libctru-master/libctru/lib\libctru.a(apt.o)
 .bss.aptChainloadTid
                0x00117038        0x8 C:/devkitPro/libctru-master/libctru/lib\libctru.a(apt.o)
 .bss.aptParameters
                0x00117040     0x1000 C:/devkitPro/libctru-master/libctru/lib\libctru.a(apt.o)
 .bss.aptFlags  0x00118040        0x4 C:/devkitPro/libctru-master/libctru/lib\libctru.a(apt.o)
 .bss.aptHomeButtonState
                0x00118044        0x1 C:/devkitPro/libctru-master/libctru/lib\libctru.a(apt.o)
 *fill*         0x00118045        0x3 
 .bss.aptMessageFuncData
                0x00118048        0x4 C:/devkitPro/libctru-master/libctru/lib\libctru.a(apt.o)
 .bss.aptMessageFunc
                0x0011804c        0x4 C:/devkitPro/libctru-master/libctru/lib\libctru.a(apt.o)
 .bss.aptFirstHook
                0x00118050        0xc C:/devkitPro/libctru-master/libctru/lib\libctru.a(apt.o)
 .bss.aptEventHandlerThreadQuit
                0x0011805c        0x1 C:/devkitPro/libctru-master/libctru/lib\libctru.a(apt.o)
 *fill*         0x0011805d        0x3 
 .bss.aptEventHandlerThread
                0x00118060        0x4 C:/devkitPro/libctru-master/libctru/lib\libctru.a(apt.o)
 .bss.aptSleepEvent