Archive member included to satisfy reference by file (symbol)

C:/devkitPro/libctru-master/libctru/lib\libctru.a(console.o)
                              main.o (consoleInit)
C:/devkitPro/libctru-master/libctru/lib\libctru.a(gfx.o)
                              C:/devkitPro/libctru-master/libctru/lib\libctru.a(console.o) (gfxIsWide)
C:/devkitPro/libctru-master/libctru/lib\libctru.a(apt.o)
                              main.o (aptMainLoop)
C:/devkitPro/libctru-master/libctru/lib\libctru.a(gspgpu.o)
                              C:/devkitPro/libctru-master/libctru/lib\libctru.a(gfx.o) (gspInit)
C:/devkitPro/libctru-master/libctru/lib\libctru.a(hid.o)
                              main.o (hidScanInput)
C:/devkitPro/libctru-master/libctru/lib\libctru.a(irrst.o)
                              C:/devkitPro/libctru-master/libctru/lib\libctru.a(hid.o) (irrstInit)
C:/devkitPro/libctru-master/libctru/lib\libctru.a(ctru_init.o)
                              C:/devkitPro/libctru-master/libctru/lib\libctru.a(apt.o) (__system_retAddr)
C:/devkitPro/libctru-master/libctru/lib\libctru.a(initArgv.o)
                              C:/devkitPro/libctru-master/libctru/lib\libctru.a(ctru_init.o) (__system_initArgv)
C:/devkitPro/libctru-master/libctru/lib\libctru.a(syscalls.o)
                              C:/devkitPro/libctru-master/libctru/lib\libctru.a(ctru_init.o) (__system_initSyscalls)
C:/devkitPro/libctru-master/libctru/lib\libctru.a(svc.o)
                              C:/devkitPro/libctru-master/libctru/lib\libctru.a(apt.o) (svcSleepThread)
C:/devkitPro/libctru-master/libctru/lib\libctru.a(stack_adjust.o)
                              C:/devkitPro/devkitARM/bin/../lib/gcc/arm-none-eabi/15.2.0/../../../../arm-none-eabi/lib/armv6k/fpu/3dsx_crt0.o (initSystem)
C:/devkitPro/libctru-master/libctru/lib\libctru.a(default_font.bin.o)
                              C:/devkitPro/libctru-master/libctru/lib\libctru.a(console.o) (default_font_bin)
C:/devkitPro/libctru-master/libctru/lib\libctru.a(linear.o)
                              C:/devkitPro/libctru-master/libctru/lib\libctru.a(gfx.o) (linearAlloc)
C:/devkitPro/libctru-master/libctru/lib\libctru.a(mem_pool.o)
                              C:/devkitPro/libctru-master/libctru/lib\libctru.a(linear.o) (_ZN7MemPool8AllocateER8MemChunkmi)
C:/devkitPro/libctru-master/libctru/lib\libctru.a(vram.o)
                              C:/devkitPro/libctru-master/libctru/lib\libctru.a(gfx.o) (vramAlloc)
C:/devkitPro/libctru-master/libctru/lib\libctru.a(3dslink.o)
                              C:/devkitPro/libctru-master/libctru/lib\libctru.a(initArgv.o) (__3dslink_host)
C:/devkitPro/libctru-master/libctru/lib\libctru.a(env.o)
                              C:/devkitPro/libctru-master/libctru/lib\libctru.a(irrst.o) (envGetHandle)
C:/devkitPro/libctru-master/libctru/lib\libctru.a(os.o)
                              C:/devkitPro/libctru-master/libctru/lib\libctru.a(syscalls.o) (osGetTime)
C:/devkitPro/libctru-master/libctru/lib\libctru.a(srv.o)
                              C:/devkitPro/libctru-master/libctru/lib\libctru.a(apt.o) (srvInit)
C:/devkitPro/libctru-master/libctru/lib\libctru.a(synchronization.o)
                              C:/devkitPro/libctru-master/libctru/lib\libctru.a(ctru_init.o) (__sync_init)
C:/devkitPro/libctru-master/libctru/lib\libctru.a(thread.o)
                              C:/devkitPro/libctru-master/libctru/lib\libctru.a(apt.o) (threadCreate)
C:/devkitPro/libctru-master/libctru/lib\libctru.a(mappable.o)
                              C:/devkitPro/libctru-master/libctru/lib\libctru.a(apt.o) (mappableAlloc)
C:/devkitPro/libctru-master/libctru/lib\libctru.a(ptmsysm.o)
                              C:/devkitPro/libctru-master/libctru/lib\libctru.a(os.o) (ptmSysmInit)
C:/devkitPro/libctru-master/libctru/lib\libctru.a(srvpm.o)
                              C:/devkitPro/libctru-master/libctru/lib\libctru.a(srv.o) (srvPmGetSessionHandle)
C:/devkitPro/libctru-master/libctru/lib\libctru.a(soc_connect.o)
                              C:/devkitPro/libctru-master/libctru/lib\libctru.a(3dslink.o) (connect)
C:/devkitPro/libctru-master/libctru/lib\libctru.a(soc_socket.o)
                              C:/devkitPro/libctru-master/libctru/lib\libctru.a(3dslink.o) (socket)
C:/devkitPro/libctru-master/libctru/lib\libctru.a(rbtree_find.o)
                              C:/devkitPro/libctru-master/libctru/lib\libctru.a(linear.o) (rbtree_find)
C:/devkitPro/libctru-master/libctru/lib\libctru.a(rbtree_init.o)
                              C:/devkitPro/libctru-master/libctru/lib\libctru.a(linear.o) (rbtree_init)
C:/devkitPro/libctru-master/libctru/lib\libctru.a(rbtree_insert.o)
                              C:/devkitPro/libctru-master/libctru/lib\libctru.a(linear.o) (rbtree_insert)
C:/devkitPro/libctru-master/libctru/lib\libctru.a(rbtree_remove.o)
                              C:/devkitPro/libctru-master/libctru/lib\libctru.a(linear.o) (rbtree_remove)
[...]
Memory Configuration

Name             Origin             Length             Attributes
*default*        0x00000000         0xffffffff

Linker script and memory map

                0x00000000                        __sync_synchronize = __sync_synchronize_dmb
                0x00100000                        PROVIDE (__start__ = 0x100000)
                0x00100000                        . = __start__

.text           0x00100000    0x182a8
 *(.crt0)
 .crt0          0x00100000       0x94 C:/devkitPro/devkitARM/bin/../lib/gcc/arm-none-eabi/15.2.0/../../../../arm-none-eabi/lib/armv6k/fpu/3dsx_crt0.o
                0x00100000                _start
                0x00100008                __service_ptr
                0x0010000c                __apt_appid
                0x00100010                __heap_size
                0x00100014                __linear_heap_size
                0x00100018                __system_arglist
                0x0010001c                __system_runflags
 *(.init)
 .init          0x00100094        0xc C:/devkitPro/devkitARM/bin/../lib/gcc/arm-none-eabi/15.2.0/armv6k/fpu/crti.o
                0x00100094                _init
 .init          0x001000a0        0xc C:/devkitPro/devkitARM/bin/../lib/gcc/arm-none-eabi/15.2.0/armv6k/fpu/crtn.o
                0x001000ac                        . = ALIGN (0x4)
 *(.text)
 .text          0x001000ac      0x240 C:/devkitPro/devkitARM/bin/../lib/gcc/arm-none-eabi/15.2.0/armv6k/fpu\libgcc.a(_divsi3.o)
                0x001000ac                __divsi3
                0x001000ac                __aeabi_idiv
                0x001002cc                __aeabi_idivmod
 .text          0x001002ec        0x4 C:/devkitPro/devkitARM/bin/../lib/gcc/arm-none-eabi/15.2.0/armv6k/fpu\libgcc.a(_dvmd_tls.o)
                0x001002ec                __aeabi_idiv0
                0x001002ec                __aeabi_ldiv0
 .text          0x001002f0       0x3c C:/devkitPro/devkitARM/bin/../lib/gcc/arm-none-eabi/15.2.0/armv6k/fpu\libgcc.a(_aeabi_uldivmod.o)
                0x001002f0                __aeabi_uldivmod
 *fill*         0x0010032c       0x14 
 .text          0x00100340      0x390 C:/devkitPro/devkitARM/bin/../lib/gcc/arm-none-eabi/15.2.0/../../../../arm-none-eabi/lib/armv6k/fpu\libg.a(libc_a-strcmp.o)
                0x00100348                strcmp
 .text          0x001006d0      0x20c C:/devkitPro/devkitARM/bin/../lib/gcc/arm-none-eabi/15.2.0/armv6k/fpu\libgcc.a(_udivsi3.o)
                0x001006d0                __aeabi_uidiv
                0x001006d0                __udivsi3
                0x001008bc                __aeabi_uidivmod
 *(.text.*)
 .text.__do_global_dtors_aux
                0x001008dc       0x50 C:/devkitPro/devkitARM/bin/../lib/gcc/arm-none-eabi/15.2.0/armv6k/fpu/crtbegin.o
 .text.frame_dummy
                0x0010092c       0x2c C:/devkitPro/devkitARM/bin/../lib/gcc/arm-none-eabi/15.2.0/armv6k/fpu/crtbegin.o
 .text.printKeys.part.0
                0x00100958      0x1ac main.o
 *fill*         0x00100b04        0x4 
 .text.startup.main
                0x00100b08      0x17c main.o
                0x00100b08                main
 .text.consoleDrawChar
                0x00100c84      0x1c8 C:/devkitPro/libctru-master/libctru/lib\libctru.a(console.o)
                0x00100c84                consoleDrawChar
 .text.consolePrintChar
                0x00100e4c      0x170 C:/devkitPro/libctru-master/libctru/lib\libctru.a(console.o)
                0x00100e4c                consolePrintChar
 .text.con_write
                0x00100fbc      0xcc8 C:/devkitPro/libctru-master/libctru/lib\libctru.a(console.o)
                0x00100fbc                con_write
 .text.newRow   0x00101c84       0xfc C:/devkitPro/libctru-master/libctru/lib\libctru.a(console.o)
 .text.consoleInit
                0x00101d80      0x180 C:/devkitPro/libctru-master/libctru/lib\libctru.a(console.o)
                0x00101d80                consoleInit
 .text.gfxPresentFramebuffer
                0x00101f00       0xcc C:/devkitPro/libctru-master/libctru/lib\libctru.a(gfx.o)
 .text.gfxIsWide
                0x00101fcc       0x1c C:/devkitPro/libctru-master/libctru/lib\libctru.a(gfx.o)
                0x00101fcc                gfxIsWide
 .text.gfxSetScreenFormat
                0x00101fe8       0xf8 C:/devkitPro/libctru-master/libctru/lib\libctru.a(gfx.o)
                0x00101fe8                gfxSetScreenFormat
 .text.gfxSetDoubleBuffering
                0x001020e0       0x10 C:/devkitPro/libctru-master/libctru/lib\libctru.a(gfx.o)
                0x001020e0                gfxSetDoubleBuffering
 .text.gfxInit  0x001020f0       0xd8 C:/devkitPro/libctru-master/libctru/lib\libctru.a(gfx.o)
                0x001020f0                gfxInit
 .text.gfxInitDefault
                0x001021c8       0x10 C:/devkitPro/libctru-master/libctru/lib\libctru.a(gfx.o)
                0x001021c8                gfxInitDefault
 .text.gfxExit  0x001021d8       0xb8 C:/devkitPro/libctru-master/libctru/lib\libctru.a(gfx.o)
                0x001021d8                gfxExit
 .text.gfxGetFramebuffer
                0x00102290       0xa0 C:/devkitPro/libctru-master/libctru/lib\libctru.a(gfx.o)
                0x00102290                gfxGetFramebuffer
 .text.gfxFlushBuffers
                0x00102330      0x100 C:/devkitPro/libctru-master/libctru/lib\libctru.a(gfx.o)
                0x00102330                gfxFlushBuffers
 .text.gfxSwapBuffers
                0x00102430       0x50 C:/devkitPro/libctru-master/libctru/lib\libctru.a(gfx.o)
                0x00102430                gfxSwapBuffers
 .text.gfxSwapBuffersGpu
                0x00102480       0x50 C:/devkitPro/libctru-master/libctru/lib\libctru.a(gfx.o)
                0x00102480                gfxSwapBuffersGpu
 .text.aptConvertScreenForCapture
                0x001024d0      0x180 C:/devkitPro/libctru-master/libctru/lib\libctru.a(apt.o)
 .text.aptDspSleep
                0x00102650        0x8 C:/devkitPro/libctru-master/libctru/lib\libctru.a(apt.o)
                0x00102650                aptDspSleep
 .text.aptDspWakeup
                0x00102658        0x4 C:/devkitPro/libctru-master/libctru/lib\libctru.a(apt.o)
                0x00102658                aptDspWakeup
 .text.aptDspCancel
                0x0010265c        0x4 C:/devkitPro/libctru-master/libctru/lib\libctru.a(apt.o)
                0x0010265c                aptDspCancel
 .text.aptSendCommand
                0x00102660      0x138 C:/devkitPro/libctru-master/libctru/lib\libctru.a(apt.o)
                0x00102660                aptSendCommand
 .text.aptExitProcess
                0x00102798       0x44 C:/devkitPro/libctru-master/libctru/lib\libctru.a(apt.o)
 .text.aptExit  0x001027dc      0x394 C:/devkitPro/libctru-master/libctru/lib\libctru.a(apt.o)
                0x001027dc                aptExit
 .text.aptHandleSleep
                0x00102b70       0xd8 C:/devkitPro/libctru-master/libctru/lib\libctru.a(apt.o)
                0x00102b70                aptHandleSleep
 .text.APT_SleepIfShellClosed
                0x00102c48       0x84 C:/devkitPro/libctru-master/libctru/lib\libctru.a(apt.o)
                0x00102c48                APT_SleepIfShellClosed
 .text.aptSetSleepAllowed
                0x00102ccc       0x78 C:/devkitPro/libctru-master/libctru/lib\libctru.a(apt.o)
                0x00102ccc                aptSetSleepAllowed
 .text.APT_UnlockTransition
                0x00102d44       0x84 C:/devkitPro/libctru-master/libctru/lib\libctru.a(apt.o)
                0x00102d44                APT_UnlockTransition
 .text.aptEventHandler
                0x00102dc8      0x470 C:/devkitPro/libctru-master/libctru/lib\libctru.a(apt.o)
 .text.APT_ReceiveParameter
                0x00103238       0xbc C:/devkitPro/libctru-master/libctru/lib\libctru.a(apt.o)
                0x00103238                APT_ReceiveParameter
 .text.aptReceiveParameter.constprop.0
                0x001032f4       0xb0 C:/devkitPro/libctru-master/libctru/lib\libctru.a(apt.o)
 *fill*         0x001033a4        0x4 
 .text.aptScreenTransfer
                0x001033a8      0x294 C:/devkitPro/libctru-master/libctru/lib\libctru.a(apt.o)
 .text.aptWaitForWakeUp.isra.0
                0x0010363c      0x2d0 C:/devkitPro/libctru-master/libctru/lib\libctru.a(apt.o)
 .text.aptJumpToHomeMenu
                0x0010390c       0xf4 C:/devkitPro/libctru-master/libctru/lib\libctru.a(apt.o)
                0x0010390c                aptJumpToHomeMenu
 .text.aptMainLoop
                0x00103a00       0x58 C:/devkitPro/libctru-master/libctru/lib\libctru.a(apt.o)
                0x00103a00                aptMainLoop
 .text.aptInit  0x00103a58      0x240 C:/devkitPro/libctru-master/libctru/lib\libctru.a(apt.o)
                0x00103a58                aptInit
 .text.APT_CheckNew3DS
                0x00103c98       0x90 C:/devkitPro/libctru-master/libctru/lib\libctru.a(apt.o)
                0x00103c98                APT_CheckNew3DS
 .text.gspHardwareInit
                0x00103d28      0xc70 C:/devkitPro/libctru-master/libctru/lib\libctru.a(gspgpu.o)
 .text.gspInit  0x00104998      0x288 C:/devkitPro/libctru-master/libctru/lib\libctru.a(gspgpu.o)
                0x00104998                gspInit
 .text.gspExit  0x00104c20      0x104 C:/devkitPro/libctru-master/libctru/lib\libctru.a(gspgpu.o)
                0x00104c20                gspExit
 .text.gspHasGpuRight
                0x00104d24       0x10 C:/devkitPro/libctru-master/libctru/lib\libctru.a(gspgpu.o)
                0x00104d24                gspHasGpuRight
 .text.gspPresentBuffer
                0x00104d34       0xa4 C:/devkitPro/libctru-master/libctru/lib\libctru.a(gspgpu.o)
                0x00104d34                gspPresentBuffer
 .text.gspWaitForEvent
                0x00104dd8       0x50 C:/devkitPro/libctru-master/libctru/lib\libctru.a(gspgpu.o)
                0x00104dd8                gspWaitForEvent
 .text.gxCmdQueueInterrupt
                0x00104e28        0x4 C:/devkitPro/libctru-master/libctru/lib\libctru.a(gspgpu.o)
                0x00104e28                gxCmdQueueInterrupt
 .text.gspEventThreadMain
                0x00104e2c      0x154 C:/devkitPro/libctru-master/libctru/lib\libctru.a(gspgpu.o)
 .text.GSPGPU_FlushDataCache
                0x00104f80       0x50 C:/devkitPro/libctru-master/libctru/lib\libctru.a(gspgpu.o)
                0x00104f80                GSPGPU_FlushDataCache
 .text.GSPGPU_SetLcdForceBlack
                0x00104fd0       0x34 C:/devkitPro/libctru-master/libctru/lib\libctru.a(gspgpu.o)
                0x00104fd0                GSPGPU_SetLcdForceBlack
 .text.GSPGPU_AcquireRight
                0x00105004       0x84 C:/devkitPro/libctru-master/libctru/lib\libctru.a(gspgpu.o)
                0x00105004                GSPGPU_AcquireRight
 .text.GSPGPU_ReleaseRight
                0x00105088       0x64 C:/devkitPro/libctru-master/libctru/lib\libctru.a(gspgpu.o)
                0x00105088                GSPGPU_ReleaseRight
 .text.GSPGPU_ImportDisplayCaptureInfo
                0x001050ec       0x7c C:/devkitPro/libctru-master/libctru/lib\libctru.a(gspgpu.o)
                0x001050ec                GSPGPU_ImportDisplayCaptureInfo
 .text.GSPGPU_SaveVramSysArea
                0x00105168       0x2c C:/devkitPro/libctru-master/libctru/lib\libctru.a(gspgpu.o)
                0x00105168                GSPGPU_SaveVramSysArea
 .text.GSPGPU_RestoreVramSysArea
                0x00105194       0x2c C:/devkitPro/libctru-master/libctru/lib\libctru.a(gspgpu.o)
                0x00105194                GSPGPU_RestoreVramSysArea
 .text.hidShouldUseIrrst
                0x001051c0       0x24 C:/devkitPro/libctru-master/libctru/lib\libctru.a(hid.o)
                0x001051c0                hidShouldUseIrrst
 .text.hidInit  0x001051e4      0x1cc C:/devkitPro/libctru-master/libctru/lib\libctru.a(hid.o)
                0x001051e4                hidInit
 .text.hidExit  0x001053b0       0xe8 C:/devkitPro/libctru-master/libctru/lib\libctru.a(hid.o)
                0x001053b0                hidExit
 .text.hidScanInput
                0x00105498      0x2a0 C:/devkitPro/libctru-master/libctru/lib\libctru.a(hid.o)
                0x00105498                hidScanInput
 .text.hidKeysHeld
                0x00105738       0x10 C:/devkitPro/libctru-master/libctru/lib\libctru.a(hid.o)
                0x00105738                hidKeysHeld
 .text.hidKeysDown
                0x00105748       0x10 C:/devkitPro/libctru-master/libctru/lib\libctru.a(hid.o)
                0x00105748                hidKeysDown
 .text.hidKeysUp
                0x00105758       0x10 C:/devkitPro/libctru-master/libctru/lib\libctru.a(hid.o)
                0x00105758                hidKeysUp
 .text.hidCircleRead
                0x00105768       0x18 C:/devkitPro/libctru-master/libctru/lib\libctru.a(hid.o)
                0x00105768                hidCircleRead
 .text.irrstInit
                0x00105780      0x1a4 C:/devkitPro/libctru-master/libctru/lib\libctru.a(irrst.o)
                0x00105780                irrstInit
 .text.irrstExit
                0x00105924       0xdc C:/devkitPro/libctru-master/libctru/lib\libctru.a(irrst.o)
                0x00105924                irrstExit
 .text.irrstScanInput
                0x00105a00       0xb4 C:/devkitPro/libctru-master/libctru/lib\libctru.a(irrst.o)
                0x00105a00                irrstScanInput
 .text.irrstKeysHeld
                0x00105ab4       0x24 C:/devkitPro/libctru-master/libctru/lib\libctru.a(irrst.o)
                0x00105ab4                irrstKeysHeld
 .text.__libctru_init
                0x00105ad8       0x38 C:/devkitPro/libctru-master/libctru/lib\libctru.a(ctru_init.o)
                0x00105ad8                __libctru_init
 .text.__system_initArgv
                0x00105b10      0x16c C:/devkitPro/libctru-master/libctru/lib\libctru.a(initArgv.o)
                0x00105b10                __system_initArgv
 .text.__syscall_getreent
                0x00105c7c       0x30 C:/devkitPro/libctru-master/libctru/lib\libctru.a(syscalls.o)
                0x00105c7c                __syscall_getreent
 .text.__syscall_lock_acquire
                0x00105cac        0x4 C:/devkitPro/libctru-master/libctru/lib\libctru.a(syscalls.o)
                0x00105cac                __syscall_lock_acquire
 .text.__syscall_lock_release
                0x00105cb0        0x4 C:/devkitPro/libctru-master/libctru/lib\libctru.a(syscalls.o)
                0x00105cb0                __syscall_lock_release
 .text.__syscall_lock_acquire_recursive
                0x00105cb4        0x4 C:/devkitPro/libctru-master/libctru/lib\libctru.a(syscalls.o)
                0x00105cb4                __syscall_lock_acquire_recursive
 .text.__syscall_lock_release_recursive
                0x00105cb8        0x4 C:/devkitPro/libctru-master/libctru/lib\libctru.a(syscalls.o)
                0x00105cb8                __syscall_lock_release_recursive
 .text.__syscall_exit
                0x00105cbc        0x4 C:/devkitPro/libctru-master/libctru/lib\libctru.a(syscalls.o)
                0x00105cbc                __syscall_exit
 .text.initThreadVars
                0x00105cc0       0x54 C:/devkitPro/libctru-master/libctru/lib\libctru.a(syscalls.o)
                0x00105cc0                initThreadVars
 .text.__system_initSyscalls
                0x00105d14       0x80 C:/devkitPro/libctru-master/libctru/lib\libctru.a(syscalls.o)
                0x00105d14                __system_initSyscalls
 .text.svcControlMemory
                0x00105d94       0x20 C:/devkitPro/libctru-master/libctru/lib\libctru.a(svc.o)
                0x00105d94                svcControlMemory
 .text.svcQueryMemory
                0x00105db4       0x30 C:/devkitPro/libctru-master/libctru/lib\libctru.a(svc.o)
                0x00105db4                svcQueryMemory
 .text.svcExitProcess
                0x00105de4        0x8 C:/devkitPro/libctru-master/libctru/lib\libctru.a(svc.o)
                0x00105de4                svcExitProcess
 .text.svcCreateThread
                0x00105dec       0x20 C:/devkitPro/libctru-master/libctru/lib\libctru.a(svc.o)
                0x00105dec                svcCreateThread
 .text.svcExitThread
                0x00105e0c        0x8 C:/devkitPro/libctru-master/libctru/lib\libctru.a(svc.o)
                0x00105e0c                svcExitThread
 .text.svcSleepThread
                0x00105e14        0x8 C:/devkitPro/libctru-master/libctru/lib\libctru.a(svc.o)
                0x00105e14                svcSleepThread
 .text.svcReleaseMutex
                0x00105e1c        0x8 C:/devkitPro/libctru-master/libctru/lib\libctru.a(svc.o)
                0x00105e1c                svcReleaseMutex
 .text.svcCreateEvent
                0x00105e24       0x14 C:/devkitPro/libctru-master/libctru/lib\libctru.a(svc.o)
                0x00105e24                svcCreateEvent
 .text.svcSignalEvent
                0x00105e38        0x8 C:/devkitPro/libctru-master/libctru/lib\libctru.a(svc.o)
                0x00105e38                svcSignalEvent
 .text.svcClearEvent
                0x00105e40        0x8 C:/devkitPro/libctru-master/libctru/lib\libctru.a(svc.o)
                0x00105e40                svcClearEvent
 .text.svcMapMemoryBlock
                0x00105e48        0x8 C:/devkitPro/libctru-master/libctru/lib\libctru.a(svc.o)
                0x00105e48                svcMapMemoryBlock
 .text.svcUnmapMemoryBlock
                0x00105e50        0x8 C:/devkitPro/libctru-master/libctru/lib\libctru.a(svc.o)
                0x00105e50                svcUnmapMemoryBlock
 .text.svcCreateAddressArbiter
                0x00105e58       0x14 C:/devkitPro/libctru-master/libctru/lib\libctru.a(svc.o)
                0x00105e58                svcCreateAddressArbiter
 .text.svcArbitrateAddressNoTimeout
                0x00105e6c        0x8 C:/devkitPro/libctru-master/libctru/lib\libctru.a(svc.o)
                0x00105e6c                svcArbitrateAddressNoTimeout
 .text.svcCloseHandle
                0x00105e74        0x8 C:/devkitPro/libctru-master/libctru/lib\libctru.a(svc.o)
                0x00105e74                svcCloseHandle
 .text.svcWaitSynchronization
                0x00105e7c        0x8 C:/devkitPro/libctru-master/libctru/lib\libctru.a(svc.o)
                0x00105e7c                svcWaitSynchronization
 .text.svcWaitSynchronizationN
                0x00105e84       0x28 C:/devkitPro/libctru-master/libctru/lib\libctru.a(svc.o)
                0x00105e84                svcWaitSynchronizationN
 .text.svcDuplicateHandle
                0x00105eac       0x14 C:/devkitPro/libctru-master/libctru/lib\libctru.a(svc.o)
                0x00105eac                svcDuplicateHandle
 .text.svcConnectToPort
                0x00105ec0       0x14 C:/devkitPro/libctru-master/libctru/lib\libctru.a(svc.o)
                0x00105ec0                svcConnectToPort
 .text.svcSendSyncRequest
                0x00105ed4        0x8 C:/devkitPro/libctru-master/libctru/lib\libctru.a(svc.o)
                0x00105ed4                svcSendSyncRequest
 .text.svcGetResourceLimit
                0x00105edc       0x14 C:/devkitPro/libctru-master/libctru/lib\libctru.a(svc.o)
                0x00105edc                svcGetResourceLimit
 .text.svcGetResourceLimitLimitValues
                0x00105ef0        0x8 C:/devkitPro/libctru-master/libctru/lib\libctru.a(svc.o)
                0x00105ef0                svcGetResourceLimitLimitValues
 .text.svcGetResourceLimitCurrentValues
                0x00105ef8        0x8 C:/devkitPro/libctru-master/libctru/lib\libctru.a(svc.o)
                0x00105ef8                svcGetResourceLimitCurrentValues
 .text.svcBreak
                0x00105f00        0x8 C:/devkitPro/libctru-master/libctru/lib\libctru.a(svc.o)
                0x00105f00                svcBreak
 .text.initSystem
                0x00105f08       0x50 C:/devkitPro/libctru-master/libctru/lib\libctru.a(stack_adjust.o)
                0x00105f08                initSystem
 .text.__ctru_exit
                0x00105f58       0x14 C:/devkitPro/libctru-master/libctru/lib\libctru.a(stack_adjust.o)
                0x00105f58                __ctru_exit
 .text._ZL21addrMapNodeComparatorPK11rbtree_nodeS1_
                0x00105f6c       0x24 C:/devkitPro/libctru-master/libctru/lib\libctru.a(linear.o)
 .text._ZL21addrMapNodeDestructorP11rbtree_node
                0x00105f90        0x4 C:/devkitPro/libctru-master/libctru/lib\libctru.a(linear.o)
 .text.linearMemAlign
                0x00105f94      0x12c C:/devkitPro/libctru-master/libctru/lib\libctru.a(linear.o)
                0x00105f94                linearMemAlign
 .text.linearAlloc
                0x001060c0        0x8 C:/devkitPro/libctru-master/libctru/lib\libctru.a(linear.o)
                0x001060c0                linearAlloc
 .text.linearFree
                0x001060c8       0x5c C:/devkitPro/libctru-master/libctru/lib\libctru.a(linear.o)
                0x001060c8                linearFree
 .text._ZN7MemPool13CoalesceRightEP8MemBlock
                0x00106124       0x88 C:/devkitPro/libctru-master/libctru/lib\libctru.a(mem_pool.o)
                0x00106124                _ZN7MemPool13CoalesceRightEP8MemBlock
 .text._ZN7MemPool8AllocateER8MemChunkmi
                0x001061ac      0x178 C:/devkitPro/libctru-master/libctru/lib\libctru.a(mem_pool.o)
                0x001061ac                _ZN7MemPool8AllocateER8MemChunkmi
 .text._ZN7MemPool10DeallocateERK8MemChunk
                0x00106324      0x118 C:/devkitPro/libctru-master/libctru/lib\libctru.a(mem_pool.o)
                0x00106324                _ZN7MemPool10DeallocateERK8MemChunk
 .text._ZN7MemPool12GetFreeSpaceEv
                0x0010643c       0x30 C:/devkitPro/libctru-master/libctru/lib\libctru.a(mem_pool.o)
                0x0010643c                _ZN7MemPool12GetFreeSpaceEv
 .text._ZL21addrMapNodeComparatorPK11rbtree_nodeS1_
                0x0010646c       0x24 C:/devkitPro/libctru-master/libctru/lib\libctru.a(vram.o)
 .text._ZL21addrMapNodeDestructorP11rbtree_node
                0x00106490        0x4 C:/devkitPro/libctru-master/libctru/lib\libctru.a(vram.o)
 .text.vramMemAlignAt
                0x00106494      0x248 C:/devkitPro/libctru-master/libctru/lib\libctru.a(vram.o)
                0x00106494                vramMemAlignAt
 .text.vramAlloc
                0x001066dc        0xc C:/devkitPro/libctru-master/libctru/lib\libctru.a(vram.o)
                0x001066dc                vramAlloc
 .text.vramFree
                0x001066e8       0x94 C:/devkitPro/libctru-master/libctru/lib\libctru.a(vram.o)
                0x001066e8                vramFree
 .text.envGetHandle
                0x0010677c       0x8c C:/devkitPro/libctru-master/libctru/lib\libctru.a(env.o)
                0x0010677c                envGetHandle
 .text.envDestroyHandles
                0x00106808       0x50 C:/devkitPro/libctru-master/libctru/lib\libctru.a(env.o)
                0x00106808                envDestroyHandles
 .text.__ctru_speedup_config
                0x00106858       0x34 C:/devkitPro/libctru-master/libctru/lib\libctru.a(os.o)
                0x00106858                __ctru_speedup_config
 .text.srvInit  0x0010688c      0x164 C:/devkitPro/libctru-master/libctru/lib\libctru.a(srv.o)
                0x0010688c                srvInit
 .text.srvExit  0x001069f0       0x64 C:/devkitPro/libctru-master/libctru/lib\libctru.a(srv.o)
                0x001069f0                srvExit
 .text.srvEnableNotification
                0x00106a54       0x60 C:/devkitPro/libctru-master/libctru/lib\libctru.a(srv.o)
                0x00106a54                srvEnableNotification
 .text.srvGetServiceHandleDirect
                0x00106ab4       0xa0 C:/devkitPro/libctru-master/libctru/lib\libctru.a(srv.o)
                0x00106ab4                srvGetServiceHandleDirect
 .text.srvGetServiceHandle
                0x00106b54       0x48 C:/devkitPro/libctru-master/libctru/lib\libctru.a(srv.o)
                0x00106b54                srvGetServiceHandle
 .text.srvSubscribe
                0x00106b9c       0x34 C:/devkitPro/libctru-master/libctru/lib\libctru.a(srv.o)
                0x00106b9c                srvSubscribe
 .text.srvReceiveNotification
                0x00106bd0       0x60 C:/devkitPro/libctru-master/libctru/lib\libctru.a(srv.o)
                0x00106bd0                srvReceiveNotification
 .text.srvPublishToSubscriber
                0x00106c30       0x38 C:/devkitPro/libctru-master/libctru/lib\libctru.a(srv.o)
                0x00106c30                srvPublishToSubscriber
 .text.__sync_init
                0x00106c68        0xc C:/devkitPro/libctru-master/libctru/lib\libctru.a(synchronization.o)
                0x00106c68                __sync_init
 .text.__sync_fini
                0x00106c74       0x18 C:/devkitPro/libctru-master/libctru/lib\libctru.a(synchronization.o)
                0x00106c74                __sync_fini
 .text.syncArbitrateAddress
                0x00106c8c       0x28 C:/devkitPro/libctru-master/libctru/lib\libctru.a(synchronization.o)
                0x00106c8c                syncArbitrateAddress
 .text.LightLock_Lock
                0x00106cb4       0xac C:/devkitPro/libctru-master/libctru/lib\libctru.a(synchronization.o)
                0x00106cb4                LightLock_Lock
 .text.LightLock_Unlock
                0x00106d60       0x40 C:/devkitPro/libctru-master/libctru/lib\libctru.a(synchronization.o)
                0x00106d60                LightLock_Unlock
 .text.RecursiveLock_Lock
                0x00106da0       0x54 C:/devkitPro/libctru-master/libctru/lib\libctru.a(synchronization.o)
                0x00106da0                RecursiveLock_Lock
 .text.RecursiveLock_Unlock
                0x00106df4       0x54 C:/devkitPro/libctru-master/libctru/lib\libctru.a(synchronization.o)
                0x00106df4                RecursiveLock_Unlock
 .text.LightEvent_Init
                0x00106e48       0x44 C:/devkitPro/libctru-master/libctru/lib\libctru.a(synchronization.o)
                0x00106e48                LightEvent_Init
 .text.LightEvent_Clear
                0x00106e8c       0xb8 C:/devkitPro/libctru-master/libctru/lib\libctru.a(synchronization.o)
                0x00106e8c                LightEvent_Clear
 .text.LightEvent_Signal
                0x00106f44       0xdc C:/devkitPro/libctru-master/libctru/lib\libctru.a(synchronization.o)
                0x00106f44                LightEvent_Signal
 .text.LightEvent_TryWait
                0x00107020       0x50 C:/devkitPro/libctru-master/libctru/lib\libctru.a(synchronization.o)
                0x00107020                LightEvent_TryWait
 .text.LightEvent_Wait
                0x00107070       0xac C:/devkitPro/libctru-master/libctru/lib\libctru.a(synchronization.o)
                0x00107070                LightEvent_Wait
 .text.threadCreate
                0x0010711c      0x1fc C:/devkitPro/libctru-master/libctru/lib\libctru.a(thread.o)
                0x0010711c                threadCreate
 .text.threadFree
                0x00107318       0x38 C:/devkitPro/libctru-master/libctru/lib\libctru.a(thread.o)
                0x00107318                threadFree
 .text.threadJoin
                0x00107350       0x24 C:/devkitPro/libctru-master/libctru/lib\libctru.a(thread.o)
                0x00107350                threadJoin
 .text.threadGetCurrent
                0x00107374       0x30 C:/devkitPro/libctru-master/libctru/lib\libctru.a(thread.o)
                0x00107374                threadGetCurrent
 .text.threadExit
                0x001073a4       0x40 C:/devkitPro/libctru-master/libctru/lib\libctru.a(thread.o)
                0x001073a4                threadExit
 .text._thread_begin
                0x001073e4       0x20 C:/devkitPro/libctru-master/libctru/lib\libctru.a(thread.o)
 .text.mappableFindAddressWithin
                0x00107404       0x90 C:/devkitPro/libctru-master/libctru/lib\libctru.a(mappable.o)
 .text.mappableInit
                0x00107494       0x28 C:/devkitPro/libctru-master/libctru/lib\libctru.a(mappable.o)
                0x00107494                mappableInit
 .text.mappableAlloc
                0x001074bc       0x7c C:/devkitPro/libctru-master/libctru/lib\libctru.a(mappable.o)
                0x001074bc                mappableAlloc
 .text.mappableFree
                0x00107538        0x4 C:/devkitPro/libctru-master/libctru/lib\libctru.a(mappable.o)
                0x00107538                mappableFree
 .text.ptmSysmInit
                0x0010753c       0x78 C:/devkitPro/libctru-master/libctru/lib\libctru.a(ptmsysm.o)
                0x0010753c                ptmSysmInit
 .text.ptmSysmExit
                0x001075b4       0x3c C:/devkitPro/libctru-master/libctru/lib\libctru.a(ptmsysm.o)
                0x001075b4                ptmSysmExit
 .text.PTMSYSM_ConfigureNew3DSCPU
                0x001075f0       0x34 C:/devkitPro/libctru-master/libctru/lib\libctru.a(ptmsysm.o)
                0x001075f0                PTMSYSM_ConfigureNew3DSCPU
 .text.srvPmGetSessionHandle
                0x00107624        0xc C:/devkitPro/libctru-master/libctru/lib\libctru.a(srvpm.o)
                0x00107624                srvPmGetSessionHandle
 .text.rbtree_find
                0x00107630       0x74 C:/devkitPro/libctru-master/libctru/lib\libctru.a(rbtree_find.o)
                0x00107630                rbtree_find
 .text.rbtree_init
                0x001076a4       0x10 C:/devkitPro/libctru-master/libctru/lib\libctru.a(rbtree_init.o)
                0x001076a4                rbtree_init
 .text.do_insert
                0x001076b4      0x198 C:/devkitPro/libctru-master/libctru/lib\libctru.a(rbtree_insert.o)
 .text.rbtree_insert
                0x0010784c        0x8 C:/devkitPro/libctru-master/libctru/lib\libctru.a(rbtree_insert.o)
                0x0010784c                rbtree_insert
 .text.rbtree_remove
                0x00107854      0x310 C:/devkitPro/libctru-master/libctru/lib\libctru.a(rbtree_remove.o)
                0x00107854                rbtree_remove
 .text.rbtree_rotate
                0x00107b64       0x90 C:/devkitPro/libctru-master/libctru/lib\libctru.a(rbtree_rotate.o)
                0x00107b64                rbtree_rotate
 *fill*         0x00107bf4        0x4 
 .text.__system_allocateHeaps
                0x00107bf8      0x1e8 C:/devkitPro/libctru-master/libctru/lib\libctru.a(allocateHeaps.o)
                0x00107bf8                __system_allocateHeaps
 .text.__appExit
                0x00107de0       0x30 C:/devkitPro/libctru-master/libctru/lib\libctru.a(appExit.o)
                0x00107de0                __appExit
 .text.__appInit
                0x00107e10       0x30 C:/devkitPro/libctru-master/libctru/lib\libctru.a(appInit.o)
                0x00107e10                __appInit
 .text.__libctru_exit
                0x00107e40       0x90 C:/devkitPro/libctru-master/libctru/lib\libctru.a(ctru_exit.o)
                0x00107e40                __libctru_exit
 .text.error_cmp
                0x00107ed0       0x24 C:/devkitPro/libctru-master/libctru/lib\libctru.a(archive_dev.o)
 .text.archive_translate_error
                0x00107ef4       0x50 C:/devkitPro/libctru-master/libctru/lib\libctru.a(archive_dev.o)
 .text.archive_seek
                0x00107f44       0xc0 C:/devkitPro/libctru-master/libctru/lib\libctru.a(archive_dev.o)
 .text._archiveInit.part.0
                0x00108004       0x78 C:/devkitPro/libctru-master/libctru/lib\libctru.a(archive_dev.o)
 .text.archiveFindDevice.part.0
                0x0010807c      0x110 C:/devkitPro/libctru-master/libctru/lib\libctru.a(archive_dev.o)
 .text.archive_utf16path
                0x0010818c      0x298 C:/devkitPro/libctru-master/libctru/lib\libctru.a(archive_dev.o)
 .text._archiveUnmountDeviceStruct.part.0
                0x00108424       0x98 C:/devkitPro/libctru-master/libctru/lib\libctru.a(archive_dev.o)
 .text._archiveMountDevice
                0x001084bc      0x178 C:/devkitPro/libctru-master/libctru/lib\libctru.a(archive_dev.o)
 .text.archive_diropen
                0x00108634       0xf8 C:/devkitPro/libctru-master/libctru/lib\libctru.a(archive_dev.o)
 .text.archive_fstat
                0x0010872c       0xac C:/devkitPro/libctru-master/libctru/lib\libctru.a(archive_dev.o)
 .text.archive_fsync
                0x001087d8       0x74 C:/devkitPro/libctru-master/libctru/lib\libctru.a(archive_dev.o)
 .text.archive_close
                0x0010884c       0x74 C:/devkitPro/libctru-master/libctru/lib\libctru.a(archive_dev.o)
 .text.archive_dirclose
                0x001088c0       0x78 C:/devkitPro/libctru-master/libctru/lib\libctru.a(archive_dev.o)
 .text.sdmc_statvfs
                0x00108938       0xec C:/devkitPro/libctru-master/libctru/lib\libctru.a(archive_dev.o)
 .text.archive_chdir
                0x00108a24       0xf8 C:/devkitPro/libctru-master/libctru/lib\libctru.a(archive_dev.o)
 .text.archive_ftruncate
                0x00108b1c       0x8c C:/devkitPro/libctru-master/libctru/lib\libctru.a(archive_dev.o)
 .text.archive_read
                0x00108ba8       0xbc C:/devkitPro/libctru-master/libctru/lib\libctru.a(archive_dev.o)
 .text.archive_unlink
                0x00108c64       0xa8 C:/devkitPro/libctru-master/libctru/lib\libctru.a(archive_dev.o)
 .text.archive_rmdir
                0x00108d0c       0xc0 C:/devkitPro/libctru-master/libctru/lib\libctru.a(archive_dev.o)
 .text.archive_mkdir
                0x00108dcc       0xd8 C:/devkitPro/libctru-master/libctru/lib\libctru.a(archive_dev.o)
 .text.archive_stat
                0x00108ea4      0x1a0 C:/devkitPro/libctru-master/libctru/lib\libctru.a(archive_dev.o)
 .text.archive_dirnext
                0x00109044      0x164 C:/devkitPro/libctru-master/libctru/lib\libctru.a(archive_dev.o)
 .text.archive_write
                0x001091a8      0x13c C:/devkitPro/libctru-master/libctru/lib\libctru.a(archive_dev.o)
 *fill*         0x001092e4        0x4 
 .text.archive_open
                0x001092e8      0x254 C:/devkitPro/libctru-master/libctru/lib\libctru.a(archive_dev.o)
 .text.archive_rename
                0x0010953c      0x270 C:/devkitPro/libctru-master/libctru/lib\libctru.a(archive_dev.o)
 .text.archiveMountSdmc
                0x001097ac      0x1c8 C:/devkitPro/libctru-master/libctru/lib\libctru.a(archive_dev.o)
                0x001097ac                archiveMountSdmc
 .text.archiveUnmountAll
                0x00109974       0x54 C:/devkitPro/libctru-master/libctru/lib\libctru.a(archive_dev.o)
                0x00109974                archiveUnmountAll
 .text.fsInit   0x001099c8      0x104 C:/devkitPro/libctru-master/libctru/lib\libctru.a(fs.o)
                0x001099c8                fsInit
 .text.fsExit   0x00109acc       0x3c C:/devkitPro/libctru-master/libctru/lib\libctru.a(fs.o)
                0x00109acc                fsExit
 .text.fsExemptFromSession
                0x00109b08       0x68 C:/devkitPro/libctru-master/libctru/lib\libctru.a(fs.o)
                0x00109b08                fsExemptFromSession
 .text.fsUnexemptFromSession
                0x00109b70       0x50 C:/devkitPro/libctru-master/libctru/lib\libctru.a(fs.o)
                0x00109b70                fsUnexemptFromSession
 .text.FSUSER_OpenFile
                0x00109bc0       0xcc C:/devkitPro/libctru-master/libctru/lib\libctru.a(fs.o)
                0x00109bc0                FSUSER_OpenFile
 .text.FSUSER_DeleteFile
                0x00109c8c       0xb8 C:/devkitPro/libctru-master/libctru/lib\libctru.a(fs.o)
                0x00109c8c                FSUSER_DeleteFile
 .text.FSUSER_RenameFile
                0x00109d44       0xf4 C:/devkitPro/libctru-master/libctru/lib\libctru.a(fs.o)
                0x00109d44                FSUSER_RenameFile
 .text.FSUSER_DeleteDirectory
                0x00109e38       0xb8 C:/devkitPro/libctru-master/libctru/lib\libctru.a(fs.o)
                0x00109e38                FSUSER_DeleteDirectory
 .text.FSUSER_CreateFile
                0x00109ef0       0xd0 C:/devkitPro/libctru-master/libctru/lib\libctru.a(fs.o)
                0x00109ef0                FSUSER_CreateFile
 .text.FSUSER_CreateDirectory
                0x00109fc0       0xc0 C:/devkitPro/libctru-master/libctru/lib\libctru.a(fs.o)
                0x00109fc0                FSUSER_CreateDirectory
 .text.FSUSER_RenameDirectory
                0x0010a080       0xf4 C:/devkitPro/libctru-master/libctru/lib\libctru.a(fs.o)
                0x0010a080                FSUSER_RenameDirectory
 .text.FSUSER_OpenDirectory
                0x0010a174       0xb4 C:/devkitPro/libctru-master/libctru/lib\libctru.a(fs.o)
                0x0010a174                FSUSER_OpenDirectory
 .text.FSUSER_OpenArchive
                0x0010a228       0x90 C:/devkitPro/libctru-master/libctru/lib\libctru.a(fs.o)
                0x0010a228                FSUSER_OpenArchive
 .text.FSUSER_CloseArchive
                0x0010a2b8       0x8c C:/devkitPro/libctru-master/libctru/lib\libctru.a(fs.o)
                0x0010a2b8                FSUSER_CloseArchive
 .text.FSUSER_GetSdmcArchiveResource
                0x0010a344       0x74 C:/devkitPro/libctru-master/libctru/lib\libctru.a(fs.o)
                0x0010a344                FSUSER_GetSdmcArchiveResource
 .text.FSUSER_IsSdmcWritable
                0x0010a3b8       0x64 C:/devkitPro/libctru-master/libctru/lib\libctru.a(fs.o)
                0x0010a3b8                FSUSER_IsSdmcWritable
 .text.FSFILE_Read
                0x0010a41c       0x64 C:/devkitPro/libctru-master/libctru/lib\libctru.a(fs.o)
                0x0010a41c                FSFILE_Read
 .text.FSFILE_Write
                0x0010a480       0x6c C:/devkitPro/libctru-master/libctru/lib\libctru.a(fs.o)
                0x0010a480                FSFILE_Write
 .text.FSFILE_GetSize
                0x0010a4ec       0x44 C:/devkitPro/libctru-master/libctru/lib\libctru.a(fs.o)
                0x0010a4ec                FSFILE_GetSize
 .text.FSFILE_SetSize
                0x0010a530       0x28 C:/devkitPro/libctru-master/libctru/lib\libctru.a(fs.o)
                0x0010a530                FSFILE_SetSize
 .text.FSFILE_Close
                0x0010a558       0x3c C:/devkitPro/libctru-master/libctru/lib\libctru.a(fs.o)
                0x0010a558                FSFILE_Close
 .text.FSFILE_Flush
                0x0010a594       0x24 C:/devkitPro/libctru-master/libctru/lib\libctru.a(fs.o)
                0x0010a594                FSFILE_Flush
 .text.FSDIR_Read
                0x0010a5b8       0x60 C:/devkitPro/libctru-master/libctru/lib\libctru.a(fs.o)
                0x0010a5b8                FSDIR_Read
 .text.FSDIR_Close
                0x0010a618       0x3c C:/devkitPro/libctru-master/libctru/lib\libctru.a(fs.o)
                0x0010a618                FSDIR_Close
 .text.rbtree_node_next
                0x0010a654       0x60 C:/devkitPro/libctru-master/libctru/lib\libctru.a(rbtree_iterator.o)
                0x0010a654                rbtree_node_next
 .text.decode_utf8
                0x0010a6b4      0x140 C:/devkitPro/libctru-master/libctru/lib\libctru.a(decode_utf8.o)
                0x0010a6b4                decode_utf8
 .text.utf16_to_utf8
                0x0010a7f4       0xe8 C:/devkitPro/libctru-master/libctru/lib\libctru.a(utf16_to_utf8.o)
                0x0010a7f4                utf16_to_utf8
 .text.utf8_to_utf16
                0x0010a8dc       0xc0 C:/devkitPro/libctru-master/libctru/lib\libctru.a(utf8_to_utf16.o)
                0x0010a8dc                utf8_to_utf16
 .text.__aeabi_read_tp
                0x0010a99c        0xc C:/devkitPro/libctru-master/libctru/lib\libctru.a(readtp.o)
                0x0010a99c                __aeabi_read_tp
 .text.decode_utf16
                0x0010a9a8       0x54 C:/devkitPro/libctru-master/libctru/lib\libctru.a(decode_utf16.o)
                0x0010a9a8                decode_utf16
 .text.encode_utf16
                0x0010a9fc       0x54 C:/devkitPro/libctru-master/libctru/lib\libctru.a(encode_utf16.o)
                0x0010a9fc                encode_utf16
 .text.encode_utf8
                0x0010aa50       0xe0 C:/devkitPro/libctru-master/libctru/lib\libctru.a(encode_utf8.o)
                0x0010aa50                encode_utf8
 .text.atan2    0x0010ab30        0x4 C:/devkitPro/devkitARM/bin/../lib/gcc/arm-none-eabi/15.2.0/../../../../arm-none-eabi/lib/armv6k/fpu\libm.a(libm_a-w_atan2.o)
                0x0010ab30                atan2
 *fill*         0x0010ab34        0x4 
 .text.sqrt     0x0010ab38       0x58 C:/devkitPro/devkitARM/bin/../lib/gcc/arm-none-eabi/15.2.0/../../../../arm-none-eabi/lib/armv6k/fpu\libm.a(libm_a-w_sqrt.o)
                0x0010ab38                sqrt
 .text.__ieee754_sqrt
                0x0010ab90        0x8 C:/devkitPro/devkitARM/bin/../lib/gcc/arm-none-eabi/15.2.0/../../../../arm-none-eabi/lib/armv6k/fpu\libm.a(libm_a-e_sqrt.o)
                0x0010ab90                __ieee754_sqrt
 .text.__ieee754_atan2
                0x0010ab98      0x21c C:/devkitPro/devkitARM/bin/../lib/gcc/arm-none-eabi/15.2.0/../../../../arm-none-eabi/lib/armv6k/fpu\libm.a(libm_a-e_atan2.o)
                0x0010ab98                __ieee754_atan2
 *fill*         0x0010adb4        0x4 
 .text.atan     0x0010adb8      0x28c C:/devkitPro/devkitARM/bin/../lib/gcc/arm-none-eabi/15.2.0/../../../../arm-none-eabi/lib/armv6k/fpu\libm.a(libm_a-s_atan.o)
                0x0010adb8                atan
 .text.fabs     0x0010b044       0x14 C:/devkitPro/devkitARM/bin/../lib/gcc/arm-none-eabi/15.2.0/../../../../arm-none-eabi/lib/armv6k/fpu\libm.a(libm_a-s_fabs.o)
                0x0010b044                fabs
 .text.__udivmoddi4
                0x0010b058      0x130 C:/devkitPro/devkitARM/bin/../lib/gcc/arm-none-eabi/15.2.0/armv6k/fpu\libgcc.a(_udivmoddi4.o)
                0x0010b058                __udivmoddi4
 .text.strncat  0x0010b188       0xe4 C:/devkitPro/devkitARM/bin/../lib/gcc/arm-none-eabi/15.2.0/../../../../arm-none-eabi/lib/armv6k/fpu\libg.a(libc_a-strncat.o)
                0x0010b188                strncat
 .text.memcpy   0x0010b26c      0x128 C:/devkitPro/devkitARM/bin/../lib/gcc/arm-none-eabi/15.2.0/../../../../arm-none-eabi/lib/armv6k/fpu\libg.a(libc_a-memcpy-stub.o)
                0x0010b26c                memcpy
 .text.strlen   0x0010b394       0x8c C:/devkitPro/devkitARM/bin/../lib/gcc/arm-none-eabi/15.2.0/../../../../arm-none-eabi/lib/armv6k/fpu\libg.a(libc_a-strlen.o)
                0x0010b394                strlen
 .text.bsearch  0x0010b420       0x78 C:/devkitPro/devkitARM/bin/../lib/gcc/arm-none-eabi/15.2.0/../../../../arm-none-eabi/lib/armv6k/fpu\libg.a(libc_a-bsearch.o)
                0x0010b420                bsearch
 .text.memalign
                0x0010b498       0x28 C:/devkitPro/devkitARM/bin/../lib/gcc/arm-none-eabi/15.2.0/../../../../arm-none-eabi/lib/armv6k/fpu\libg.a(libc_a-malign.o)
                0x0010b498                memalign
 .text.printf   0x0010b4c0       0x34 C:/devkitPro/devkitARM/bin/../lib/gcc/arm-none-eabi/15.2.0/../../../../arm-none-eabi/lib/armv6k/fpu\libg.a(libc_a-printf.o)
                0x0010b4c0                printf
 .text._strtoul_l.isra.0
                0x0010b4f4      0x1ec C:/devkitPro/devkitARM/bin/../lib/gcc/arm-none-eabi/15.2.0/../../../../arm-none-eabi/lib/armv6k/fpu\libg.a(libc_a-strtoul.o)
 .text.strtoul  0x0010b6e0       0x3c C:/devkitPro/devkitARM/bin/../lib/gcc/arm-none-eabi/15.2.0/../../../../arm-none-eabi/lib/armv6k/fpu\libg.a(libc_a-strtoul.o)
                0x0010b6e0                strtoul
 .text._memalign_r
                0x0010b71c      0x16c C:/devkitPro/devkitARM/bin/../lib/gcc/arm-none-eabi/15.2.0/../../../../arm-none-eabi/lib/armv6k/fpu\libg.a(libc_a-malignr.o)
                0x0010b71c                _memalign_r
 .text.__errno  0x0010b888        0xc C:/devkitPro/devkitARM/bin/../lib/gcc/arm-none-eabi/15.2.0/../../../../arm-none-eabi/lib/armv6k/fpu\libg.a(libc_a-errno.o)
                0x0010b888                __errno
 .text.memset   0x0010b894       0xe4 C:/devkitPro/devkitARM/bin/../lib/gcc/arm-none-eabi/15.2.0/../../../../arm-none-eabi/lib/armv6k/fpu\libg.a(libc_a-memset.o)
                0x0010b894                memset
 .text.__sflush_r
                0x0010b978      0x22c C:/devkitPro/devkitARM/bin/../lib/gcc/arm-none-eabi/15.2.0/../../../../arm-none-eabi/lib/armv6k/fpu\libg.a(libc_a-fflush.o)
                0x0010b978                __sflush_r
 .text._fflush_r
                0x0010bba4       0xc4 C:/devkitPro/devkitARM/bin/../lib/gcc/arm-none-eabi/15.2.0/../../../../arm-none-eabi/lib/armv6k/fpu\libg.a(libc_a-fflush.o)
                0x0010bba4                _fflush_r
 .text._malloc_r
                0x0010bc68      0x82c C:/devkitPro/devkitARM/bin/../lib/gcc/arm-none-eabi/15.2.0/../../../../arm-none-eabi/lib/armv6k/fpu\libg.a(libc_a-mallocr.o)
                0x0010bc68                _malloc_r
 .text._malloc_trim_r
                0x0010c494      0x114 C:/devkitPro/devkitARM/bin/../lib/gcc/arm-none-eabi/15.2.0/../../../../arm-none-eabi/lib/armv6k/fpu\libg.a(libc_a-freer.o)
                0x0010c494                _malloc_trim_r
 .text._free_r  0x0010c5a8      0x314 C:/devkitPro/devkitARM/bin/../lib/gcc/arm-none-eabi/15.2.0/../../../../arm-none-eabi/lib/armv6k/fpu\libg.a(libc_a-freer.o)
                0x0010c5a8                _free_r
 .text.setvbuf  0x0010c8bc      0x294 C:/devkitPro/devkitARM/bin/../lib/gcc/arm-none-eabi/15.2.0/../../../../arm-none-eabi/lib/armv6k/fpu\libg.a(libc_a-setvbuf.o)
                0x0010c8bc                setvbuf
 .text.stdio_exit_handler
                0x0010cb50       0x1c C:/devkitPro/devkitARM/bin/../lib/gcc/arm-none-eabi/15.2.0/../../../../arm-none-eabi/lib/armv6k/fpu\libg.a(libc_a-findfp.o)
 .text.cleanup_stdio
                0x0010cb6c       0x5c C:/devkitPro/devkitARM/bin/../lib/gcc/arm-none-eabi/15.2.0/../../../../arm-none-eabi/lib/armv6k/fpu\libg.a(libc_a-findfp.o)
 .text.global_stdio_init.part.0
                0x0010cbc8      0x154 C:/devkitPro/devkitARM/bin/../lib/gcc/arm-none-eabi/15.2.0/../../../../arm-none-eabi/lib/armv6k/fpu\libg.a(libc_a-findfp.o)
 .text.__sinit  0x0010cd1c       0x5c C:/devkitPro/devkitARM/bin/../lib/gcc/arm-none-eabi/15.2.0/../../../../arm-none-eabi/lib/armv6k/fpu\libg.a(libc_a-findfp.o)
                0x0010cd1c                __sinit
 .text.__sfp_lock_acquire
                0x0010cd78        0xc C:/devkitPro/devkitARM/bin/../lib/gcc/arm-none-eabi/15.2.0/../../../../arm-none-eabi/lib/armv6k/fpu\libg.a(libc_a-findfp.o)
                0x0010cd78                __sfp_lock_acquire
 .text.__sfp_lock_release
                0x0010cd84        0xc C:/devkitPro/devkitARM/bin/../lib/gcc/arm-none-eabi/15.2.0/../../../../arm-none-eabi/lib/armv6k/fpu\libg.a(libc_a-findfp.o)
                0x0010cd84                __sfp_lock_release
 .text.__libc_init_array
                0x0010cd90       0x84 C:/devkitPro/devkitARM/bin/../lib/gcc/arm-none-eabi/15.2.0/../../../../arm-none-eabi/lib/armv6k/fpu\libg.a(libc_a-init.o)
                0x0010cd90                __libc_init_array
 .text.strncpy  0x0010ce14       0xd4 C:/devkitPro/devkitARM/bin/../lib/gcc/arm-none-eabi/15.2.0/../../../../arm-none-eabi/lib/armv6k/fpu\libg.a(libc_a-strncpy.o)
                0x0010ce14                strncpy
 .text.malloc   0x0010cee8       0x40 C:/devkitPro/devkitARM/bin/../lib/gcc/arm-none-eabi/15.2.0/../../../../arm-none-eabi/lib/armv6k/fpu\libg.a(libc_a-malloc.o)
                0x0010cee8                malloc
 .text.free     0x0010cf28       0x20 C:/devkitPro/devkitARM/bin/../lib/gcc/arm-none-eabi/15.2.0/../../../../arm-none-eabi/lib/armv6k/fpu\libg.a(libc_a-malloc.o)
                0x0010cf28                free
 .text._puts_r  0x0010cf48       0xe0 C:/devkitPro/devkitARM/bin/../lib/gcc/arm-none-eabi/15.2.0/../../../../arm-none-eabi/lib/armv6k/fpu\libg.a(libc_a-puts.o)
                0x0010cf48                _puts_r
 .text.puts     0x0010d028       0x20 C:/devkitPro/devkitARM/bin/../lib/gcc/arm-none-eabi/15.2.0/../../../../arm-none-eabi/lib/armv6k/fpu\libg.a(libc_a-puts.o)
                0x0010d028                puts
 .text.__sread  0x0010d048       0x44 C:/devkitPro/devkitARM/bin/../lib/gcc/arm-none-eabi/15.2.0/../../../../arm-none-eabi/lib/armv6k/fpu\libg.a(libc_a-stdio.o)
                0x0010d048                __sread
 .text.__swrite
                0x0010d08c       0x68 C:/devkitPro/devkitARM/bin/../lib/gcc/arm-none-eabi/15.2.0/../../../../arm-none-eabi/lib/armv6k/fpu\libg.a(libc_a-stdio.o)
                0x0010d08c                __swrite
 .text.__sseek  0x0010d0f4       0x40 C:/devkitPro/devkitARM/bin/../lib/gcc/arm-none-eabi/15.2.0/../../../../arm-none-eabi/lib/armv6k/fpu\libg.a(libc_a-stdio.o)
                0x0010d0f4                __sseek
 .text.__sclose
                0x0010d134        0x8 C:/devkitPro/devkitARM/bin/../lib/gcc/arm-none-eabi/15.2.0/../../../../arm-none-eabi/lib/armv6k/fpu\libg.a(libc_a-stdio.o)
                0x0010d134                __sclose
 .text.__malloc_lock
                0x0010d13c        0xc C:/devkitPro/devkitARM/bin/../lib/gcc/arm-none-eabi/15.2.0/../../../../arm-none-eabi/lib/armv6k/fpu\libg.a(libc_a-mlock.o)
                0x0010d13c                __malloc_lock
 .text.__malloc_unlock
                0x0010d148        0xc C:/devkitPro/devkitARM/bin/../lib/gcc/arm-none-eabi/15.2.0/../../../../arm-none-eabi/lib/armv6k/fpu\libg.a(libc_a-mlock.o)
                0x0010d148                __malloc_unlock
 .text._fclose_r
                0x0010d154      0x148 C:/devkitPro/devkitARM/bin/../lib/gcc/arm-none-eabi/15.2.0/../../../../arm-none-eabi/lib/armv6k/fpu\libg.a(libc_a-fclose.o)
                0x0010d154                _fclose_r
 .text.putchar  0x0010d29c       0x24 C:/devkitPro/devkitARM/bin/../lib/gcc/arm-none-eabi/15.2.0/../../../../arm-none-eabi/lib/armv6k/fpu\libg.a(libc_a-putchar.o)
                0x0010d29c                putchar
 .text.__call_exitprocs
                0x0010d2c0        0x4 C:/devkitPro/devkitARM/bin/../lib/gcc/arm-none-eabi/15.2.0/../../../../arm-none-eabi/lib/armv6k/fpu\libg.a(libc_a-exit.o)
                0x0010d2c0                __call_exitprocs
 .text.exit     0x0010d2c4       0x30 C:/devkitPro/devkitARM/bin/../lib/gcc/arm-none-eabi/15.2.0/../../../../arm-none-eabi/lib/armv6k/fpu\libg.a(libc_a-exit.o)
                0x0010d2c4                exit
 .text.__libc_fini_array
                0x0010d2f4       0x3c C:/devkitPro/devkitARM/bin/../lib/gcc/arm-none-eabi/15.2.0/../../../../arm-none-eabi/lib/armv6k/fpu\libg.a(libc_a-fini.o)
                0x0010d2f4                __libc_fini_array
 .text.strnlen  0x0010d330       0x3c C:/devkitPro/devkitARM/bin/../lib/gcc/arm-none-eabi/15.2.0/../../../../arm-none-eabi/lib/armv6k/fpu\libg.a(libc_a-strnlen.o)
                0x0010d330                strnlen
 .text.strncmp  0x0010d36c       0xd8 C:/devkitPro/devkitARM/bin/../lib/gcc/arm-none-eabi/15.2.0/../../../../arm-none-eabi/lib/armv6k/fpu\libg.a(libc_a-strncmp.o)
                0x0010d36c                strncmp
 .text._fwalk_sglue
                0x0010d444       0x70 C:/devkitPro/devkitARM/bin/../lib/gcc/arm-none-eabi/15.2.0/../../../../arm-none-eabi/lib/armv6k/fpu\libg.a(libc_a-fwalk.o)
                0x0010d444                _fwalk_sglue
 .text.get_arg  0x0010d4b4      0x5e0 C:/devkitPro/devkitARM/bin/../lib/gcc/arm-none-eabi/15.2.0/../../../../arm-none-eabi/lib/armv6k/fpu\libg.a(libc_a-vfprintf.o)
 *fill*         0x0010da94        0x4 
 .text._vfprintf_r
                0x0010da98     0x3554 C:/devkitPro/devkitARM/bin/../lib/gcc/arm-none-eabi/15.2.0/../../../../arm-none-eabi/lib/armv6k/fpu\libg.a(libc_a-vfprintf.o)
                0x0010da98                _vfprintf_r
 .text.__sbprintf
                0x00110fec       0xb4 C:/devkitPro/devkitARM/bin/../lib/gcc/arm-none-eabi/15.2.0/../../../../arm-none-eabi/lib/armv6k/fpu\libg.a(libc_a-vfprintf.o)
 .text._wcrtomb_r
                0x001110a0       0xa0 C:/devkitPro/devkitARM/bin/../lib/gcc/arm-none-eabi/15.2.0/../../../../arm-none-eabi/lib/armv6k/fpu\libg.a(libc_a-wcrtomb.o)
                0x001110a0                _wcrtomb_r
 .text.__sfvwrite_r
                0x00111140      0x4a4 C:/devkitPro/devkitARM/bin/../lib/gcc/arm-none-eabi/15.2.0/../../../../arm-none-eabi/lib/armv6k/fpu\libg.a(libc_a-fvwrite.o)
                0x00111140                __sfvwrite_r
 .text.__smakebuf_r
                0x001115e4      0x164 C:/devkitPro/devkitARM/bin/../lib/gcc/arm-none-eabi/15.2.0/../../../../arm-none-eabi/lib/armv6k/fpu\libg.a(libc_a-makebuf.o)
                0x001115e4                __smakebuf_r
 .text.__swhatbuf_r
                0x00111748       0x90 C:/devkitPro/devkitARM/bin/../lib/gcc/arm-none-eabi/15.2.0/../../../../arm-none-eabi/lib/armv6k/fpu\libg.a(libc_a-makebuf.o)
                0x00111748                __swhatbuf_r
 .text.__locale_mb_cur_max
                0x001117d8       0x24 C:/devkitPro/devkitARM/bin/../lib/gcc/arm-none-eabi/15.2.0/../../../../arm-none-eabi/lib/armv6k/fpu\libg.a(libc_a-locale.o)
                0x001117d8                __locale_mb_cur_max
 .text.__sprint_r
                0x001117fc       0x30 C:/devkitPro/devkitARM/bin/../lib/gcc/arm-none-eabi/15.2.0/../../../../arm-none-eabi/lib/armv6k/fpu\libg.a(libc_a-sprint_r.o)
                0x001117fc                __sprint_r
 .text._putc_r  0x0011182c       0xfc C:/devkitPro/devkitARM/bin/../lib/gcc/arm-none-eabi/15.2.0/../../../../arm-none-eabi/lib/armv6k/fpu\libg.a(libc_a-putc.o)
                0x0011182c                _putc_r
 .text.quorem   0x00111928      0x1c0 C:/devkitPro/devkitARM/bin/../lib/gcc/arm-none-eabi/15.2.0/../../../../arm-none-eabi/lib/armv6k/fpu\libg.a(libc_a-dtoa.o)
 .text._dtoa_r  0x00111ae8     0x1420 C:/devkitPro/devkitARM/bin/../lib/gcc/arm-none-eabi/15.2.0/../../../../arm-none-eabi/lib/armv6k/fpu\libg.a(libc_a-dtoa.o)
                0x00111ae8                _dtoa_r
 .text.__swbuf_r
                0x00112f08      0x124 C:/devkitPro/devkitARM/bin/../lib/gcc/arm-none-eabi/15.2.0/../../../../arm-none-eabi/lib/armv6k/fpu\libg.a(libc_a-wbuf.o)
                0x00112f08                __swbuf_r
 .text.memchr   0x0011302c       0xe8 C:/devkitPro/devkitARM/bin/../lib/gcc/arm-none-eabi/15.2.0/../../../../arm-none-eabi/lib/armv6k/fpu\libg.a(libc_a-memchr-stub.o)
                0x0011302c                memchr
 .text._wcsrtombs_r
                0x00113114       0x28 C:/devkitPro/devkitARM/bin/../lib/gcc/arm-none-eabi/15.2.0/../../../../arm-none-eabi/lib/armv6k/fpu\libg.a(libc_a-wcsrtombs.o)
                0x00113114                _wcsrtombs_r
 .text.__swsetup_r
                0x0011313c      0x140 C:/devkitPro/devkitARM/bin/../lib/gcc/arm-none-eabi/15.2.0/../../../../arm-none-eabi/lib/armv6k/fpu\libg.a(libc_a-wsetup.o)
                0x0011313c                __swsetup_r
 .text._localeconv_r
                0x0011327c       0x24 C:/devkitPro/devkitARM/bin/../lib/gcc/arm-none-eabi/15.2.0/../../../../arm-none-eabi/lib/armv6k/fpu\libg.a(libc_a-localeconv.o)
                0x0011327c                _localeconv_r
 .text.memmove  0x001132a0      0x1a8 C:/devkitPro/devkitARM/bin/../lib/gcc/arm-none-eabi/15.2.0/../../../../arm-none-eabi/lib/armv6k/fpu\libg.a(libc_a-memmove.o)
                0x001132a0                memmove
 .text._realloc_r
                0x00113448      0x4f0 C:/devkitPro/devkitARM/bin/../lib/gcc/arm-none-eabi/15.2.0/../../../../arm-none-eabi/lib/armv6k/fpu\libg.a(libc_a-reallocr.o)
                0x00113448                _realloc_r
 .text.__utf8_wctomb
                0x00113938       0xf8 C:/devkitPro/devkitARM/bin/../lib/gcc/arm-none-eabi/15.2.0/../../../../arm-none-eabi/lib/armv6k/fpu\libg.a(libc_a-wctomb_r.o)
                0x00113938                __utf8_wctomb
 .text._wcsnrtombs_l
                0x00113a30      0x15c C:/devkitPro/devkitARM/bin/../lib/gcc/arm-none-eabi/15.2.0/../../../../arm-none-eabi/lib/armv6k/fpu\libg.a(libc_a-wcsnrtombs.o)
                0x00113a30                _wcsnrtombs_l
 .text._wcsnrtombs_r
                0x00113b8c       0x64 C:/devkitPro/devkitARM/bin/../lib/gcc/arm-none-eabi/15.2.0/../../../../arm-none-eabi/lib/armv6k/fpu\libg.a(libc_a-wcsnrtombs.o)
                0x00113b8c                _wcsnrtombs_r
 .text.frexp    0x00113bf0       0x88 C:/devkitPro/devkitARM/bin/../lib/gcc/arm-none-eabi/15.2.0/../../../../arm-none-eabi/lib/armv6k/fpu\libg.a(libm_a-s_frexp.o)
                0x00113bf0                frexp
 .text.__assert_func
                0x00113c78       0x5c C:/devkitPro/devkitARM/bin/../lib/gcc/arm-none-eabi/15.2.0/../../../../arm-none-eabi/lib/armv6k/fpu\libg.a(libc_a-assert.o)
                0x00113c78                __assert_func
 .text._Balloc  0x00113cd4       0x88 C:/devkitPro/devkitARM/bin/../lib/gcc/arm-none-eabi/15.2.0/../../../../arm-none-eabi/lib/armv6k/fpu\libg.a(libc_a-mprec.o)
                0x00113cd4                _Balloc
 .text._Bfree   0x00113d5c       0x1c C:/devkitPro/devkitARM/bin/../lib/gcc/arm-none-eabi/15.2.0/../../../../arm-none-eabi/lib/armv6k/fpu\libg.a(libc_a-mprec.o)
                0x00113d5c                _Bfree
 .text.__multadd
                0x00113d78       0xf4 C:/devkitPro/devkitARM/bin/../lib/gcc/arm-none-eabi/15.2.0/../../../../arm-none-eabi/lib/armv6k/fpu\libg.a(libc_a-mprec.o)
                0x00113d78                __multadd
 .text.__hi0bits
                0x00113e6c       0x80 C:/devkitPro/devkitARM/bin/../lib/gcc/arm-none-eabi/15.2.0/../../../../arm-none-eabi/lib/armv6k/fpu\libg.a(libc_a-mprec.o)
                0x00113e6c                __hi0bits
 .text.__lo0bits
                0x00113eec       0xf0 C:/devkitPro/devkitARM/bin/../lib/gcc/arm-none-eabi/15.2.0/../../../../arm-none-eabi/lib/armv6k/fpu\libg.a(libc_a-mprec.o)
                0x00113eec                __lo0bits
 .text.__i2b    0x00113fdc       0xa4 C:/devkitPro/devkitARM/bin/../lib/gcc/arm-none-eabi/15.2.0/../../../../arm-none-eabi/lib/armv6k/fpu\libg.a(libc_a-mprec.o)
                0x00113fdc                __i2b
 .text.__multiply
                0x00114080      0x230 C:/devkitPro/devkitARM/bin/../lib/gcc/arm-none-eabi/15.2.0/../../../../arm-none-eabi/lib/armv6k/fpu\libg.a(libc_a-mprec.o)
                0x00114080                __multiply
 .text.__pow5mult
                0x001142b0      0x130 C:/devkitPro/devkitARM/bin/../lib/gcc/arm-none-eabi/15.2.0/../../../../arm-none-eabi/lib/armv6k/fpu\libg.a(libc_a-mprec.o)
                0x001142b0                __pow5mult
 .text.__lshift
                0x001143e0      0x138 C:/devkitPro/devkitARM/bin/../lib/gcc/arm-none-eabi/15.2.0/../../../../arm-none-eabi/lib/armv6k/fpu\libg.a(libc_a-mprec.o)
                0x001143e0                __lshift
 .text.__mcmp   0x00114518       0x58 C:/devkitPro/devkitARM/bin/../lib/gcc/arm-none-eabi/15.2.0/../../../../arm-none-eabi/lib/armv6k/fpu\libg.a(libc_a-mprec.o)
                0x00114518                __mcmp
 .text.__mdiff  0x00114570      0x218 C:/devkitPro/devkitARM/bin/../lib/gcc/arm-none-eabi/15.2.0/../../../../arm-none-eabi/lib/armv6k/fpu\libg.a(libc_a-mprec.o)
                0x00114570                __mdiff
 .text.__d2b    0x00114788      0x120 C:/devkitPro/devkitARM/bin/../lib/gcc/arm-none-eabi/15.2.0/../../../../arm-none-eabi/lib/armv6k/fpu\libg.a(libc_a-mprec.o)
                0x00114788                __d2b
 .text.__utf8_mbtowc
                0x001148a8      0x340 C:/devkitPro/devkitARM/bin/../lib/gcc/arm-none-eabi/15.2.0/../../../../arm-none-eabi/lib/armv6k/fpu\libg.a(libc_a-mbtowc_r.o)
                0x001148a8                __utf8_mbtowc
 .text.fiprintf
                0x00114be8       0x3c C:/devkitPro/devkitARM/bin/../lib/gcc/arm-none-eabi/15.2.0/../../../../arm-none-eabi/lib/armv6k/fpu\libg.a(libc_a-fiprintf.o)
                0x00114be8                fiprintf
 .text.strchr   0x00114c24      0x140 C:/devkitPro/devkitARM/bin/../lib/gcc/arm-none-eabi/15.2.0/../../../../arm-none-eabi/lib/armv6k/fpu\libg.a(libc_a-strchr.o)
                0x00114c24                strchr
 .text.abort    0x00114d64       0x14 C:/devkitPro/devkitARM/bin/../lib/gcc/arm-none-eabi/15.2.0/../../../../arm-none-eabi/lib/armv6k/fpu\libg.a(libc_a-abort.o)
                0x00114d64                abort
 .text._calloc_r
                0x00114d78       0xd8 C:/devkitPro/devkitARM/bin/../lib/gcc/arm-none-eabi/15.2.0/../../../../arm-none-eabi/lib/armv6k/fpu\libg.a(libc_a-callocr.o)
                0x00114d78                _calloc_r
 .text.get_arg  0x00114e50      0x5e0 C:/devkitPro/devkitARM/bin/../lib/gcc/arm-none-eabi/15.2.0/../../../../arm-none-eabi/lib/armv6k/fpu\libg.a(libc_a-vfiprintf.o)
 .text._vfiprintf_r
                0x00115430     0x22f8 C:/devkitPro/devkitARM/bin/../lib/gcc/arm-none-eabi/15.2.0/../../../../arm-none-eabi/lib/armv6k/fpu\libg.a(libc_a-vfiprintf.o)
                0x00115430                _vfiprintf_r
 .text.__sbprintf
                0x00117728       0xb4 C:/devkitPro/devkitARM/bin/../lib/gcc/arm-none-eabi/15.2.0/../../../../arm-none-eabi/lib/armv6k/fpu\libg.a(libc_a-vfiprintf.o)
 .text._raise_r
                0x001177dc       0x9c C:/devkitPro/devkitARM/bin/../lib/gcc/arm-none-eabi/15.2.0/../../../../arm-none-eabi/lib/armv6k/fpu\libg.a(libc_a-signal.o)
                0x001177dc                _raise_r
 .text.raise    0x00117878       0x20 C:/devkitPro/devkitARM/bin/../lib/gcc/arm-none-eabi/15.2.0/../../../../arm-none-eabi/lib/armv6k/fpu\libg.a(libc_a-signal.o)
                0x00117878                raise
 .text._exit    0x00117898       0x20 C:/devkitPro/devkitARM/bin/../lib/gcc/arm-none-eabi/15.2.0/../../../../arm-none-eabi/lib/armv6k/fpu\libsysbase.a(libsysbase_libsysbase_a-_exit.o)
                0x00117898                _exit
 .text.chdir    0x001178b8      0x140 C:/devkitPro/devkitARM/bin/../lib/gcc/arm-none-eabi/15.2.0/../../../../arm-none-eabi/lib/armv6k/fpu\libsysbase.a(libsysbase_libsysbase_a-chdir.o)
                0x001178b8                chdir
 .text._concatenate_path
                0x001179f8      0x1c8 C:/devkitPro/devkitARM/bin/../lib/gcc/arm-none-eabi/15.2.0/../../../../arm-none-eabi/lib/armv6k/fpu\libsysbase.a(libsysbase_libsysbase_a-concatenate.o)
                0x001179f8                _concatenate_path
 .text._fstat_r
                0x00117bc0       0x9c C:/devkitPro/devkitARM/bin/../lib/gcc/arm-none-eabi/15.2.0/../../../../arm-none-eabi/lib/armv6k/fpu\libsysbase.a(libsysbase_libsysbase_a-fstat.o)
                0x00117bc0                _fstat_r
 .text._getpid_r
                0x00117c5c       0x14 C:/devkitPro/devkitARM/bin/../lib/gcc/arm-none-eabi/15.2.0/../../../../arm-none-eabi/lib/armv6k/fpu\libsysbase.a(libsysbase_libsysbase_a-getpid.o)
                0x00117c5c                _getpid_r
 .text.__getreent
                0x00117c70       0x2c C:/devkitPro/devkitARM/bin/../lib/gcc/arm-none-eabi/15.2.0/../../../../arm-none-eabi/lib/armv6k/fpu\libsysbase.a(libsysbase_libsysbase_a-getreent.o)
                0x00117c70                __getreent
 .text.__get_handle
                0x00117c9c       0x58 C:/devkitPro/devkitARM/bin/../lib/gcc/arm-none-eabi/15.2.0/../../../../arm-none-eabi/lib/armv6k/fpu\libsysbase.a(libsysbase_libsysbase_a-handle_manager.o)
                0x00117c9c                __get_handle
 .text._close_r
                0x00117cf4      0x110 C:/devkitPro/devkitARM/bin/../lib/gcc/arm-none-eabi/15.2.0/../../../../arm-none-eabi/lib/armv6k/fpu\libsysbase.a(libsysbase_libsysbase_a-handle_manager.o)
                0x00117cf4                _close_r
 .text.null_write
                0x00117e04        0x8 C:/devkitPro/devkitARM/bin/../lib/gcc/arm-none-eabi/15.2.0/../../../../arm-none-eabi/lib/armv6k/fpu\libsysbase.a(libsysbase_libsysbase_a-iosupport.o)
 .text.setDefaultDevice
                0x00117e0c       0x18 C:/devkitPro/devkitARM/bin/../lib/gcc/arm-none-eabi/15.2.0/../../../../arm-none-eabi/lib/armv6k/fpu\libsysbase.a(libsysbase_libsysbase_a-iosupport.o)
                0x00117e0c                setDefaultDevice
 .text.FindDevice
                0x00117e24       0x98 C:/devkitPro/devkitARM/bin/../lib/gcc/arm-none-eabi/15.2.0/../../../../arm-none-eabi/lib/armv6k/fpu\libsysbase.a(libsysbase_libsysbase_a-iosupport.o)
                0x00117e24                FindDevice
 .text.RemoveDevice
                0x00117ebc       0x24 C:/devkitPro/devkitARM/bin/../lib/gcc/arm-none-eabi/15.2.0/../../../../arm-none-eabi/lib/armv6k/fpu\libsysbase.a(libsysbase_libsysbase_a-iosupport.o)
                0x00117ebc                RemoveDevice
 .text.AddDevice
                0x00117ee0       0x88 C:/devkitPro/devkitARM/bin/../lib/gcc/arm-none-eabi/15.2.0/../../../../arm-none-eabi/lib/armv6k/fpu\libsysbase.a(libsysbase_libsysbase_a-iosupport.o)
                0x00117ee0                AddDevice
 .text.GetDeviceOpTab
                0x00117f68       0x20 C:/devkitPro/devkitARM/bin/../lib/gcc/arm-none-eabi/15.2.0/../../../../arm-none-eabi/lib/armv6k/fpu\libsysbase.a(libsysbase_libsysbase_a-iosupport.o)
                0x00117f68                GetDeviceOpTab
 .text._isatty_r
                0x00117f88        0x8 C:/devkitPro/devkitARM/bin/../lib/gcc/arm-none-eabi/15.2.0/../../../../arm-none-eabi/lib/armv6k/fpu\libsysbase.a(libsysbase_libsysbase_a-isatty.o)
                0x00117f88                _isatty_r
 .text._kill_r  0x00117f90       0x14 C:/devkitPro/devkitARM/bin/../lib/gcc/arm-none-eabi/15.2.0/../../../../arm-none-eabi/lib/armv6k/fpu\libsysbase.a(libsysbase_libsysbase_a-kill.o)
                0x00117f90                _kill_r
 .text._lseek_r
                0x00117fa4       0x94 C:/devkitPro/devkitARM/bin/../lib/gcc/arm-none-eabi/15.2.0/../../../../arm-none-eabi/lib/armv6k/fpu\libsysbase.a(libsysbase_libsysbase_a-lseek.o)
                0x00117fa4                _lseek_r
 .text._read_r  0x00118038       0x94 C:/devkitPro/devkitARM/bin/../lib/gcc/arm-none-eabi/15.2.0/../../../../arm-none-eabi/lib/armv6k/fpu\libsysbase.a(libsysbase_libsysbase_a-read.o)
                0x00118038                _read_r
 .text._sbrk_r  0x001180cc       0x78 C:/devkitPro/devkitARM/bin/../lib/gcc/arm-none-eabi/15.2.0/../../../../arm-none-eabi/lib/armv6k/fpu\libsysbase.a(libsysbase_libsysbase_a-sbrk.o)
                0x001180cc                _sbrk_r
 .text.__libc_lock_acquire
                0x00118144       0x1c C:/devkitPro/devkitARM/bin/../lib/gcc/arm-none-eabi/15.2.0/../../../../arm-none-eabi/lib/armv6k/fpu\libsysbase.a(libsysbase_libsysbase_a-syscall_support.o)
                0x00118144                __libc_lock_acquire
 .text.__libc_lock_release
                0x00118160       0x1c C:/devkitPro/devkitARM/bin/../lib/gcc/arm-none-eabi/15.2.0/../../../../arm-none-eabi/lib/armv6k/fpu\libsysbase.a(libsysbase_libsysbase_a-syscall_support.o)
                0x00118160                __libc_lock_release
 .text.__libc_lock_acquire_recursive
                0x0011817c       0x1c C:/devkitPro/devkitARM/bin/../lib/gcc/arm-none-eabi/15.2.0/../../../../arm-none-eabi/lib/armv6k/fpu\libsysbase.a(libsysbase_libsysbase_a-syscall_support.o)
                0x0011817c                __libc_lock_acquire_recursive
 .text.__libc_lock_release_recursive
                0x00118198       0x1c C:/devkitPro/devkitARM/bin/../lib/gcc/arm-none-eabi/15.2.0/../../../../arm-none-eabi/lib/armv6k/fpu\libsysbase.a(libsysbase_libsysbase_a-syscall_support.o)
                0x00118198                __libc_lock_release_recursive
 .text._write_r
                0x001181b4       0x94 C:/devkitPro/devkitARM/bin/../lib/gcc/arm-none-eabi/15.2.0/../../../../arm-none-eabi/lib/armv6k/fpu\libsysbase.a(libsysbase_libsysbase_a-write.o)
                0x001181b4                _write_r
 .text.strrchr  0x00118248       0x48 C:/devkitPro/devkitARM/bin/../lib/gcc/arm-none-eabi/15.2.0/../../../../arm-none-eabi/lib/armv6k/fpu\libg.a(libc_a-strrchr.o)
                0x00118248                strrchr
 *(.glue_7)
 .glue_7        0x00118290        0x0 linker stubs
 *(.glue_7t)
 .glue_7t       0x00118290        0x0 linker stubs
 *(.stub)
 *(.gnu.warning)
 *(.gnu.linkonce.t*)
                0x00118290                        . = ALIGN (0x4)
 *(.fini)
 .fini          0x00118290        0xc C:/devkitPro/devkitARM/bin/../lib/gcc/arm-none-eabi/15.2.0/armv6k/fpu/crti.o
                0x00118290                _fini
 .fini          0x0011829c        0xc C:/devkitPro/devkitARM/bin/../lib/gcc/arm-none-eabi/15.2.0/armv6k/fpu/crtn.o
                0x001182a8                        . = ALIGN (0x4)

.vfp11_veneer   0x001182a8        0x0
 .vfp11_veneer  0x001182a8        0x0 linker stubs

.v4_bx          0x001182a8        0x0
 .v4_bx         0x001182a8        0x0 linker stubs

.iplt           0x001182a8        0x0
 .iplt          0x001182a8        0x0 C:/devkitPro/devkitARM/bin/../lib/gcc/arm-none-eabi/15.2.0/../../../../arm-none-eabi/lib/armv6k/fpu/3dsx_crt0.o
                0x00119000                        . = ALIGN (0x1000)

.rodata         0x00119000     0x1640
 *(.rodata)
 .rodata        0x00119000        0xc C:/devkitPro/libctru-master/libctru/lib\libctru.a(archive_dev.o)
 *(.roda)
 *(.rodata.*)
 .rodata.str1.4
                0x0011900c      0x305 main.o
                                 0xd1 (size before relaxing)
 .rodata.consolePrintChar
                0x00119311        0x6 C:/devkitPro/libctru-master/libctru/lib\libctru.a(console.o)
 *fill*         0x00119317        0x1 
 .rodata.con_write
                0x00119318      0x23c C:/devkitPro/libctru-master/libctru/lib\libctru.a(console.o)
 .rodata.str1.4
                0x00119554        0x0 C:/devkitPro/libctru-master/libctru/lib\libctru.a(console.o)
                                 0x10 (size before relaxing)
 .rodata.dotab_stdout
                0x00119554       0x80 C:/devkitPro/libctru-master/libctru/lib\libctru.a(console.o)
 .rodata.grayScale
                0x001195d4       0x18 C:/devkitPro/libctru-master/libctru/lib\libctru.a(console.o)
 .rodata.colorCube
                0x001195ec        0x6 C:/devkitPro/libctru-master/libctru/lib\libctru.a(console.o)
 *fill*         0x001195f2        0x2 
 .rodata.colorTable
                0x001195f4       0x30 C:/devkitPro/libctru-master/libctru/lib\libctru.a(console.o)
 .rodata.aptEventHandler
                0x00119624        0xb C:/devkitPro/libctru-master/libctru/lib\libctru.a(apt.o)
 .rodata.aptWaitForWakeUp.isra.0
                0x0011962f       0x11 C:/devkitPro/libctru-master/libctru/lib\libctru.a(apt.o)
 .rodata.morton_y.2
                0x00119640        0x8 C:/devkitPro/libctru-master/libctru/lib\libctru.a(apt.o)
 .rodata.morton_x.3
                0x00119648        0x8 C:/devkitPro/libctru-master/libctru/lib\libctru.a(apt.o)
 .rodata.s_sleepWakeEvents.4
                0x00119650        0x8 C:/devkitPro/libctru-master/libctru/lib\libctru.a(apt.o)
 .rodata.str1.4
                0x00119658        0x0 C:/devkitPro/libctru-master/libctru/lib\libctru.a(apt.o)
                                 0x16 (size before relaxing)
 .rodata.serviceNameTable.5
                0x00119658        0xc C:/devkitPro/libctru-master/libctru/lib\libctru.a(apt.o)
 .rodata.gspInit.str1.4
                0x00119664        0x0 C:/devkitPro/libctru-master/libctru/lib\libctru.a(gspgpu.o)
                                  0x9 (size before relaxing)
 .rodata.hidInit.str1.4
                0x00119664        0x0 C:/devkitPro/libctru-master/libctru/lib\libctru.a(hid.o)
                                 0x15 (size before relaxing)
 .rodata.irrstInit.str1.4
                0x00119664        0x0 C:/devkitPro/libctru-master/libctru/lib\libctru.a(irrst.o)
                                  0x7 (size before relaxing)
 .rodata.__system_initArgv.str1.4
                0x00119664        0x0 C:/devkitPro/libctru-master/libctru/lib\libctru.a(initArgv.o)
                                  0xa (size before relaxing)
 .rodata.default_font_bin
                0x00119664      0x800 C:/devkitPro/libctru-master/libctru/lib\libctru.a(default_font.bin.o)
                0x00119664                default_font_bin
                0x00119e64                default_font_bin_end
 .rodata.srvInit.str1.4
                0x00119e64        0x0 C:/devkitPro/libctru-master/libctru/lib\libctru.a(srv.o)
                                  0x5 (size before relaxing)
 .rodata.ptmSysmInit.str1.4
                0x00119e64        0x0 C:/devkitPro/libctru-master/libctru/lib\libctru.a(ptmsysm.o)
                                  0x9 (size before relaxing)
 .rodata.archive_utf16path.str1.4
                0x00119e64        0x0 C:/devkitPro/libctru-master/libctru/lib\libctru.a(archive_dev.o)
                                  0x2 (size before relaxing)
 .rodata._archiveUnmountDeviceStruct.part.0.str1.4
                0x00119e64        0x0 C:/devkitPro/libctru-master/libctru/lib\libctru.a(archive_dev.o)
                                  0x2 (size before relaxing)
 .rodata._archiveMountDevice.str1.4
                0x00119e64        0x0 C:/devkitPro/libctru-master/libctru/lib\libctru.a(archive_dev.o)
                                  0xc (size before relaxing)
 .rodata.archiveMountSdmc.str1.4
                0x00119e64        0x0 C:/devkitPro/libctru-master/libctru/lib\libctru.a(archive_dev.o)
                                  0x5 (size before relaxing)
 .rodata.error_table
                0x00119e64       0x30 C:/devkitPro/libctru-master/libctru/lib\libctru.a(archive_dev.o)
 .rodata.str1.4
                0x00119e94        0x0 C:/devkitPro/libctru-master/libctru/lib\libctru.a(archive_dev.o)
                                  0x8 (size before relaxing)
 .rodata.archive_devoptab
                0x00119e94       0x80 C:/devkitPro/libctru-master/libctru/lib\libctru.a(archive_dev.o)
 .rodata.fsInit.str1.4
                0x00119f14        0x0 C:/devkitPro/libctru-master/libctru/lib\libctru.a(fs.o)
                                  0x8 (size before relaxing)
 *fill*         0x00119f14        0x4 
 .rodata.CSWTCH.7
                0x00119f18       0x18 C:/devkitPro/devkitARM/bin/../lib/gcc/arm-none-eabi/15.2.0/../../../../arm-none-eabi/lib/armv6k/fpu\libm.a(libm_a-e_atan2.o)
 .rodata.CSWTCH.6
                0x00119f30       0x18 C:/devkitPro/devkitARM/bin/../lib/gcc/arm-none-eabi/15.2.0/../../../../arm-none-eabi/lib/armv6k/fpu\libm.a(libm_a-e_atan2.o)
 .rodata.atanlo
                0x00119f48       0x20 C:/devkitPro/devkitARM/bin/../lib/gcc/arm-none-eabi/15.2.0/../../../../arm-none-eabi/lib/armv6k/fpu\libm.a(libm_a-s_atan.o)
 .rodata.atanhi
                0x00119f68       0x20 C:/devkitPro/devkitARM/bin/../lib/gcc/arm-none-eabi/15.2.0/../../../../arm-none-eabi/lib/armv6k/fpu\libm.a(libm_a-s_atan.o)
 .rodata._puts_r.str1.4
                0x00119f88        0x0 C:/devkitPro/devkitARM/bin/../lib/gcc/arm-none-eabi/15.2.0/../../../../arm-none-eabi/lib/armv6k/fpu\libg.a(libc_a-puts.o)
                                  0x2 (size before relaxing)
 .rodata._ctype_
                0x00119f88      0x101 C:/devkitPro/devkitARM/bin/../lib/gcc/arm-none-eabi/15.2.0/../../../../arm-none-eabi/lib/armv6k/fpu\libg.a(libc_a-ctype_.o)
                0x00119f88                _ctype_
 *fill*         0x0011a089        0x1 
 .rodata.get_arg
                0x0011a08a       0x34 C:/devkitPro/devkitARM/bin/../lib/gcc/arm-none-eabi/15.2.0/../../../../arm-none-eabi/lib/armv6k/fpu\libg.a(libc_a-vfprintf.o)
 .rodata._vfprintf_r.str1.1
                0x0011a0be       0x3b C:/devkitPro/devkitARM/bin/../lib/gcc/arm-none-eabi/15.2.0/../../../../arm-none-eabi/lib/armv6k/fpu\libg.a(libc_a-vfprintf.o)
 *fill*         0x0011a0f9        0x1 
 .rodata._vfprintf_r
                0x0011a0fa       0xb6 C:/devkitPro/devkitARM/bin/../lib/gcc/arm-none-eabi/15.2.0/../../../../arm-none-eabi/lib/armv6k/fpu\libg.a(libc_a-vfprintf.o)
 .rodata.zeroes.0
                0x0011a1b0       0x10 C:/devkitPro/devkitARM/bin/../lib/gcc/arm-none-eabi/15.2.0/../../../../arm-none-eabi/lib/armv6k/fpu\libg.a(libc_a-vfprintf.o)
 .rodata.blanks.1
                0x0011a1c0       0x10 C:/devkitPro/devkitARM/bin/../lib/gcc/arm-none-eabi/15.2.0/../../../../arm-none-eabi/lib/armv6k/fpu\libg.a(libc_a-vfprintf.o)
 .rodata.__action_table
                0x0011a1d0       0x6c C:/devkitPro/devkitARM/bin/../lib/gcc/arm-none-eabi/15.2.0/../../../../arm-none-eabi/lib/armv6k/fpu\libg.a(libc_a-svfiprintf.o)
                0x0011a1d0                __action_table
 .rodata.__state_table
                0x0011a23c       0x6c C:/devkitPro/devkitARM/bin/../lib/gcc/arm-none-eabi/15.2.0/../../../../arm-none-eabi/lib/armv6k/fpu\libg.a(libc_a-svfiprintf.o)
                0x0011a23c                __state_table
 .rodata.__chclass
                0x0011a2a8      0x100 C:/devkitPro/devkitARM/bin/../lib/gcc/arm-none-eabi/15.2.0/../../../../arm-none-eabi/lib/armv6k/fpu\libg.a(libc_a-svfiprintf.o)
                0x0011a2a8                __chclass
 .rodata.str1.4
                0x0011a3a8        0x0 C:/devkitPro/devkitARM/bin/../lib/gcc/arm-none-eabi/15.2.0/../../../../arm-none-eabi/lib/armv6k/fpu\libg.a(libc_a-locale.o)
                                 0x4c (size before relaxing)
 .rodata._dtoa_r.str1.4
                0x0011a3a8        0x0 C:/devkitPro/devkitARM/bin/../lib/gcc/arm-none-eabi/15.2.0/../../../../arm-none-eabi/lib/armv6k/fpu\libg.a(libc_a-dtoa.o)
                                 0x9c (size before relaxing)
 .rodata._dtoa_r
                0x0011a3a8        0x8 C:/devkitPro/devkitARM/bin/../lib/gcc/arm-none-eabi/15.2.0/../../../../arm-none-eabi/lib/armv6k/fpu\libg.a(libc_a-dtoa.o)
 .rodata.__assert_func.str1.4
                0x0011a3b0        0x0 C:/devkitPro/devkitARM/bin/../lib/gcc/arm-none-eabi/15.2.0/../../../../arm-none-eabi/lib/armv6k/fpu\libg.a(libc_a-assert.o)
                                 0x43 (size before relaxing)
 .rodata.__multadd.str1.4
                0x0011a3b0        0x0 C:/devkitPro/devkitARM/bin/../lib/gcc/arm-none-eabi/15.2.0/../../../../arm-none-eabi/lib/armv6k/fpu\libg.a(libc_a-mprec.o)
                                 0x89 (size before relaxing)
 .rodata.p05.0  0x0011a3b0        0xc C:/devkitPro/devkitARM/bin/../lib/gcc/arm-none-eabi/15.2.0/../../../../arm-none-eabi/lib/armv6k/fpu\libg.a(libc_a-mprec.o)
 *fill*         0x0011a3bc        0x4 
 .rodata.__mprec_bigtens
                0x0011a3c0       0x28 C:/devkitPro/devkitARM/bin/../lib/gcc/arm-none-eabi/15.2.0/../../../../arm-none-eabi/lib/armv6k/fpu\libg.a(libc_a-mprec.o)
                0x0011a3c0                __mprec_bigtens
 .rodata.__mprec_tens
                0x0011a3e8       0xc8 C:/devkitPro/devkitARM/bin/../lib/gcc/arm-none-eabi/15.2.0/../../../../arm-none-eabi/lib/armv6k/fpu\libg.a(libc_a-mprec.o)
                0x0011a3e8                __mprec_tens
 .rodata.get_arg
                0x0011a4b0       0x34 C:/devkitPro/devkitARM/bin/../lib/gcc/arm-none-eabi/15.2.0/../../../../arm-none-eabi/lib/armv6k/fpu\libg.a(libc_a-vfiprintf.o)
 .rodata._vfiprintf_r.str1.1
                0x0011a4e4        0x0 C:/devkitPro/devkitARM/bin/../lib/gcc/arm-none-eabi/15.2.0/../../../../arm-none-eabi/lib/armv6k/fpu\libg.a(libc_a-vfiprintf.o)
                                 0x29 (size before relaxing)
 .rodata._vfiprintf_r
                0x0011a4e4       0xb6 C:/devkitPro/devkitARM/bin/../lib/gcc/arm-none-eabi/15.2.0/../../../../arm-none-eabi/lib/armv6k/fpu\libg.a(libc_a-vfiprintf.o)
 *fill*         0x0011a59a        0x2 
 .rodata.zeroes.0
                0x0011a59c       0x10 C:/devkitPro/devkitARM/bin/../lib/gcc/arm-none-eabi/15.2.0/../../../../arm-none-eabi/lib/armv6k/fpu\libg.a(libc_a-vfiprintf.o)
 .rodata.blanks.1
                0x0011a5ac       0x10 C:/devkitPro/devkitARM/bin/../lib/gcc/arm-none-eabi/15.2.0/../../../../arm-none-eabi/lib/armv6k/fpu\libg.a(libc_a-vfiprintf.o)
 .rodata.str1.4
                0x0011a5bc        0x0 C:/devkitPro/devkitARM/bin/../lib/gcc/arm-none-eabi/15.2.0/../../../../arm-none-eabi/lib/armv6k/fpu\libsysbase.a(libsysbase_libsysbase_a-iosupport.o)
                                  0x8 (size before relaxing)
 .rodata.dotab_stdnull
                0x0011a5bc       0x80 C:/devkitPro/devkitARM/bin/../lib/gcc/arm-none-eabi/15.2.0/../../../../arm-none-eabi/lib/armv6k/fpu\libsysbase.a(libsysbase_libsysbase_a-iosupport.o)
                0x0011a5bc                dotab_stdnull
 *all.rodata*(*)
 *(.gnu.linkonce.r*)
                0x0011a63c                        . = ALIGN (0x4)
                0x0011a63c                        __tdata_align = .
                0x0011a63c        0x4 LONG 0x4 ALIGNOF (.tdata)
                0x0011a640                        . = ALIGN (0x4)

.eh_frame       0x0011a640        0x0
 .eh_frame      0x0011a640        0x0 C:/devkitPro/devkitARM/bin/../lib/gcc/arm-none-eabi/15.2.0/armv6k/fpu/crtbegin.o

.rel.dyn        0x0011a640        0x0
 .rel.iplt      0x0011a640        0x0 C:/devkitPro/devkitARM/bin/../lib/gcc/arm-none-eabi/15.2.0/../../../../arm-none-eabi/lib/armv6k/fpu/3dsx_crt0.o
 .rel.got       0x0011a640        0x0 C:/devkitPro/devkitARM/bin/../lib/gcc/arm-none-eabi/15.2.0/../../../../arm-none-eabi/lib/armv6k/fpu/3dsx_crt0.o

.ARM.extab
 *(.ARM.extab* .gnu.linkonce.armextab.*)
                0x0011a640                        __exidx_start = .

.ARM.exidx
 *(.ARM.exidx* .gnu.linkonce.armexidx.*)
                0x0011a640                        __exidx_end = .
                0x0011b000                        . = ALIGN (0x1000)

.data           0x0011b000     0x1d8c
 *(.data)
 *(.data.*)
 .data.firstConsoleInit.0
                0x0011b000        0x1 C:/devkitPro/libctru-master/libctru/lib\libctru.a(console.o)
 *fill*         0x0011b001        0x3 
 .data.currentConsole
                0x0011b004        0x4 C:/devkitPro/libctru-master/libctru/lib\libctru.a(console.o)
                0x0011b004                currentConsole
 .data.defaultConsole
                0x0011b008       0x48 C:/devkitPro/libctru-master/libctru/lib\libctru.a(console.o)
                0x0011b008                defaultConsole
 .data.aptChainloadDeliverArgSize
                0x0011b050        0x4 C:/devkitPro/libctru-master/libctru/lib\libctru.a(apt.o)
 .data.kCount   0x0011b054        0x4 C:/devkitPro/libctru-master/libctru/lib\libctru.a(hid.o)
 .data.kInterval
                0x0011b058        0x4 C:/devkitPro/libctru-master/libctru/lib\libctru.a(hid.o)
 .data.kDelay   0x0011b05c        0x4 C:/devkitPro/libctru-master/libctru/lib\libctru.a(hid.o)
 .data.__stacksize__
                0x0011b060        0x4 C:/devkitPro/libctru-master/libctru/lib\libctru.a(stack_adjust.o)
                0x0011b060                __stacksize__
 .data._impure_ptr
                0x0011b064        0x4 C:/devkitPro/devkitARM/bin/../lib/gcc/arm-none-eabi/15.2.0/../../../../arm-none-eabi/lib/armv6k/fpu\libg.a(libc_a-impure.o)
                0x0011b064                _impure_ptr
 .data._impure_data
                0x0011b068      0x200 C:/devkitPro/devkitARM/bin/../lib/gcc/arm-none-eabi/15.2.0/../../../../arm-none-eabi/lib/armv6k/fpu\libg.a(libc_a-impure.o)
                0x0011b068                _impure_data
 .data.__malloc_sbrk_base
                0x0011b268        0x4 C:/devkitPro/devkitARM/bin/../lib/gcc/arm-none-eabi/15.2.0/../../../../arm-none-eabi/lib/armv6k/fpu\libg.a(libc_a-mallocr.o)
                0x0011b268                __malloc_sbrk_base
 .data.__malloc_trim_threshold
                0x0011b26c        0x4 C:/devkitPro/devkitARM/bin/../lib/gcc/arm-none-eabi/15.2.0/../../../../arm-none-eabi/lib/armv6k/fpu\libg.a(libc_a-mallocr.o)
                0x0011b26c                __malloc_trim_threshold
 .data.__malloc_av_
                0x0011b270      0x408 C:/devkitPro/devkitARM/bin/../lib/gcc/arm-none-eabi/15.2.0/../../../../arm-none-eabi/lib/armv6k/fpu\libg.a(libc_a-mallocr.o)
                0x0011b270                __malloc_av_
 .data.__sglue  0x0011b678        0xc C:/devkitPro/devkitARM/bin/../lib/gcc/arm-none-eabi/15.2.0/../../../../arm-none-eabi/lib/armv6k/fpu\libg.a(libc_a-findfp.o)
                0x0011b678                __sglue
 .data.__global_locale
                0x0011b684      0x254 C:/devkitPro/devkitARM/bin/../lib/gcc/arm-none-eabi/15.2.0/../../../../arm-none-eabi/lib/armv6k/fpu\libg.a(libc_a-locale.o)
                0x0011b684                __global_locale
 .data._current_working_directory
                0x0011b8d8      0x400 C:/devkitPro/devkitARM/bin/../lib/gcc/arm-none-eabi/15.2.0/../../../../arm-none-eabi/lib/armv6k/fpu\libsysbase.a(libsysbase_libsysbase_a-chdir.o)
 .data.handles  0x0011bcd8     0x1000 C:/devkitPro/devkitARM/bin/../lib/gcc/arm-none-eabi/15.2.0/../../../../arm-none-eabi/lib/armv6k/fpu\libsysbase.a(libsysbase_libsysbase_a-handle_manager.o)
 .data.__stderr_handle
                0x0011ccd8        0xc C:/devkitPro/devkitARM/bin/../lib/gcc/arm-none-eabi/15.2.0/../../../../arm-none-eabi/lib/armv6k/fpu\libsysbase.a(libsysbase_libsysbase_a-handle_manager.o)
 .data.__stdout_handle
                0x0011cce4        0xc C:/devkitPro/devkitARM/bin/../lib/gcc/arm-none-eabi/15.2.0/../../../../arm-none-eabi/lib/armv6k/fpu\libsysbase.a(libsysbase_libsysbase_a-handle_manager.o)
 .data.__stdin_handle
                0x0011ccf0        0xc C:/devkitPro/devkitARM/bin/../lib/gcc/arm-none-eabi/15.2.0/../../../../arm-none-eabi/lib/armv6k/fpu\libsysbase.a(libsysbase_libsysbase_a-handle_manager.o)
 .data.devoptab_list
                0x0011ccfc       0x8c C:/devkitPro/devkitARM/bin/../lib/gcc/arm-none-eabi/15.2.0/../../../../arm-none-eabi/lib/armv6k/fpu\libsysbase.a(libsysbase_libsysbase_a-iosupport.o)
                0x0011ccfc                devoptab_list
 .data.defaultDevice
                0x0011cd88        0x4 C:/devkitPro/devkitARM/bin/../lib/gcc/arm-none-eabi/15.2.0/../../../../arm-none-eabi/lib/armv6k/fpu\libsysbase.a(libsysbase_libsysbase_a-iosupport.o)
 *(.gnu.linkonce.d*)
                0x0011cd8c                        . = ALIGN (0x4)

.igot.plt       0x0011cd8c        0x0
 .igot.plt      0x0011cd8c        0x0 C:/devkitPro/devkitARM/bin/../lib/gcc/arm-none-eabi/15.2.0/../../../../arm-none-eabi/lib/armv6k/fpu/3dsx_crt0.o

.got            0x0011cd8c        0x8
 .got           0x0011cd8c        0x8 C:/devkitPro/devkitARM/bin/../lib/gcc/arm-none-eabi/15.2.0/../../../../arm-none-eabi/lib/armv6k/fpu/3dsx_crt0.o

.got.plt        0x0011cd94        0xc
 .got.plt       0x0011cd94        0xc C:/devkitPro/devkitARM/bin/../lib/gcc/arm-none-eabi/15.2.0/../../../../arm-none-eabi/lib/armv6k/fpu/3dsx_crt0.o
                0x0011cd94                _GLOBAL_OFFSET_TABLE_

.tdata          0x0011cda0        0x0
                0x0011cda0                        __tdata_lma = .
 *(.tdata)
 *(.tdata.*)
 *(.gnu.linkonce.td.*)
                0x0011cda0                        . = ALIGN (0x4)
                0x0011cda0                        __tdata_lma_end = .

.tbss           0x0011cda0      0xc08
 *(.tbss)
 *(.tbss.*)
 .tbss.__ctru_dev_utf16_buf
                0x0011cda0      0x802 C:/devkitPro/libctru-master/libctru/lib\libctru.a(path_buf.o)
                0x0011cda0                __ctru_dev_utf16_buf
 *fill*         0x0011d5a2        0x2 
 .tbss.__ctru_dev_path_buf
                0x0011d5a4      0x401 C:/devkitPro/libctru-master/libctru/lib\libctru.a(path_buf.o)
                0x0011d5a4                __ctru_dev_path_buf
 *(.gnu.linkonce.tb.*)
 *(.tcommon)
                0x0011d9a8                        . = ALIGN (0x4)
 *fill*         0x0011d9a5        0x3 

.preinit_array  0x0011cda0        0x0
                0x0011cda0                        PROVIDE (__preinit_array_start = .)
 *(.preinit_array)
                0x0011cda0                        PROVIDE (__preinit_array_end = .)

.init_array     0x0011cda0        0x4
                0x0011cda0                        PROVIDE (__init_array_start = .)
 *(SORT_BY_NAME(.init_array.*))
 *(.init_array)
 .init_array    0x0011cda0        0x4 C:/devkitPro/devkitARM/bin/../lib/gcc/arm-none-eabi/15.2.0/armv6k/fpu/crtbegin.o
                0x0011cda4                        PROVIDE (__init_array_end = .)

.fini_array     0x0011cda4        0x4
                0x0011cda4                        PROVIDE (__fini_array_start = .)
 *(.fini_array)
 .fini_array    0x0011cda4        0x4 C:/devkitPro/devkitARM/bin/../lib/gcc/arm-none-eabi/15.2.0/armv6k/fpu/crtbegin.o
 *(SORT_BY_NAME(.fini_array.*))
                0x0011cda8                        PROVIDE (__fini_array_end = .)

.ctors
 *crtbegin.o(.ctors)
 *(EXCLUDE_FILE(*crtend.o) .ctors)
 *(SORT_BY_NAME(.ctors.*))
 *(.ctors)

.dtors
 *crtbegin.o(.dtors)
 *(EXCLUDE_FILE(*crtend.o) .dtors)
 *(SORT_BY_NAME(.dtors.*))
 *(.dtors)
                0x0011cda8                        __bss_start__ = .

.bss            0x0011cda8     0x2e28
 *(.dynbss)
 *(.bss)
 *(.bss.*)
 .bss.completed.1
                0x0011cda8        0x1 C:/devkitPro/devkitARM/bin/../lib/gcc/arm-none-eabi/15.2.0/armv6k/fpu/crtbegin.o
 *fill*         0x0011cda9        0x3 
 .bss.object.0  0x0011cdac       0x18 C:/devkitPro/devkitARM/bin/../lib/gcc/arm-none-eabi/15.2.0/armv6k/fpu/crtbegin.o
 .bss.escapeSeq
                0x0011cdc4       0x64 C:/devkitPro/libctru-master/libctru/lib\libctru.a(console.o)
 .bss.currentCopy
                0x0011ce28       0x48 C:/devkitPro/libctru-master/libctru/lib\libctru.a(console.o)
                0x0011ce28                currentCopy
 .bss.screenAlloc
                0x0011ce70        0x4 C:/devkitPro/libctru-master/libctru/lib\libctru.a(gfx.o)
 .bss.screenFree
                0x0011ce74        0x4 C:/devkitPro/libctru-master/libctru/lib\libctru.a(gfx.o)
 .bss.gfxIsDoubleBuf
                0x0011ce78        0x2 C:/devkitPro/libctru-master/libctru/lib\libctru.a(gfx.o)
 *fill*         0x0011ce7a        0x2 
 .bss.gfxCurBuf
                0x0011ce7c        0x2 C:/devkitPro/libctru-master/libctru/lib\libctru.a(gfx.o)
 .bss.gfxIsVram
                0x0011ce7e        0x1 C:/devkitPro/libctru-master/libctru/lib\libctru.a(gfx.o)
 .bss.gfxTopMode
                0x0011ce7f        0x1 C:/devkitPro/libctru-master/libctru/lib\libctru.a(gfx.o)
 .bss.gfxFramebufferFormats
                0x0011ce80        0x2 C:/devkitPro/libctru-master/libctru/lib\libctru.a(gfx.o)
 *fill*         0x0011ce82        0x2 
 .bss.gfxBottomFramebufferMaxSize
                0x0011ce84        0x4 C:/devkitPro/libctru-master/libctru/lib\libctru.a(gfx.o)
 .bss.gfxTopFramebufferMaxSize
                0x0011ce88        0x4 C:/devkitPro/libctru-master/libctru/lib\libctru.a(gfx.o)
 *fill*         0x0011ce8c        0x4 
 .bss.gfxBottomFramebuffers
                0x0011ce90        0x8 C:/devkitPro/libctru-master/libctru/lib\libctru.a(gfx.o)
 .bss.gfxTopFramebuffers
                0x0011ce98        0x8 C:/devkitPro/libctru-master/libctru/lib\libctru.a(gfx.o)
 .bss.flagValue.0
                0x0011cea0        0x1 C:/devkitPro/libctru-master/libctru/lib\libctru.a(apt.o)
 .bss.flagInit.1
                0x0011cea1        0x1 C:/devkitPro/libctru-master/libctru/lib\libctru.a(apt.o)
 *fill*         0x0011cea2        0x2 
 .bss.serviceName.6
                0x0011cea4        0x4 C:/devkitPro/libctru-master/libctru/lib\libctru.a(apt.o)
 .bss.aptChainloadFlags
                0x0011cea8        0x1 C:/devkitPro/libctru-master/libctru/lib\libctru.a(apt.o)
 .bss.aptChainloadMediatype
                0x0011cea9        0x1 C:/devkitPro/libctru-master/libctru/lib\libctru.a(apt.o)
 *fill*         0x0011ceaa        0x2 
 .bss.aptChainloadHmac
                0x0011ceac       0x20 C:/devkitPro/libctru-master/libctru/lib\libctru.a(apt.o)
 .bss.aptChainloadDeliverArg
                0x0011cecc      0x300 C:/devkitPro/libctru-master/libctru/lib\libctru.a(apt.o)
 *fill*         0x0011d1cc        0x4 
 .bss.aptChainloadTid
                0x0011d1d0        0x8 C:/devkitPro/libctru-master/libctru/lib\libctru.a(apt.o)
 .bss.aptParameters
                0x0011d1d8     0x1000 C:/devkitPro/libctru-master/libctru/lib\libctru.a(apt.o)
 .bss.aptFlags  0x0011e1d8        0x4 C:/devkitPro/libctru-master/libctru/lib\libctru.a(apt.o)
 .bss.aptHomeButtonState
                0x0011e1dc        0x1 C:/devkitPro/libctru-master/libctru/lib\libctru.a(apt.o)
 *fill*         0x0011e1dd        0x3 
 .bss.aptMessageFuncData
                0x0011e1e0        0x4 C:/devkitPro/libctru-master/libctru/lib\libctru.a(apt.o)
 .bss.aptMessageFunc
                0x0011e1e4        0x4 C:/devkitPro/libctru-master/libctru/lib\libctru.a(apt.o)
 .bss.aptFirstHook
                0x0011e1e8        0xc C:/devkitPro/libctru-master/libctru/lib\libctru.a(apt.o)
 .bss.aptEventHandlerThreadQuit
                0x0011e1f4        0x1 C:/devkitPro/libctru-master/libctru/lib\libctru.a(apt.o)
 *fill*         0x0011e1f5        0x3 
 .bss.aptEventHandlerThread
                0x0011e1f8        0x4 C:/devkitPro/libctru-master/libctru/lib\libctru.a(apt.o)
 .bss.aptSleepEvent
                0x0011e1fc        0x8 C:/devkitPro/libctru-master/libctru/lib\libctru.a(apt.o)
 .bss.aptReceiveEvent
                0x0011e204        0x8 C:/devkitPro/libctru-master/libctru/lib\libctru.a(apt.o)
 .bss.aptEvents
                0x0011e20c        0x8 C:/devkitPro/libctru-master/libctru/lib\libctru.a(apt.o)
 .bss.aptLockHandle
                0x0011e214        0x4 C:/devkitPro/libctru-master/libctru/lib\libctru.a(apt.o)
 .bss.aptRefCount
                0x0011e218        0x4 C:/devkitPro/libctru-master/libctru/lib\libctru.a(apt.o)
 .bss.gspEventCbOneShot
                0x0011e21c        0x7 C:/devkitPro/libctru-master/libctru/lib\libctru.a(gspgpu.o)
 *fill*         0x0011e223        0x1 
 .bss.gspEventCbData
                0x0011e224       0x1c C:/devkitPro/libctru-master/libctru/lib\libctru.a(gspgpu.o)
 .bss.gspEventCb
                0x0011e240       0x1c C:/devkitPro/libctru-master/libctru/lib\libctru.a(gspgpu.o)
 .bss.gspEvents
                0x0011e25c       0x38 C:/devkitPro/libctru-master/libctru/lib\libctru.a(gspgpu.o)
 .bss.gspLastEvent
                0x0011e294        0x4 C:/devkitPro/libctru-master/libctru/lib\libctru.a(gspgpu.o)
 .bss.gspRunEvents
                0x0011e298        0x1 C:/devkitPro/libctru-master/libctru/lib\libctru.a(gspgpu.o)
 *fill*         0x0011e299        0x3 
 .bss.gspEventThread
                0x0011e29c        0x4 C:/devkitPro/libctru-master/libctru/lib\libctru.a(gspgpu.o)
 .bss.gspEvent  0x0011e2a0        0x4 C:/devkitPro/libctru-master/libctru/lib\libctru.a(gspgpu.o)
 .bss.gspGpuRight
                0x0011e2a4        0x1 C:/devkitPro/libctru-master/libctru/lib\libctru.a(gspgpu.o)
 .bss.gspThreadId
                0x0011e2a5        0x1 C:/devkitPro/libctru-master/libctru/lib\libctru.a(gspgpu.o)
 *fill*         0x0011e2a6        0x2 
 .bss.gspSharedMem
                0x0011e2a8        0x4 C:/devkitPro/libctru-master/libctru/lib\libctru.a(gspgpu.o)
 .bss.gspSharedMemHandle
                0x0011e2ac        0x4 C:/devkitPro/libctru-master/libctru/lib\libctru.a(gspgpu.o)
 .bss.gspRefCount