Archive member included to satisfy reference by file (symbol)

C:/devkitPro/libctru-master/libctru/lib\libctru.a(linear.o)
                              main.o (linearMemAlign)
C:/devkitPro/libctru-master/libctru/lib\libctru.a(mem_pool.o)
                              C:/devkitPro/libctru-master/libctru/lib\libctru.a(linear.o) (_ZN7MemPool8AllocateER8MemChunkmi)
C:/devkitPro/libctru-master/libctru/lib\libctru.a(console.o)
                              main.o (consoleInit)
C:/devkitPro/libctru-master/libctru/lib\libctru.a(gfx.o)
                              C:/devkitPro/libctru-master/libctru/lib\libctru.a(console.o) (gfxIsWide)
C:/devkitPro/libctru-master/libctru/lib\libctru.a(os.o)
                              main.o (osConvertVirtToPhys)
C:/devkitPro/libctru-master/libctru/lib\libctru.a(apt.o)
                              main.o (aptMainLoop)
C:/devkitPro/libctru-master/libctru/lib\libctru.a(gspgpu.o)
                              C:/devkitPro/libctru-master/libctru/lib\libctru.a(gfx.o) (gspInit)
C:/devkitPro/libctru-master/libctru/lib\libctru.a(hid.o)
                              main.o (hidScanInput)
C:/devkitPro/libctru-master/libctru/lib\libctru.a(irrst.o)
                              C:/devkitPro/libctru-master/libctru/lib\libctru.a(hid.o) (irrstInit)
C:/devkitPro/libctru-master/libctru/lib\libctru.a(mvd.o)
                              main.o (mvdstdInit)
C:/devkitPro/libctru-master/libctru/lib\libctru.a(ptmsysm.o)
                              C:/devkitPro/libctru-master/libctru/lib\libctru.a(os.o) (ptmSysmInit)
C:/devkitPro/libctru-master/libctru/lib\libctru.a(soc_connect.o)
                              main.o (connect)
C:/devkitPro/libctru-master/libctru/lib\libctru.a(soc_inet_addr.o)
                              main.o (inet_addr)
C:/devkitPro/libctru-master/libctru/lib\libctru.a(soc_inet_aton.o)
                              C:/devkitPro/libctru-master/libctru/lib\libctru.a(soc_inet_addr.o) (inet_aton)
C:/devkitPro/libctru-master/libctru/lib\libctru.a(soc_init.o)
                              main.o (socInit)
C:/devkitPro/libctru-master/libctru/lib\libctru.a(soc_recv.o)
                              main.o (recv)
C:/devkitPro/libctru-master/libctru/lib\libctru.a(soc_recvfrom.o)
                              C:/devkitPro/libctru-master/libctru/lib\libctru.a(soc_init.o) (soc_recvfrom)
C:/devkitPro/libctru-master/libctru/lib\libctru.a(soc_send.o)
                              main.o (send)
C:/devkitPro/libctru-master/libctru/lib\libctru.a(soc_sendto.o)
                              C:/devkitPro/libctru-master/libctru/lib\libctru.a(soc_init.o) (soc_sendto)
C:/devkitPro/libctru-master/libctru/lib\libctru.a(soc_socket.o)
                              main.o (socket)
C:/devkitPro/libctru-master/libctru/lib\libctru.a(swkbd.o)
                              main.o (swkbdInit)
C:/devkitPro/libctru-master/libctru/lib\libctru.a(rbtree_find.o)
                              C:/devkitPro/libctru-master/libctru/lib\libctru.a(linear.o) (rbtree_find)
C:/devkitPro/libctru-master/libctru/lib\libctru.a(rbtree_init.o)
                              C:/devkitPro/libctru-master/libctru/lib\libctru.a(linear.o) (rbtree_init)
C:/devkitPro/libctru-master/libctru/lib\libctru.a(rbtree_insert.o)
                              C:/devkitPro/libctru-master/libctru/lib\libctru.a(linear.o) (rbtree_insert)
C:/devkitPro/libctru-master/libctru/lib\libctru.a(rbtree_remove.o)
                              C:/devkitPro/libctru-master/libctru/lib\libctru.a(linear.o) (rbtree_remove)
C:/devkitPro/libctru-master/libctru/lib\libctru.a(rbtree_rotate.o)
                              C:/devkitPro/libctru-master/libctru/lib\libctru.a(rbtree_insert.o) (rbtree_rotate)
C:/devkitPro/libctru-master/libctru/lib\libctru.a(utf16_to_utf8.o)
                              C:/devkitPro/libctru-master/libctru/lib\libctru.a(swkbd.o) (utf16_to_utf8)
C:/devkitPro/libctru-master/libctru/lib\libctru.a(utf8_to_utf16.o)
                              C:/devkitPro/libctru-master/libctru/lib\libctru.a(swkbd.o) (utf8_to_utf16)
C:/devkitPro/libctru-master/libctru/lib\libctru.a(allocateHeaps.o)
                              C:/devkitPro/libctru-master/libctru/lib\libctru.a(linear.o) (__ctru_linear_heap_size)
C:/devkitPro/libctru-master/libctru/lib\libctru.a(ctru_init.o)
                              C:/devkitPro/libctru-master/libctru/lib\libctru.a(apt.o) (__system_retAddr)
C:/devkitPro/libctru-master/libctru/lib\libctru.a(initArgv.o)
                              C:/devkitPro/libctru-master/libctru/lib\libctru.a(ctru_init.o) (__system_initArgv)
C:/devkitPro/libctru-master/libctru/lib\libctru.a(syscalls.o)
                              C:/devkitPro/libctru-master/libctru/lib\libctru.a(ctru_init.o) (__system_initSyscalls)
C:/devkitPro/libctru-master/libctru/lib\libctru.a(svc.o)
                              C:/devkitPro/libctru-master/libctru/lib\libctru.a(allocateHeaps.o) (svcControlMemory)
C:/devkitPro/libctru-master/libctru/lib\libctru.a(stack_adjust.o)
[...]
Memory Configuration

Name             Origin             Length             Attributes
*default*        0x00000000         0xffffffff

Linker script and memory map

                0x00000000                        __sync_synchronize = __sync_synchronize_dmb
                0x00100000                        PROVIDE (__start__ = 0x100000)
                0x00100000                        . = __start__

.text           0x00100000    0x19d00
 *(.crt0)
 .crt0          0x00100000       0x94 C:/devkitPro/devkitARM/bin/../lib/gcc/arm-none-eabi/15.2.0/../../../../arm-none-eabi/lib/armv6k/fpu/3dsx_crt0.o
                0x00100000                _start
                0x00100008                __service_ptr
                0x0010000c                __apt_appid
                0x00100010                __heap_size
                0x00100014                __linear_heap_size
                0x00100018                __system_arglist
                0x0010001c                __system_runflags
 *(.init)
 .init          0x00100094        0xc C:/devkitPro/devkitARM/bin/../lib/gcc/arm-none-eabi/15.2.0/armv6k/fpu/crti.o
                0x00100094                _init
 .init          0x001000a0        0xc C:/devkitPro/devkitARM/bin/../lib/gcc/arm-none-eabi/15.2.0/armv6k/fpu/crtn.o
                0x001000ac                        . = ALIGN (0x4)
 *(.text)
 .text          0x001000ac      0x240 C:/devkitPro/devkitARM/bin/../lib/gcc/arm-none-eabi/15.2.0/armv6k/fpu\libgcc.a(_divsi3.o)
                0x001000ac                __divsi3
                0x001000ac                __aeabi_idiv
                0x001002cc                __aeabi_idivmod
 .text          0x001002ec        0x4 C:/devkitPro/devkitARM/bin/../lib/gcc/arm-none-eabi/15.2.0/armv6k/fpu\libgcc.a(_dvmd_tls.o)
                0x001002ec                __aeabi_idiv0
                0x001002ec                __aeabi_ldiv0
 .text          0x001002f0       0x3c C:/devkitPro/devkitARM/bin/../lib/gcc/arm-none-eabi/15.2.0/armv6k/fpu\libgcc.a(_aeabi_uldivmod.o)
                0x001002f0                __aeabi_uldivmod
 *fill*         0x0010032c       0x14 
 .text          0x00100340      0x390 C:/devkitPro/devkitARM/bin/../lib/gcc/arm-none-eabi/15.2.0/../../../../arm-none-eabi/lib/armv6k/fpu\libg.a(libc_a-strcmp.o)
                0x00100348                strcmp
 .text          0x001006d0      0x20c C:/devkitPro/devkitARM/bin/../lib/gcc/arm-none-eabi/15.2.0/armv6k/fpu\libgcc.a(_udivsi3.o)
                0x001006d0                __aeabi_uidiv
                0x001006d0                __udivsi3
                0x001008bc                __aeabi_uidivmod
 *(.text.*)
 .text.__do_global_dtors_aux
                0x001008dc       0x50 C:/devkitPro/devkitARM/bin/../lib/gcc/arm-none-eabi/15.2.0/armv6k/fpu/crtbegin.o
 .text.frame_dummy
                0x0010092c       0x2c C:/devkitPro/devkitARM/bin/../lib/gcc/arm-none-eabi/15.2.0/armv6k/fpu/crtbegin.o
 .text.startup.main
                0x00100958      0x56c main.o
                0x00100958                main
 .text._ZL21addrMapNodeComparatorPK11rbtree_nodeS1_
                0x00100ec4       0x24 C:/devkitPro/libctru-master/libctru/lib\libctru.a(linear.o)
 .text._ZL21addrMapNodeDestructorP11rbtree_node
                0x00100ee8        0x4 C:/devkitPro/libctru-master/libctru/lib\libctru.a(linear.o)
 .text.linearMemAlign
                0x00100eec      0x12c C:/devkitPro/libctru-master/libctru/lib\libctru.a(linear.o)
                0x00100eec                linearMemAlign
 .text.linearAlloc
                0x00101018        0x8 C:/devkitPro/libctru-master/libctru/lib\libctru.a(linear.o)
                0x00101018                linearAlloc
 .text.linearFree
                0x00101020       0x5c C:/devkitPro/libctru-master/libctru/lib\libctru.a(linear.o)
                0x00101020                linearFree
 .text._ZN7MemPool13CoalesceRightEP8MemBlock
                0x0010107c       0x88 C:/devkitPro/libctru-master/libctru/lib\libctru.a(mem_pool.o)
                0x0010107c                _ZN7MemPool13CoalesceRightEP8MemBlock
 .text._ZN7MemPool8AllocateER8MemChunkmi
                0x00101104      0x178 C:/devkitPro/libctru-master/libctru/lib\libctru.a(mem_pool.o)
                0x00101104                _ZN7MemPool8AllocateER8MemChunkmi
 .text._ZN7MemPool10DeallocateERK8MemChunk
                0x0010127c      0x118 C:/devkitPro/libctru-master/libctru/lib\libctru.a(mem_pool.o)
                0x0010127c                _ZN7MemPool10DeallocateERK8MemChunk
 .text._ZN7MemPool12GetFreeSpaceEv
                0x00101394       0x30 C:/devkitPro/libctru-master/libctru/lib\libctru.a(mem_pool.o)
                0x00101394                _ZN7MemPool12GetFreeSpaceEv
 .text.consoleDrawChar
                0x001013c4      0x1c8 C:/devkitPro/libctru-master/libctru/lib\libctru.a(console.o)
                0x001013c4                consoleDrawChar
 .text.consolePrintChar
                0x0010158c      0x170 C:/devkitPro/libctru-master/libctru/lib\libctru.a(console.o)
                0x0010158c                consolePrintChar
 .text.con_write
                0x001016fc      0xcc8 C:/devkitPro/libctru-master/libctru/lib\libctru.a(console.o)
                0x001016fc                con_write
 .text.newRow   0x001023c4       0xfc C:/devkitPro/libctru-master/libctru/lib\libctru.a(console.o)
 .text.consoleInit
                0x001024c0      0x180 C:/devkitPro/libctru-master/libctru/lib\libctru.a(console.o)
                0x001024c0                consoleInit
 .text.gfxPresentFramebuffer
                0x00102640       0xcc C:/devkitPro/libctru-master/libctru/lib\libctru.a(gfx.o)
 .text.gfxIsWide
                0x0010270c       0x1c C:/devkitPro/libctru-master/libctru/lib\libctru.a(gfx.o)
                0x0010270c                gfxIsWide
 .text.gfxSetScreenFormat
                0x00102728       0xf8 C:/devkitPro/libctru-master/libctru/lib\libctru.a(gfx.o)
                0x00102728                gfxSetScreenFormat
 .text.gfxSetDoubleBuffering
                0x00102820       0x10 C:/devkitPro/libctru-master/libctru/lib\libctru.a(gfx.o)
                0x00102820                gfxSetDoubleBuffering
 .text.gfxInit  0x00102830       0xd8 C:/devkitPro/libctru-master/libctru/lib\libctru.a(gfx.o)
                0x00102830                gfxInit
 .text.gfxExit  0x00102908       0xb8 C:/devkitPro/libctru-master/libctru/lib\libctru.a(gfx.o)
                0x00102908                gfxExit
 .text.gfxGetFramebuffer
                0x001029c0       0xa0 C:/devkitPro/libctru-master/libctru/lib\libctru.a(gfx.o)
                0x001029c0                gfxGetFramebuffer
 .text.gfxFlushBuffers
                0x00102a60      0x100 C:/devkitPro/libctru-master/libctru/lib\libctru.a(gfx.o)
                0x00102a60                gfxFlushBuffers
 .text.gfxSwapBuffersGpu
                0x00102b60       0x50 C:/devkitPro/libctru-master/libctru/lib\libctru.a(gfx.o)
                0x00102b60                gfxSwapBuffersGpu
 .text.osConvertVirtToPhys
                0x00102bb0       0x74 C:/devkitPro/libctru-master/libctru/lib\libctru.a(os.o)
                0x00102bb0                osConvertVirtToPhys
 .text.osConvertOldLINEARMemToNew
                0x00102c24       0x20 C:/devkitPro/libctru-master/libctru/lib\libctru.a(os.o)
                0x00102c24                osConvertOldLINEARMemToNew
 .text.__ctru_speedup_config
                0x00102c44       0x34 C:/devkitPro/libctru-master/libctru/lib\libctru.a(os.o)
                0x00102c44                __ctru_speedup_config
 .text.aptConvertScreenForCapture
                0x00102c78      0x180 C:/devkitPro/libctru-master/libctru/lib\libctru.a(apt.o)
 .text.aptDspSleep
                0x00102df8        0x8 C:/devkitPro/libctru-master/libctru/lib\libctru.a(apt.o)
                0x00102df8                aptDspSleep
 .text.aptDspWakeup
                0x00102e00        0x4 C:/devkitPro/libctru-master/libctru/lib\libctru.a(apt.o)
                0x00102e00                aptDspWakeup
 .text.aptDspCancel
                0x00102e04        0x4 C:/devkitPro/libctru-master/libctru/lib\libctru.a(apt.o)
                0x00102e04                aptDspCancel
 .text.aptSendCommand
                0x00102e08      0x138 C:/devkitPro/libctru-master/libctru/lib\libctru.a(apt.o)
                0x00102e08                aptSendCommand
 .text.aptExitProcess
                0x00102f40       0x44 C:/devkitPro/libctru-master/libctru/lib\libctru.a(apt.o)
 .text.aptExit  0x00102f84      0x394 C:/devkitPro/libctru-master/libctru/lib\libctru.a(apt.o)
                0x00102f84                aptExit
 .text.aptHandleSleep
                0x00103318       0xd8 C:/devkitPro/libctru-master/libctru/lib\libctru.a(apt.o)
                0x00103318                aptHandleSleep
 .text.aptSetMessageCallback
                0x001033f0       0x1c C:/devkitPro/libctru-master/libctru/lib\libctru.a(apt.o)
                0x001033f0                aptSetMessageCallback
 .text.APT_SleepIfShellClosed
                0x0010340c       0x84 C:/devkitPro/libctru-master/libctru/lib\libctru.a(apt.o)
                0x0010340c                APT_SleepIfShellClosed
 .text.aptSetSleepAllowed
                0x00103490       0x78 C:/devkitPro/libctru-master/libctru/lib\libctru.a(apt.o)
                0x00103490                aptSetSleepAllowed
 .text.APT_UnlockTransition
                0x00103508       0x84 C:/devkitPro/libctru-master/libctru/lib\libctru.a(apt.o)
                0x00103508                APT_UnlockTransition
 *fill*         0x0010358c        0x4 
 .text.aptEventHandler
                0x00103590      0x470 C:/devkitPro/libctru-master/libctru/lib\libctru.a(apt.o)
 .text.APT_ReceiveParameter
                0x00103a00       0xbc C:/devkitPro/libctru-master/libctru/lib\libctru.a(apt.o)
                0x00103a00                APT_ReceiveParameter
 .text.aptReceiveParameter.constprop.0
                0x00103abc       0xb0 C:/devkitPro/libctru-master/libctru/lib\libctru.a(apt.o)
 *fill*         0x00103b6c        0x4 
 .text.aptScreenTransfer
                0x00103b70      0x294 C:/devkitPro/libctru-master/libctru/lib\libctru.a(apt.o)
 .text.aptWaitForWakeUp.isra.0
                0x00103e04      0x2d0 C:/devkitPro/libctru-master/libctru/lib\libctru.a(apt.o)
 .text.aptLaunchLibraryApplet
                0x001040d4      0x114 C:/devkitPro/libctru-master/libctru/lib\libctru.a(apt.o)
                0x001040d4                aptLaunchLibraryApplet
 .text.aptJumpToHomeMenu
                0x001041e8       0xf4 C:/devkitPro/libctru-master/libctru/lib\libctru.a(apt.o)
                0x001041e8                aptJumpToHomeMenu
 .text.aptMainLoop
                0x001042dc       0x58 C:/devkitPro/libctru-master/libctru/lib\libctru.a(apt.o)
                0x001042dc                aptMainLoop
 .text.aptInit  0x00104334      0x240 C:/devkitPro/libctru-master/libctru/lib\libctru.a(apt.o)
                0x00104334                aptInit
 .text.APT_SendParameter
                0x00104574       0x5c C:/devkitPro/libctru-master/libctru/lib\libctru.a(apt.o)
                0x00104574                APT_SendParameter
 .text.APT_CheckNew3DS
                0x001045d0       0x90 C:/devkitPro/libctru-master/libctru/lib\libctru.a(apt.o)
                0x001045d0                APT_CheckNew3DS
 .text.gspHardwareInit
                0x00104660      0xc70 C:/devkitPro/libctru-master/libctru/lib\libctru.a(gspgpu.o)
 .text.gspInit  0x001052d0      0x288 C:/devkitPro/libctru-master/libctru/lib\libctru.a(gspgpu.o)
                0x001052d0                gspInit
 .text.gspExit  0x00105558      0x104 C:/devkitPro/libctru-master/libctru/lib\libctru.a(gspgpu.o)
                0x00105558                gspExit
 .text.gspHasGpuRight
                0x0010565c       0x10 C:/devkitPro/libctru-master/libctru/lib\libctru.a(gspgpu.o)
                0x0010565c                gspHasGpuRight
 .text.gspPresentBuffer
                0x0010566c       0xa4 C:/devkitPro/libctru-master/libctru/lib\libctru.a(gspgpu.o)
                0x0010566c                gspPresentBuffer
 .text.gspWaitForEvent
                0x00105710       0x50 C:/devkitPro/libctru-master/libctru/lib\libctru.a(gspgpu.o)
                0x00105710                gspWaitForEvent
 .text.gxCmdQueueInterrupt
                0x00105760        0x4 C:/devkitPro/libctru-master/libctru/lib\libctru.a(gspgpu.o)
                0x00105760                gxCmdQueueInterrupt
 .text.gspEventThreadMain
                0x00105764      0x154 C:/devkitPro/libctru-master/libctru/lib\libctru.a(gspgpu.o)
 .text.GSPGPU_FlushDataCache
                0x001058b8       0x50 C:/devkitPro/libctru-master/libctru/lib\libctru.a(gspgpu.o)
                0x001058b8                GSPGPU_FlushDataCache
 .text.GSPGPU_SetLcdForceBlack
                0x00105908       0x34 C:/devkitPro/libctru-master/libctru/lib\libctru.a(gspgpu.o)
                0x00105908                GSPGPU_SetLcdForceBlack
 .text.GSPGPU_AcquireRight
                0x0010593c       0x84 C:/devkitPro/libctru-master/libctru/lib\libctru.a(gspgpu.o)
                0x0010593c                GSPGPU_AcquireRight
 .text.GSPGPU_ReleaseRight
                0x001059c0       0x64 C:/devkitPro/libctru-master/libctru/lib\libctru.a(gspgpu.o)
                0x001059c0                GSPGPU_ReleaseRight
 .text.GSPGPU_ImportDisplayCaptureInfo
                0x00105a24       0x7c C:/devkitPro/libctru-master/libctru/lib\libctru.a(gspgpu.o)
                0x00105a24                GSPGPU_ImportDisplayCaptureInfo
 .text.GSPGPU_SaveVramSysArea
                0x00105aa0       0x2c C:/devkitPro/libctru-master/libctru/lib\libctru.a(gspgpu.o)
                0x00105aa0                GSPGPU_SaveVramSysArea
 .text.GSPGPU_RestoreVramSysArea
                0x00105acc       0x2c C:/devkitPro/libctru-master/libctru/lib\libctru.a(gspgpu.o)
                0x00105acc                GSPGPU_RestoreVramSysArea
 .text.hidShouldUseIrrst
                0x00105af8       0x24 C:/devkitPro/libctru-master/libctru/lib\libctru.a(hid.o)
                0x00105af8                hidShouldUseIrrst
 .text.hidInit  0x00105b1c      0x1cc C:/devkitPro/libctru-master/libctru/lib\libctru.a(hid.o)
                0x00105b1c                hidInit
 .text.hidExit  0x00105ce8       0xe8 C:/devkitPro/libctru-master/libctru/lib\libctru.a(hid.o)
                0x00105ce8                hidExit
 .text.hidScanInput
                0x00105dd0      0x2a0 C:/devkitPro/libctru-master/libctru/lib\libctru.a(hid.o)
                0x00105dd0                hidScanInput
 .text.hidKeysDown
                0x00106070       0x10 C:/devkitPro/libctru-master/libctru/lib\libctru.a(hid.o)
                0x00106070                hidKeysDown
 .text.irrstInit
                0x00106080      0x1a4 C:/devkitPro/libctru-master/libctru/lib\libctru.a(irrst.o)
                0x00106080                irrstInit
 .text.irrstExit
                0x00106224       0xdc C:/devkitPro/libctru-master/libctru/lib\libctru.a(irrst.o)
                0x00106224                irrstExit
 .text.irrstScanInput
                0x00106300       0xb4 C:/devkitPro/libctru-master/libctru/lib\libctru.a(irrst.o)
                0x00106300                irrstScanInput
 .text.irrstKeysHeld
                0x001063b4       0x24 C:/devkitPro/libctru-master/libctru/lib\libctru.a(irrst.o)
                0x001063b4                irrstKeysHeld
 .text.mvdstdInit
                0x001063d8      0x330 C:/devkitPro/libctru-master/libctru/lib\libctru.a(mvd.o)
                0x001063d8                mvdstdInit
 .text.mvdstdExit
                0x00106708      0x11c C:/devkitPro/libctru-master/libctru/lib\libctru.a(mvd.o)
                0x00106708                mvdstdExit
 .text.mvdstdGenerateDefaultConfig
                0x00106824       0xe4 C:/devkitPro/libctru-master/libctru/lib\libctru.a(mvd.o)
                0x00106824                mvdstdGenerateDefaultConfig
 .text.mvdstdProcessVideoFrame
                0x00106908       0xfc C:/devkitPro/libctru-master/libctru/lib\libctru.a(mvd.o)
                0x00106908                mvdstdProcessVideoFrame
 .text.mvdstdRenderVideoFrame
                0x00106a04       0xf8 C:/devkitPro/libctru-master/libctru/lib\libctru.a(mvd.o)
                0x00106a04                mvdstdRenderVideoFrame
 .text.ptmSysmInit
                0x00106afc       0x78 C:/devkitPro/libctru-master/libctru/lib\libctru.a(ptmsysm.o)
                0x00106afc                ptmSysmInit
 .text.ptmSysmExit
                0x00106b74       0x3c C:/devkitPro/libctru-master/libctru/lib\libctru.a(ptmsysm.o)
                0x00106b74                ptmSysmExit
 .text.PTMSYSM_ConfigureNew3DSCPU
                0x00106bb0       0x34 C:/devkitPro/libctru-master/libctru/lib\libctru.a(ptmsysm.o)
                0x00106bb0                PTMSYSM_ConfigureNew3DSCPU
 .text.connect  0x00106be4      0x174 C:/devkitPro/libctru-master/libctru/lib\libctru.a(soc_connect.o)
                0x00106be4                connect
 .text.inet_addr
                0x00106d58       0x24 C:/devkitPro/libctru-master/libctru/lib\libctru.a(soc_inet_addr.o)
                0x00106d58                inet_addr
 .text.inet_aton
                0x00106d7c      0x1a8 C:/devkitPro/libctru-master/libctru/lib\libctru.a(soc_inet_aton.o)
                0x00106d7c                inet_aton
 .text.soc_read
                0x00106f24       0x34 C:/devkitPro/libctru-master/libctru/lib\libctru.a(soc_init.o)
 .text.soc_write
                0x00106f58       0x34 C:/devkitPro/libctru-master/libctru/lib\libctru.a(soc_init.o)
 .text.soc_close
                0x00106f8c       0xb0 C:/devkitPro/libctru-master/libctru/lib\libctru.a(soc_init.o)
 .text.socInit  0x0010703c      0x190 C:/devkitPro/libctru-master/libctru/lib\libctru.a(soc_init.o)
                0x0010703c                socInit
 .text.socExit  0x001071cc       0x88 C:/devkitPro/libctru-master/libctru/lib\libctru.a(soc_init.o)
                0x001071cc                socExit
 .text.recv     0x00107254       0x20 C:/devkitPro/libctru-master/libctru/lib\libctru.a(soc_recv.o)
                0x00107254                recv
 .text.socuipc_cmd7
                0x00107274      0x148 C:/devkitPro/libctru-master/libctru/lib\libctru.a(soc_recvfrom.o)
                0x00107274                socuipc_cmd7
 .text.socuipc_cmd8
                0x001073bc      0x168 C:/devkitPro/libctru-master/libctru/lib\libctru.a(soc_recvfrom.o)
                0x001073bc                socuipc_cmd8
 .text.soc_recvfrom
                0x00107524       0x10 C:/devkitPro/libctru-master/libctru/lib\libctru.a(soc_recvfrom.o)
                0x00107524                soc_recvfrom
 .text.recvfrom
                0x00107534       0xa4 C:/devkitPro/libctru-master/libctru/lib\libctru.a(soc_recvfrom.o)
                0x00107534                recvfrom
 .text.send     0x001075d8       0x20 C:/devkitPro/libctru-master/libctru/lib\libctru.a(soc_send.o)
                0x001075d8                send
 .text.socuipc_cmd9
                0x001075f8      0x15c C:/devkitPro/libctru-master/libctru/lib\libctru.a(soc_sendto.o)
                0x001075f8                socuipc_cmd9
 .text.socuipc_cmda
                0x00107754      0x160 C:/devkitPro/libctru-master/libctru/lib\libctru.a(soc_sendto.o)
                0x00107754                socuipc_cmda
 .text.soc_sendto
                0x001078b4       0x10 C:/devkitPro/libctru-master/libctru/lib\libctru.a(soc_sendto.o)
                0x001078b4                soc_sendto
 .text.sendto   0x001078c4       0xa4 C:/devkitPro/libctru-master/libctru/lib\libctru.a(soc_sendto.o)
                0x001078c4                sendto
 .text.socket   0x00107968      0x16c C:/devkitPro/libctru-master/libctru/lib\libctru.a(soc_socket.o)
                0x00107968                socket
 .text.swkbdMessageCallback
                0x00107ad4      0x190 C:/devkitPro/libctru-master/libctru/lib\libctru.a(swkbd.o)
 .text.swkbdInit
                0x00107c64       0x84 C:/devkitPro/libctru-master/libctru/lib\libctru.a(swkbd.o)
                0x00107c64                swkbdInit
 .text.swkbdSetHintText
                0x00107ce8       0x64 C:/devkitPro/libctru-master/libctru/lib\libctru.a(swkbd.o)
                0x00107ce8                swkbdSetHintText
 .text.swkbdInputText
                0x00107d4c      0x3a8 C:/devkitPro/libctru-master/libctru/lib\libctru.a(swkbd.o)
                0x00107d4c                swkbdInputText
 .text.rbtree_find
                0x001080f4       0x74 C:/devkitPro/libctru-master/libctru/lib\libctru.a(rbtree_find.o)
                0x001080f4                rbtree_find
 .text.rbtree_init
                0x00108168       0x10 C:/devkitPro/libctru-master/libctru/lib\libctru.a(rbtree_init.o)
                0x00108168                rbtree_init
 .text.do_insert
                0x00108178      0x198 C:/devkitPro/libctru-master/libctru/lib\libctru.a(rbtree_insert.o)
 .text.rbtree_insert
                0x00108310        0x8 C:/devkitPro/libctru-master/libctru/lib\libctru.a(rbtree_insert.o)
                0x00108310                rbtree_insert
 .text.rbtree_remove
                0x00108318      0x310 C:/devkitPro/libctru-master/libctru/lib\libctru.a(rbtree_remove.o)
                0x00108318                rbtree_remove
 .text.rbtree_rotate
                0x00108628       0x90 C:/devkitPro/libctru-master/libctru/lib\libctru.a(rbtree_rotate.o)
                0x00108628                rbtree_rotate
 .text.utf16_to_utf8
                0x001086b8       0xe8 C:/devkitPro/libctru-master/libctru/lib\libctru.a(utf16_to_utf8.o)
                0x001086b8                utf16_to_utf8
 .text.utf8_to_utf16
                0x001087a0       0xc0 C:/devkitPro/libctru-master/libctru/lib\libctru.a(utf8_to_utf16.o)
                0x001087a0                utf8_to_utf16
 .text.__system_allocateHeaps
                0x00108860      0x1e8 C:/devkitPro/libctru-master/libctru/lib\libctru.a(allocateHeaps.o)
                0x00108860                __system_allocateHeaps
 .text.__libctru_init
                0x00108a48       0x38 C:/devkitPro/libctru-master/libctru/lib\libctru.a(ctru_init.o)
                0x00108a48                __libctru_init
 .text.__system_initArgv
                0x00108a80      0x16c C:/devkitPro/libctru-master/libctru/lib\libctru.a(initArgv.o)
                0x00108a80                __system_initArgv
 .text.__syscall_getreent
                0x00108bec       0x30 C:/devkitPro/libctru-master/libctru/lib\libctru.a(syscalls.o)
                0x00108bec                __syscall_getreent
 .text.__syscall_lock_acquire
                0x00108c1c        0x4 C:/devkitPro/libctru-master/libctru/lib\libctru.a(syscalls.o)
                0x00108c1c                __syscall_lock_acquire
 .text.__syscall_lock_release
                0x00108c20        0x4 C:/devkitPro/libctru-master/libctru/lib\libctru.a(syscalls.o)
                0x00108c20                __syscall_lock_release
 .text.__syscall_lock_acquire_recursive
                0x00108c24        0x4 C:/devkitPro/libctru-master/libctru/lib\libctru.a(syscalls.o)
                0x00108c24                __syscall_lock_acquire_recursive
 .text.__syscall_lock_release_recursive
                0x00108c28        0x4 C:/devkitPro/libctru-master/libctru/lib\libctru.a(syscalls.o)
                0x00108c28                __syscall_lock_release_recursive
 .text.__syscall_exit
                0x00108c2c        0x4 C:/devkitPro/libctru-master/libctru/lib\libctru.a(syscalls.o)
                0x00108c2c                __syscall_exit
 .text.initThreadVars
                0x00108c30       0x54 C:/devkitPro/libctru-master/libctru/lib\libctru.a(syscalls.o)
                0x00108c30                initThreadVars
 .text.__system_initSyscalls
                0x00108c84       0x80 C:/devkitPro/libctru-master/libctru/lib\libctru.a(syscalls.o)
                0x00108c84                __system_initSyscalls
 .text.svcControlMemory
                0x00108d04       0x20 C:/devkitPro/libctru-master/libctru/lib\libctru.a(svc.o)
                0x00108d04                svcControlMemory
 .text.svcQueryMemory
                0x00108d24       0x30 C:/devkitPro/libctru-master/libctru/lib\libctru.a(svc.o)
                0x00108d24                svcQueryMemory
 .text.svcExitProcess
                0x00108d54        0x8 C:/devkitPro/libctru-master/libctru/lib\libctru.a(svc.o)
                0x00108d54                svcExitProcess
 .text.svcCreateThread
                0x00108d5c       0x20 C:/devkitPro/libctru-master/libctru/lib\libctru.a(svc.o)
                0x00108d5c                svcCreateThread
 .text.svcExitThread
                0x00108d7c        0x8 C:/devkitPro/libctru-master/libctru/lib\libctru.a(svc.o)
                0x00108d7c                svcExitThread
 .text.svcSleepThread
                0x00108d84        0x8 C:/devkitPro/libctru-master/libctru/lib\libctru.a(svc.o)
                0x00108d84                svcSleepThread
 .text.svcReleaseMutex
                0x00108d8c        0x8 C:/devkitPro/libctru-master/libctru/lib\libctru.a(svc.o)
                0x00108d8c                svcReleaseMutex
 .text.svcCreateEvent
                0x00108d94       0x14 C:/devkitPro/libctru-master/libctru/lib\libctru.a(svc.o)
                0x00108d94                svcCreateEvent
 .text.svcSignalEvent
                0x00108da8        0x8 C:/devkitPro/libctru-master/libctru/lib\libctru.a(svc.o)
                0x00108da8                svcSignalEvent
 .text.svcClearEvent
                0x00108db0        0x8 C:/devkitPro/libctru-master/libctru/lib\libctru.a(svc.o)
                0x00108db0                svcClearEvent
 .text.svcCreateMemoryBlock
                0x00108db8       0x18 C:/devkitPro/libctru-master/libctru/lib\libctru.a(svc.o)
                0x00108db8                svcCreateMemoryBlock
 .text.svcMapMemoryBlock
                0x00108dd0        0x8 C:/devkitPro/libctru-master/libctru/lib\libctru.a(svc.o)
                0x00108dd0                svcMapMemoryBlock
 .text.svcUnmapMemoryBlock
                0x00108dd8        0x8 C:/devkitPro/libctru-master/libctru/lib\libctru.a(svc.o)
                0x00108dd8                svcUnmapMemoryBlock
 .text.svcCreateAddressArbiter
                0x00108de0       0x14 C:/devkitPro/libctru-master/libctru/lib\libctru.a(svc.o)
                0x00108de0                svcCreateAddressArbiter
 .text.svcArbitrateAddressNoTimeout
                0x00108df4        0x8 C:/devkitPro/libctru-master/libctru/lib\libctru.a(svc.o)
                0x00108df4                svcArbitrateAddressNoTimeout
 .text.svcCloseHandle
                0x00108dfc        0x8 C:/devkitPro/libctru-master/libctru/lib\libctru.a(svc.o)
                0x00108dfc                svcCloseHandle
 .text.svcWaitSynchronization
                0x00108e04        0x8 C:/devkitPro/libctru-master/libctru/lib\libctru.a(svc.o)
                0x00108e04                svcWaitSynchronization
 .text.svcWaitSynchronizationN
                0x00108e0c       0x28 C:/devkitPro/libctru-master/libctru/lib\libctru.a(svc.o)
                0x00108e0c                svcWaitSynchronizationN
 .text.svcDuplicateHandle
                0x00108e34       0x14 C:/devkitPro/libctru-master/libctru/lib\libctru.a(svc.o)
                0x00108e34                svcDuplicateHandle
 .text.svcConnectToPort
                0x00108e48       0x14 C:/devkitPro/libctru-master/libctru/lib\libctru.a(svc.o)
                0x00108e48                svcConnectToPort
 .text.svcSendSyncRequest
                0x00108e5c        0x8 C:/devkitPro/libctru-master/libctru/lib\libctru.a(svc.o)
                0x00108e5c                svcSendSyncRequest
 .text.svcGetResourceLimit
                0x00108e64       0x14 C:/devkitPro/libctru-master/libctru/lib\libctru.a(svc.o)
                0x00108e64                svcGetResourceLimit
 .text.svcGetResourceLimitLimitValues
                0x00108e78        0x8 C:/devkitPro/libctru-master/libctru/lib\libctru.a(svc.o)
                0x00108e78                svcGetResourceLimitLimitValues
 .text.svcGetResourceLimitCurrentValues
                0x00108e80        0x8 C:/devkitPro/libctru-master/libctru/lib\libctru.a(svc.o)
                0x00108e80                svcGetResourceLimitCurrentValues
 .text.svcBreak
                0x00108e88        0x8 C:/devkitPro/libctru-master/libctru/lib\libctru.a(svc.o)
                0x00108e88                svcBreak
 .text.initSystem
                0x00108e90       0x50 C:/devkitPro/libctru-master/libctru/lib\libctru.a(stack_adjust.o)
                0x00108e90                initSystem
 .text.__ctru_exit
                0x00108ee0       0x14 C:/devkitPro/libctru-master/libctru/lib\libctru.a(stack_adjust.o)
                0x00108ee0                __ctru_exit
 .text._ZL21addrMapNodeComparatorPK11rbtree_nodeS1_
                0x00108ef4       0x24 C:/devkitPro/libctru-master/libctru/lib\libctru.a(vram.o)
 .text._ZL21addrMapNodeDestructorP11rbtree_node
                0x00108f18        0x4 C:/devkitPro/libctru-master/libctru/lib\libctru.a(vram.o)
 .text.vramMemAlignAt
                0x00108f1c      0x248 C:/devkitPro/libctru-master/libctru/lib\libctru.a(vram.o)
                0x00108f1c                vramMemAlignAt
 .text.vramAlloc
                0x00109164        0xc C:/devkitPro/libctru-master/libctru/lib\libctru.a(vram.o)
                0x00109164                vramAlloc
 .text.vramFree
                0x00109170       0x94 C:/devkitPro/libctru-master/libctru/lib\libctru.a(vram.o)
                0x00109170                vramFree
 .text.envGetHandle
                0x00109204       0x8c C:/devkitPro/libctru-master/libctru/lib\libctru.a(env.o)
                0x00109204                envGetHandle
 .text.envDestroyHandles
                0x00109290       0x50 C:/devkitPro/libctru-master/libctru/lib\libctru.a(env.o)
                0x00109290                envDestroyHandles
 .text.srvInit  0x001092e0      0x164 C:/devkitPro/libctru-master/libctru/lib\libctru.a(srv.o)
                0x001092e0                srvInit
 .text.srvExit  0x00109444       0x64 C:/devkitPro/libctru-master/libctru/lib\libctru.a(srv.o)
                0x00109444                srvExit
 .text.srvEnableNotification
                0x001094a8       0x60 C:/devkitPro/libctru-master/libctru/lib\libctru.a(srv.o)
                0x001094a8                srvEnableNotification
 .text.srvGetServiceHandleDirect
                0x00109508       0xa0 C:/devkitPro/libctru-master/libctru/lib\libctru.a(srv.o)
                0x00109508                srvGetServiceHandleDirect
 .text.srvGetServiceHandle
                0x001095a8       0x48 C:/devkitPro/libctru-master/libctru/lib\libctru.a(srv.o)
                0x001095a8                srvGetServiceHandle
 .text.srvSubscribe
                0x001095f0       0x34 C:/devkitPro/libctru-master/libctru/lib\libctru.a(srv.o)
                0x001095f0                srvSubscribe
 .text.srvReceiveNotification
                0x00109624       0x60 C:/devkitPro/libctru-master/libctru/lib\libctru.a(srv.o)
                0x00109624                srvReceiveNotification
 .text.srvPublishToSubscriber
                0x00109684       0x38 C:/devkitPro/libctru-master/libctru/lib\libctru.a(srv.o)
                0x00109684                srvPublishToSubscriber
 .text.__sync_init
                0x001096bc        0xc C:/devkitPro/libctru-master/libctru/lib\libctru.a(synchronization.o)
                0x001096bc                __sync_init
 .text.__sync_fini
                0x001096c8       0x18 C:/devkitPro/libctru-master/libctru/lib\libctru.a(synchronization.o)
                0x001096c8                __sync_fini
 .text.syncArbitrateAddress
                0x001096e0       0x28 C:/devkitPro/libctru-master/libctru/lib\libctru.a(synchronization.o)
                0x001096e0                syncArbitrateAddress
 .text.LightLock_Lock
                0x00109708       0xac C:/devkitPro/libctru-master/libctru/lib\libctru.a(synchronization.o)
                0x00109708                LightLock_Lock
 .text.LightLock_Unlock
                0x001097b4       0x40 C:/devkitPro/libctru-master/libctru/lib\libctru.a(synchronization.o)
                0x001097b4                LightLock_Unlock
 .text.RecursiveLock_Lock
                0x001097f4       0x54 C:/devkitPro/libctru-master/libctru/lib\libctru.a(synchronization.o)
                0x001097f4                RecursiveLock_Lock
 .text.RecursiveLock_Unlock
                0x00109848       0x54 C:/devkitPro/libctru-master/libctru/lib\libctru.a(synchronization.o)
                0x00109848                RecursiveLock_Unlock
 .text.LightEvent_Init
                0x0010989c       0x44 C:/devkitPro/libctru-master/libctru/lib\libctru.a(synchronization.o)
                0x0010989c                LightEvent_Init
 .text.LightEvent_Clear
                0x001098e0       0xb8 C:/devkitPro/libctru-master/libctru/lib\libctru.a(synchronization.o)
                0x001098e0                LightEvent_Clear
 .text.LightEvent_Signal
                0x00109998       0xdc C:/devkitPro/libctru-master/libctru/lib\libctru.a(synchronization.o)
                0x00109998                LightEvent_Signal
 .text.LightEvent_TryWait
                0x00109a74       0x50 C:/devkitPro/libctru-master/libctru/lib\libctru.a(synchronization.o)
                0x00109a74                LightEvent_TryWait
 .text.LightEvent_Wait
                0x00109ac4       0xac C:/devkitPro/libctru-master/libctru/lib\libctru.a(synchronization.o)
                0x00109ac4                LightEvent_Wait
 .text.threadCreate
                0x00109b70      0x1fc C:/devkitPro/libctru-master/libctru/lib\libctru.a(thread.o)
                0x00109b70                threadCreate
 .text.threadFree
                0x00109d6c       0x38 C:/devkitPro/libctru-master/libctru/lib\libctru.a(thread.o)
                0x00109d6c                threadFree
 .text.threadJoin
                0x00109da4       0x24 C:/devkitPro/libctru-master/libctru/lib\libctru.a(thread.o)
                0x00109da4                threadJoin
 .text.threadGetCurrent
                0x00109dc8       0x30 C:/devkitPro/libctru-master/libctru/lib\libctru.a(thread.o)
                0x00109dc8                threadGetCurrent
 .text.threadExit
                0x00109df8       0x40 C:/devkitPro/libctru-master/libctru/lib\libctru.a(thread.o)
                0x00109df8                threadExit
 .text._thread_begin
                0x00109e38       0x20 C:/devkitPro/libctru-master/libctru/lib\libctru.a(thread.o)
 .text.mappableFindAddressWithin
                0x00109e58       0x90 C:/devkitPro/libctru-master/libctru/lib\libctru.a(mappable.o)
 .text.mappableInit
                0x00109ee8       0x28 C:/devkitPro/libctru-master/libctru/lib\libctru.a(mappable.o)
                0x00109ee8                mappableInit
 .text.mappableAlloc
                0x00109f10       0x7c C:/devkitPro/libctru-master/libctru/lib\libctru.a(mappable.o)
                0x00109f10                mappableAlloc
 .text.mappableFree
                0x00109f8c        0x4 C:/devkitPro/libctru-master/libctru/lib\libctru.a(mappable.o)
                0x00109f8c                mappableFree
 .text.srvPmGetSessionHandle
                0x00109f90        0xc C:/devkitPro/libctru-master/libctru/lib\libctru.a(srvpm.o)
                0x00109f90                srvPmGetSessionHandle
 .text._net_convert_error
                0x00109f9c       0x3c C:/devkitPro/libctru-master/libctru/lib\libctru.a(soc_common.o)
                0x00109f9c                _net_convert_error
 .text.rbtree_node_next
                0x00109fd8       0x60 C:/devkitPro/libctru-master/libctru/lib\libctru.a(rbtree_iterator.o)
                0x00109fd8                rbtree_node_next
 .text.decode_utf16
                0x0010a038       0x54 C:/devkitPro/libctru-master/libctru/lib\libctru.a(decode_utf16.o)
                0x0010a038                decode_utf16
 .text.decode_utf8
                0x0010a08c      0x140 C:/devkitPro/libctru-master/libctru/lib\libctru.a(decode_utf8.o)
                0x0010a08c                decode_utf8
 .text.encode_utf16
                0x0010a1cc       0x54 C:/devkitPro/libctru-master/libctru/lib\libctru.a(encode_utf16.o)
                0x0010a1cc                encode_utf16
 .text.encode_utf8
                0x0010a220       0xe0 C:/devkitPro/libctru-master/libctru/lib\libctru.a(encode_utf8.o)
                0x0010a220                encode_utf8
 .text.__appExit
                0x0010a300       0x30 C:/devkitPro/libctru-master/libctru/lib\libctru.a(appExit.o)
                0x0010a300                __appExit
 .text.__appInit
                0x0010a330       0x30 C:/devkitPro/libctru-master/libctru/lib\libctru.a(appInit.o)
                0x0010a330                __appInit
 .text.__libctru_exit
                0x0010a360       0x90 C:/devkitPro/libctru-master/libctru/lib\libctru.a(ctru_exit.o)
                0x0010a360                __libctru_exit
 .text.error_cmp
                0x0010a3f0       0x24 C:/devkitPro/libctru-master/libctru/lib\libctru.a(archive_dev.o)
 .text.archive_translate_error
                0x0010a414       0x50 C:/devkitPro/libctru-master/libctru/lib\libctru.a(archive_dev.o)
 .text.archive_seek
                0x0010a464       0xc0 C:/devkitPro/libctru-master/libctru/lib\libctru.a(archive_dev.o)
 .text._archiveInit.part.0
                0x0010a524       0x78 C:/devkitPro/libctru-master/libctru/lib\libctru.a(archive_dev.o)
 .text.archiveFindDevice.part.0
                0x0010a59c      0x110 C:/devkitPro/libctru-master/libctru/lib\libctru.a(archive_dev.o)
 .text.archive_utf16path
                0x0010a6ac      0x298 C:/devkitPro/libctru-master/libctru/lib\libctru.a(archive_dev.o)
 .text._archiveUnmountDeviceStruct.part.0
                0x0010a944       0x98 C:/devkitPro/libctru-master/libctru/lib\libctru.a(archive_dev.o)
 .text._archiveMountDevice
                0x0010a9dc      0x178 C:/devkitPro/libctru-master/libctru/lib\libctru.a(archive_dev.o)
 .text.archive_diropen
                0x0010ab54       0xf8 C:/devkitPro/libctru-master/libctru/lib\libctru.a(archive_dev.o)
 .text.archive_fstat
                0x0010ac4c       0xac C:/devkitPro/libctru-master/libctru/lib\libctru.a(archive_dev.o)
 .text.archive_fsync
                0x0010acf8       0x74 C:/devkitPro/libctru-master/libctru/lib\libctru.a(archive_dev.o)
 .text.archive_close
                0x0010ad6c       0x74 C:/devkitPro/libctru-master/libctru/lib\libctru.a(archive_dev.o)
 .text.archive_dirclose
                0x0010ade0       0x78 C:/devkitPro/libctru-master/libctru/lib\libctru.a(archive_dev.o)
 .text.sdmc_statvfs
                0x0010ae58       0xec C:/devkitPro/libctru-master/libctru/lib\libctru.a(archive_dev.o)
 .text.archive_chdir
                0x0010af44       0xf8 C:/devkitPro/libctru-master/libctru/lib\libctru.a(archive_dev.o)
 .text.archive_ftruncate
                0x0010b03c       0x8c C:/devkitPro/libctru-master/libctru/lib\libctru.a(archive_dev.o)
 .text.archive_read
                0x0010b0c8       0xbc C:/devkitPro/libctru-master/libctru/lib\libctru.a(archive_dev.o)
 .text.archive_unlink
                0x0010b184       0xa8 C:/devkitPro/libctru-master/libctru/lib\libctru.a(archive_dev.o)
 .text.archive_rmdir
                0x0010b22c       0xc0 C:/devkitPro/libctru-master/libctru/lib\libctru.a(archive_dev.o)
 .text.archive_mkdir
                0x0010b2ec       0xd8 C:/devkitPro/libctru-master/libctru/lib\libctru.a(archive_dev.o)
 .text.archive_stat
                0x0010b3c4      0x1a0 C:/devkitPro/libctru-master/libctru/lib\libctru.a(archive_dev.o)
 .text.archive_dirnext
                0x0010b564      0x164 C:/devkitPro/libctru-master/libctru/lib\libctru.a(archive_dev.o)
 .text.archive_write
                0x0010b6c8      0x13c C:/devkitPro/libctru-master/libctru/lib\libctru.a(archive_dev.o)
 *fill*         0x0010b804        0x4 
 .text.archive_open
                0x0010b808      0x254 C:/devkitPro/libctru-master/libctru/lib\libctru.a(archive_dev.o)
 .text.archive_rename
                0x0010ba5c      0x270 C:/devkitPro/libctru-master/libctru/lib\libctru.a(archive_dev.o)
 .text.archiveMountSdmc
                0x0010bccc      0x1c8 C:/devkitPro/libctru-master/libctru/lib\libctru.a(archive_dev.o)
                0x0010bccc                archiveMountSdmc
 .text.archiveUnmountAll
                0x0010be94       0x54 C:/devkitPro/libctru-master/libctru/lib\libctru.a(archive_dev.o)
                0x0010be94                archiveUnmountAll
 .text.fsInit   0x0010bee8      0x104 C:/devkitPro/libctru-master/libctru/lib\libctru.a(fs.o)
                0x0010bee8                fsInit
 .text.fsExit   0x0010bfec       0x3c C:/devkitPro/libctru-master/libctru/lib\libctru.a(fs.o)
                0x0010bfec                fsExit
 .text.fsExemptFromSession
                0x0010c028       0x68 C:/devkitPro/libctru-master/libctru/lib\libctru.a(fs.o)
                0x0010c028                fsExemptFromSession
 .text.fsUnexemptFromSession
                0x0010c090       0x50 C:/devkitPro/libctru-master/libctru/lib\libctru.a(fs.o)
                0x0010c090                fsUnexemptFromSession
 .text.FSUSER_OpenFile
                0x0010c0e0       0xcc C:/devkitPro/libctru-master/libctru/lib\libctru.a(fs.o)
                0x0010c0e0                FSUSER_OpenFile
 .text.FSUSER_DeleteFile
                0x0010c1ac       0xb8 C:/devkitPro/libctru-master/libctru/lib\libctru.a(fs.o)
                0x0010c1ac                FSUSER_DeleteFile
 .text.FSUSER_RenameFile
                0x0010c264       0xf4 C:/devkitPro/libctru-master/libctru/lib\libctru.a(fs.o)
                0x0010c264                FSUSER_RenameFile
 .text.FSUSER_DeleteDirectory
                0x0010c358       0xb8 C:/devkitPro/libctru-master/libctru/lib\libctru.a(fs.o)
                0x0010c358                FSUSER_DeleteDirectory
 .text.FSUSER_CreateFile
                0x0010c410       0xd0 C:/devkitPro/libctru-master/libctru/lib\libctru.a(fs.o)
                0x0010c410                FSUSER_CreateFile
 .text.FSUSER_CreateDirectory
                0x0010c4e0       0xc0 C:/devkitPro/libctru-master/libctru/lib\libctru.a(fs.o)
                0x0010c4e0                FSUSER_CreateDirectory
 .text.FSUSER_RenameDirectory
                0x0010c5a0       0xf4 C:/devkitPro/libctru-master/libctru/lib\libctru.a(fs.o)
                0x0010c5a0                FSUSER_RenameDirectory
 .text.FSUSER_OpenDirectory
                0x0010c694       0xb4 C:/devkitPro/libctru-master/libctru/lib\libctru.a(fs.o)
                0x0010c694                FSUSER_OpenDirectory
 .text.FSUSER_OpenArchive
                0x0010c748       0x90 C:/devkitPro/libctru-master/libctru/lib\libctru.a(fs.o)
                0x0010c748                FSUSER_OpenArchive
 .text.FSUSER_CloseArchive
                0x0010c7d8       0x8c C:/devkitPro/libctru-master/libctru/lib\libctru.a(fs.o)
                0x0010c7d8                FSUSER_CloseArchive
 .text.FSUSER_GetSdmcArchiveResource
                0x0010c864       0x74 C:/devkitPro/libctru-master/libctru/lib\libctru.a(fs.o)
                0x0010c864                FSUSER_GetSdmcArchiveResource
 .text.FSUSER_IsSdmcWritable
                0x0010c8d8       0x64 C:/devkitPro/libctru-master/libctru/lib\libctru.a(fs.o)
                0x0010c8d8                FSUSER_IsSdmcWritable
 .text.FSFILE_Read
                0x0010c93c       0x64 C:/devkitPro/libctru-master/libctru/lib\libctru.a(fs.o)
                0x0010c93c                FSFILE_Read
 .text.FSFILE_Write
                0x0010c9a0       0x6c C:/devkitPro/libctru-master/libctru/lib\libctru.a(fs.o)
                0x0010c9a0                FSFILE_Write
 .text.FSFILE_GetSize
                0x0010ca0c       0x44 C:/devkitPro/libctru-master/libctru/lib\libctru.a(fs.o)
                0x0010ca0c                FSFILE_GetSize
 .text.FSFILE_SetSize
                0x0010ca50       0x28 C:/devkitPro/libctru-master/libctru/lib\libctru.a(fs.o)
                0x0010ca50                FSFILE_SetSize
 .text.FSFILE_Close
                0x0010ca78       0x3c C:/devkitPro/libctru-master/libctru/lib\libctru.a(fs.o)
                0x0010ca78                FSFILE_Close
 .text.FSFILE_Flush
                0x0010cab4       0x24 C:/devkitPro/libctru-master/libctru/lib\libctru.a(fs.o)
                0x0010cab4                FSFILE_Flush
 .text.FSDIR_Read
                0x0010cad8       0x60 C:/devkitPro/libctru-master/libctru/lib\libctru.a(fs.o)
                0x0010cad8                FSDIR_Read
 .text.FSDIR_Close
                0x0010cb38       0x3c C:/devkitPro/libctru-master/libctru/lib\libctru.a(fs.o)
                0x0010cb38                FSDIR_Close
 .text.__aeabi_read_tp
                0x0010cb74        0xc C:/devkitPro/libctru-master/libctru/lib\libctru.a(readtp.o)
                0x0010cb74                __aeabi_read_tp
 .text.__udivmoddi4
                0x0010cb80      0x130 C:/devkitPro/devkitARM/bin/../lib/gcc/arm-none-eabi/15.2.0/armv6k/fpu\libgcc.a(_udivmoddi4.o)
                0x0010cb80                __udivmoddi4
 .text.strncat  0x0010ccb0       0xe4 C:/devkitPro/devkitARM/bin/../lib/gcc/arm-none-eabi/15.2.0/../../../../arm-none-eabi/lib/armv6k/fpu\libg.a(libc_a-strncat.o)
                0x0010ccb0                strncat
 .text.memcpy   0x0010cd94      0x128 C:/devkitPro/devkitARM/bin/../lib/gcc/arm-none-eabi/15.2.0/../../../../arm-none-eabi/lib/armv6k/fpu\libg.a(libc_a-memcpy-stub.o)
                0x0010cd94                memcpy
 .text.strlen   0x0010cebc       0x8c C:/devkitPro/devkitARM/bin/../lib/gcc/arm-none-eabi/15.2.0/../../../../arm-none-eabi/lib/armv6k/fpu\libg.a(libc_a-strlen.o)
                0x0010cebc                strlen
 .text.bsearch  0x0010cf48       0x78 C:/devkitPro/devkitARM/bin/../lib/gcc/arm-none-eabi/15.2.0/../../../../arm-none-eabi/lib/armv6k/fpu\libg.a(libc_a-bsearch.o)
                0x0010cf48                bsearch
 .text.close    0x0010cfc0       0x20 C:/devkitPro/devkitARM/bin/../lib/gcc/arm-none-eabi/15.2.0/../../../../arm-none-eabi/lib/armv6k/fpu\libg.a(libc_a-sysclose.o)
                0x0010cfc0                close
 .text.memalign
                0x0010cfe0       0x28 C:/devkitPro/devkitARM/bin/../lib/gcc/arm-none-eabi/15.2.0/../../../../arm-none-eabi/lib/armv6k/fpu\libg.a(libc_a-malign.o)
                0x0010cfe0                memalign
 .text.printf   0x0010d008       0x34 C:/devkitPro/devkitARM/bin/../lib/gcc/arm-none-eabi/15.2.0/../../../../arm-none-eabi/lib/armv6k/fpu\libg.a(libc_a-printf.o)
                0x0010d008                printf
 .text._strtoul_l.isra.0
                0x0010d03c      0x1ec C:/devkitPro/devkitARM/bin/../lib/gcc/arm-none-eabi/15.2.0/../../../../arm-none-eabi/lib/armv6k/fpu\libg.a(libc_a-strtoul.o)
 .text.strtoul  0x0010d228       0x3c C:/devkitPro/devkitARM/bin/../lib/gcc/arm-none-eabi/15.2.0/../../../../arm-none-eabi/lib/armv6k/fpu\libg.a(libc_a-strtoul.o)
                0x0010d228                strtoul
 .text._memalign_r
                0x0010d264      0x16c C:/devkitPro/devkitARM/bin/../lib/gcc/arm-none-eabi/15.2.0/../../../../arm-none-eabi/lib/armv6k/fpu\libg.a(libc_a-malignr.o)
                0x0010d264                _memalign_r
 .text.__errno  0x0010d3d0        0xc C:/devkitPro/devkitARM/bin/../lib/gcc/arm-none-eabi/15.2.0/../../../../arm-none-eabi/lib/armv6k/fpu\libg.a(libc_a-errno.o)
                0x0010d3d0                __errno
 .text.memset   0x0010d3dc       0xe4 C:/devkitPro/devkitARM/bin/../lib/gcc/arm-none-eabi/15.2.0/../../../../arm-none-eabi/lib/armv6k/fpu\libg.a(libc_a-memset.o)
                0x0010d3dc                memset
 .text.__sflush_r
                0x0010d4c0      0x22c C:/devkitPro/devkitARM/bin/../lib/gcc/arm-none-eabi/15.2.0/../../../../arm-none-eabi/lib/armv6k/fpu\libg.a(libc_a-fflush.o)
                0x0010d4c0                __sflush_r
 .text._fflush_r
                0x0010d6ec       0xc4 C:/devkitPro/devkitARM/bin/../lib/gcc/arm-none-eabi/15.2.0/../../../../arm-none-eabi/lib/armv6k/fpu\libg.a(libc_a-fflush.o)
                0x0010d6ec                _fflush_r
 .text._malloc_r
                0x0010d7b0      0x82c C:/devkitPro/devkitARM/bin/../lib/gcc/arm-none-eabi/15.2.0/../../../../arm-none-eabi/lib/armv6k/fpu\libg.a(libc_a-mallocr.o)
                0x0010d7b0                _malloc_r
 .text._malloc_trim_r
                0x0010dfdc      0x114 C:/devkitPro/devkitARM/bin/../lib/gcc/arm-none-eabi/15.2.0/../../../../arm-none-eabi/lib/armv6k/fpu\libg.a(libc_a-freer.o)
                0x0010dfdc                _malloc_trim_r
 .text._free_r  0x0010e0f0      0x314 C:/devkitPro/devkitARM/bin/../lib/gcc/arm-none-eabi/15.2.0/../../../../arm-none-eabi/lib/armv6k/fpu\libg.a(libc_a-freer.o)
                0x0010e0f0                _free_r
 .text.setvbuf  0x0010e404      0x294 C:/devkitPro/devkitARM/bin/../lib/gcc/arm-none-eabi/15.2.0/../../../../arm-none-eabi/lib/armv6k/fpu\libg.a(libc_a-setvbuf.o)
                0x0010e404                setvbuf
 .text.stdio_exit_handler
                0x0010e698       0x1c C:/devkitPro/devkitARM/bin/../lib/gcc/arm-none-eabi/15.2.0/../../../../arm-none-eabi/lib/armv6k/fpu\libg.a(libc_a-findfp.o)
 .text.cleanup_stdio
                0x0010e6b4       0x5c C:/devkitPro/devkitARM/bin/../lib/gcc/arm-none-eabi/15.2.0/../../../../arm-none-eabi/lib/armv6k/fpu\libg.a(libc_a-findfp.o)
 .text.global_stdio_init.part.0
                0x0010e710      0x154 C:/devkitPro/devkitARM/bin/../lib/gcc/arm-none-eabi/15.2.0/../../../../arm-none-eabi/lib/armv6k/fpu\libg.a(libc_a-findfp.o)
 .text.__sinit  0x0010e864       0x5c C:/devkitPro/devkitARM/bin/../lib/gcc/arm-none-eabi/15.2.0/../../../../arm-none-eabi/lib/armv6k/fpu\libg.a(libc_a-findfp.o)
                0x0010e864                __sinit
 .text.__sfp_lock_acquire
                0x0010e8c0        0xc C:/devkitPro/devkitARM/bin/../lib/gcc/arm-none-eabi/15.2.0/../../../../arm-none-eabi/lib/armv6k/fpu\libg.a(libc_a-findfp.o)
                0x0010e8c0                __sfp_lock_acquire
 .text.__sfp_lock_release
                0x0010e8cc        0xc C:/devkitPro/devkitARM/bin/../lib/gcc/arm-none-eabi/15.2.0/../../../../arm-none-eabi/lib/armv6k/fpu\libg.a(libc_a-findfp.o)
                0x0010e8cc                __sfp_lock_release
 .text.__libc_init_array
                0x0010e8d8       0x84 C:/devkitPro/devkitARM/bin/../lib/gcc/arm-none-eabi/15.2.0/../../../../arm-none-eabi/lib/armv6k/fpu\libg.a(libc_a-init.o)
                0x0010e8d8                __libc_init_array
 .text.strncpy  0x0010e95c       0xd4 C:/devkitPro/devkitARM/bin/../lib/gcc/arm-none-eabi/15.2.0/../../../../arm-none-eabi/lib/armv6k/fpu\libg.a(libc_a-strncpy.o)
                0x0010e95c                strncpy
 .text.malloc   0x0010ea30       0x40 C:/devkitPro/devkitARM/bin/../lib/gcc/arm-none-eabi/15.2.0/../../../../arm-none-eabi/lib/armv6k/fpu\libg.a(libc_a-malloc.o)
                0x0010ea30                malloc
 .text.free     0x0010ea70       0x20 C:/devkitPro/devkitARM/bin/../lib/gcc/arm-none-eabi/15.2.0/../../../../arm-none-eabi/lib/armv6k/fpu\libg.a(libc_a-malloc.o)
                0x0010ea70                free
 .text._puts_r  0x0010ea90       0xe0 C:/devkitPro/devkitARM/bin/../lib/gcc/arm-none-eabi/15.2.0/../../../../arm-none-eabi/lib/armv6k/fpu\libg.a(libc_a-puts.o)
                0x0010ea90                _puts_r
 .text.puts     0x0010eb70       0x20 C:/devkitPro/devkitARM/bin/../lib/gcc/arm-none-eabi/15.2.0/../../../../arm-none-eabi/lib/armv6k/fpu\libg.a(libc_a-puts.o)
                0x0010eb70                puts
 .text.__sread  0x0010eb90       0x44 C:/devkitPro/devkitARM/bin/../lib/gcc/arm-none-eabi/15.2.0/../../../../arm-none-eabi/lib/armv6k/fpu\libg.a(libc_a-stdio.o)
                0x0010eb90                __sread
 .text.__swrite
                0x0010ebd4       0x68 C:/devkitPro/devkitARM/bin/../lib/gcc/arm-none-eabi/15.2.0/../../../../arm-none-eabi/lib/armv6k/fpu\libg.a(libc_a-stdio.o)
                0x0010ebd4                __swrite
 .text.__sseek  0x0010ec3c       0x40 C:/devkitPro/devkitARM/bin/../lib/gcc/arm-none-eabi/15.2.0/../../../../arm-none-eabi/lib/armv6k/fpu\libg.a(libc_a-stdio.o)
                0x0010ec3c                __sseek
 .text.__sclose
                0x0010ec7c        0x8 C:/devkitPro/devkitARM/bin/../lib/gcc/arm-none-eabi/15.2.0/../../../../arm-none-eabi/lib/armv6k/fpu\libg.a(libc_a-stdio.o)
                0x0010ec7c                __sclose
 .text.__malloc_lock
                0x0010ec84        0xc C:/devkitPro/devkitARM/bin/../lib/gcc/arm-none-eabi/15.2.0/../../../../arm-none-eabi/lib/armv6k/fpu\libg.a(libc_a-mlock.o)
                0x0010ec84                __malloc_lock
 .text.__malloc_unlock
                0x0010ec90        0xc C:/devkitPro/devkitARM/bin/../lib/gcc/arm-none-eabi/15.2.0/../../../../arm-none-eabi/lib/armv6k/fpu\libg.a(libc_a-mlock.o)
                0x0010ec90                __malloc_unlock
 .text._fclose_r
                0x0010ec9c      0x148 C:/devkitPro/devkitARM/bin/../lib/gcc/arm-none-eabi/15.2.0/../../../../arm-none-eabi/lib/armv6k/fpu\libg.a(libc_a-fclose.o)
                0x0010ec9c                _fclose_r
 .text.__call_exitprocs
                0x0010ede4        0x4 C:/devkitPro/devkitARM/bin/../lib/gcc/arm-none-eabi/15.2.0/../../../../arm-none-eabi/lib/armv6k/fpu\libg.a(libc_a-exit.o)
                0x0010ede4                __call_exitprocs
 .text.exit     0x0010ede8       0x30 C:/devkitPro/devkitARM/bin/../lib/gcc/arm-none-eabi/15.2.0/../../../../arm-none-eabi/lib/armv6k/fpu\libg.a(libc_a-exit.o)
                0x0010ede8                exit
 .text.__libc_fini_array
                0x0010ee18       0x3c C:/devkitPro/devkitARM/bin/../lib/gcc/arm-none-eabi/15.2.0/../../../../arm-none-eabi/lib/armv6k/fpu\libg.a(libc_a-fini.o)
                0x0010ee18                __libc_fini_array
 .text.strnlen  0x0010ee54       0x3c C:/devkitPro/devkitARM/bin/../lib/gcc/arm-none-eabi/15.2.0/../../../../arm-none-eabi/lib/armv6k/fpu\libg.a(libc_a-strnlen.o)
                0x0010ee54                strnlen
 .text.strncmp  0x0010ee90       0xd8 C:/devkitPro/devkitARM/bin/../lib/gcc/arm-none-eabi/15.2.0/../../../../arm-none-eabi/lib/armv6k/fpu\libg.a(libc_a-strncmp.o)
                0x0010ee90                strncmp
 .text._fwalk_sglue
                0x0010ef68       0x70 C:/devkitPro/devkitARM/bin/../lib/gcc/arm-none-eabi/15.2.0/../../../../arm-none-eabi/lib/armv6k/fpu\libg.a(libc_a-fwalk.o)
                0x0010ef68                _fwalk_sglue
 .text.get_arg  0x0010efd8      0x5e0 C:/devkitPro/devkitARM/bin/../lib/gcc/arm-none-eabi/15.2.0/../../../../arm-none-eabi/lib/armv6k/fpu\libg.a(libc_a-vfprintf.o)
 .text._vfprintf_r
                0x0010f5b8     0x3554 C:/devkitPro/devkitARM/bin/../lib/gcc/arm-none-eabi/15.2.0/../../../../arm-none-eabi/lib/armv6k/fpu\libg.a(libc_a-vfprintf.o)
                0x0010f5b8                _vfprintf_r
 .text.__sbprintf
                0x00112b0c       0xb4 C:/devkitPro/devkitARM/bin/../lib/gcc/arm-none-eabi/15.2.0/../../../../arm-none-eabi/lib/armv6k/fpu\libg.a(libc_a-vfprintf.o)
 .text._wcrtomb_r
                0x00112bc0       0xa0 C:/devkitPro/devkitARM/bin/../lib/gcc/arm-none-eabi/15.2.0/../../../../arm-none-eabi/lib/armv6k/fpu\libg.a(libc_a-wcrtomb.o)
                0x00112bc0                _wcrtomb_r
 .text.__sfvwrite_r
                0x00112c60      0x4a4 C:/devkitPro/devkitARM/bin/../lib/gcc/arm-none-eabi/15.2.0/../../../../arm-none-eabi/lib/armv6k/fpu\libg.a(libc_a-fvwrite.o)
                0x00112c60                __sfvwrite_r
 .text.__smakebuf_r
                0x00113104      0x164 C:/devkitPro/devkitARM/bin/../lib/gcc/arm-none-eabi/15.2.0/../../../../arm-none-eabi/lib/armv6k/fpu\libg.a(libc_a-makebuf.o)
                0x00113104                __smakebuf_r
 .text.__swhatbuf_r
                0x00113268       0x90 C:/devkitPro/devkitARM/bin/../lib/gcc/arm-none-eabi/15.2.0/../../../../arm-none-eabi/lib/armv6k/fpu\libg.a(libc_a-makebuf.o)
                0x00113268                __swhatbuf_r
 .text.__locale_mb_cur_max
                0x001132f8       0x24 C:/devkitPro/devkitARM/bin/../lib/gcc/arm-none-eabi/15.2.0/../../../../arm-none-eabi/lib/armv6k/fpu\libg.a(libc_a-locale.o)
                0x001132f8                __locale_mb_cur_max
 .text.__sprint_r
                0x0011331c       0x30 C:/devkitPro/devkitARM/bin/../lib/gcc/arm-none-eabi/15.2.0/../../../../arm-none-eabi/lib/armv6k/fpu\libg.a(libc_a-sprint_r.o)
                0x0011331c                __sprint_r
 .text.quorem   0x0011334c      0x1c0 C:/devkitPro/devkitARM/bin/../lib/gcc/arm-none-eabi/15.2.0/../../../../arm-none-eabi/lib/armv6k/fpu\libg.a(libc_a-dtoa.o)
 *fill*         0x0011350c        0x4 
 .text._dtoa_r  0x00113510     0x1420 C:/devkitPro/devkitARM/bin/../lib/gcc/arm-none-eabi/15.2.0/../../../../arm-none-eabi/lib/armv6k/fpu\libg.a(libc_a-dtoa.o)
                0x00113510                _dtoa_r
 .text.memchr   0x00114930       0xe8 C:/devkitPro/devkitARM/bin/../lib/gcc/arm-none-eabi/15.2.0/../../../../arm-none-eabi/lib/armv6k/fpu\libg.a(libc_a-memchr-stub.o)
                0x00114930                memchr
 .text._wcsrtombs_r
                0x00114a18       0x28 C:/devkitPro/devkitARM/bin/../lib/gcc/arm-none-eabi/15.2.0/../../../../arm-none-eabi/lib/armv6k/fpu\libg.a(libc_a-wcsrtombs.o)
                0x00114a18                _wcsrtombs_r
 .text.__swsetup_r
                0x00114a40      0x140 C:/devkitPro/devkitARM/bin/../lib/gcc/arm-none-eabi/15.2.0/../../../../arm-none-eabi/lib/armv6k/fpu\libg.a(libc_a-wsetup.o)
                0x00114a40                __swsetup_r
 .text._localeconv_r
                0x00114b80       0x24 C:/devkitPro/devkitARM/bin/../lib/gcc/arm-none-eabi/15.2.0/../../../../arm-none-eabi/lib/armv6k/fpu\libg.a(libc_a-localeconv.o)
                0x00114b80                _localeconv_r
 .text.memmove  0x00114ba4      0x1a8 C:/devkitPro/devkitARM/bin/../lib/gcc/arm-none-eabi/15.2.0/../../../../arm-none-eabi/lib/armv6k/fpu\libg.a(libc_a-memmove.o)
                0x00114ba4                memmove
 .text._realloc_r
                0x00114d4c      0x4f0 C:/devkitPro/devkitARM/bin/../lib/gcc/arm-none-eabi/15.2.0/../../../../arm-none-eabi/lib/armv6k/fpu\libg.a(libc_a-reallocr.o)
                0x00114d4c                _realloc_r
 .text.__utf8_wctomb
                0x0011523c       0xf8 C:/devkitPro/devkitARM/bin/../lib/gcc/arm-none-eabi/15.2.0/../../../../arm-none-eabi/lib/armv6k/fpu\libg.a(libc_a-wctomb_r.o)
                0x0011523c                __utf8_wctomb
 .text._wcsnrtombs_l
                0x00115334      0x15c C:/devkitPro/devkitARM/bin/../lib/gcc/arm-none-eabi/15.2.0/../../../../arm-none-eabi/lib/armv6k/fpu\libg.a(libc_a-wcsnrtombs.o)
                0x00115334                _wcsnrtombs_l
 .text._wcsnrtombs_r
                0x00115490       0x64 C:/devkitPro/devkitARM/bin/../lib/gcc/arm-none-eabi/15.2.0/../../../../arm-none-eabi/lib/armv6k/fpu\libg.a(libc_a-wcsnrtombs.o)
                0x00115490                _wcsnrtombs_r
 *fill*         0x001154f4        0x4 
 .text.frexp    0x001154f8       0x88 C:/devkitPro/devkitARM/bin/../lib/gcc/arm-none-eabi/15.2.0/../../../../arm-none-eabi/lib/armv6k/fpu\libg.a(libm_a-s_frexp.o)
                0x001154f8                frexp
 .text.__assert_func
                0x00115580       0x5c C:/devkitPro/devkitARM/bin/../lib/gcc/arm-none-eabi/15.2.0/../../../../arm-none-eabi/lib/armv6k/fpu\libg.a(libc_a-assert.o)
                0x00115580                __assert_func
 .text._Balloc  0x001155dc       0x88 C:/devkitPro/devkitARM/bin/../lib/gcc/arm-none-eabi/15.2.0/../../../../arm-none-eabi/lib/armv6k/fpu\libg.a(libc_a-mprec.o)
                0x001155dc                _Balloc
 .text._Bfree   0x00115664       0x1c C:/devkitPro/devkitARM/bin/../lib/gcc/arm-none-eabi/15.2.0/../../../../arm-none-eabi/lib/armv6k/fpu\libg.a(libc_a-mprec.o)
                0x00115664                _Bfree
 .text.__multadd
                0x00115680       0xf4 C:/devkitPro/devkitARM/bin/../lib/gcc/arm-none-eabi/15.2.0/../../../../arm-none-eabi/lib/armv6k/fpu\libg.a(libc_a-mprec.o)
                0x00115680                __multadd
 .text.__hi0bits
                0x00115774       0x80 C:/devkitPro/devkitARM/bin/../lib/gcc/arm-none-eabi/15.2.0/../../../../arm-none-eabi/lib/armv6k/fpu\libg.a(libc_a-mprec.o)
                0x00115774                __hi0bits
 .text.__lo0bits
                0x001157f4       0xf0 C:/devkitPro/devkitARM/bin/../lib/gcc/arm-none-eabi/15.2.0/../../../../arm-none-eabi/lib/armv6k/fpu\libg.a(libc_a-mprec.o)
                0x001157f4                __lo0bits
 .text.__i2b    0x001158e4       0xa4 C:/devkitPro/devkitARM/bin/../lib/gcc/arm-none-eabi/15.2.0/../../../../arm-none-eabi/lib/armv6k/fpu\libg.a(libc_a-mprec.o)
                0x001158e4                __i2b
 .text.__multiply
                0x00115988      0x230 C:/devkitPro/devkitARM/bin/../lib/gcc/arm-none-eabi/15.2.0/../../../../arm-none-eabi/lib/armv6k/fpu\libg.a(libc_a-mprec.o)
                0x00115988                __multiply
 .text.__pow5mult
                0x00115bb8      0x130 C:/devkitPro/devkitARM/bin/../lib/gcc/arm-none-eabi/15.2.0/../../../../arm-none-eabi/lib/armv6k/fpu\libg.a(libc_a-mprec.o)
                0x00115bb8                __pow5mult
 .text.__lshift
                0x00115ce8      0x138 C:/devkitPro/devkitARM/bin/../lib/gcc/arm-none-eabi/15.2.0/../../../../arm-none-eabi/lib/armv6k/fpu\libg.a(libc_a-mprec.o)
                0x00115ce8                __lshift
 .text.__mcmp   0x00115e20       0x58 C:/devkitPro/devkitARM/bin/../lib/gcc/arm-none-eabi/15.2.0/../../../../arm-none-eabi/lib/armv6k/fpu\libg.a(libc_a-mprec.o)
                0x00115e20                __mcmp
 .text.__mdiff  0x00115e78      0x218 C:/devkitPro/devkitARM/bin/../lib/gcc/arm-none-eabi/15.2.0/../../../../arm-none-eabi/lib/armv6k/fpu\libg.a(libc_a-mprec.o)
                0x00115e78                __mdiff
 .text.__d2b    0x00116090      0x120 C:/devkitPro/devkitARM/bin/../lib/gcc/arm-none-eabi/15.2.0/../../../../arm-none-eabi/lib/armv6k/fpu\libg.a(libc_a-mprec.o)
                0x00116090                __d2b
 .text.__utf8_mbtowc
                0x001161b0      0x340 C:/devkitPro/devkitARM/bin/../lib/gcc/arm-none-eabi/15.2.0/../../../../arm-none-eabi/lib/armv6k/fpu\libg.a(libc_a-mbtowc_r.o)
                0x001161b0                __utf8_mbtowc
 .text.fiprintf
                0x001164f0       0x3c C:/devkitPro/devkitARM/bin/../lib/gcc/arm-none-eabi/15.2.0/../../../../arm-none-eabi/lib/armv6k/fpu\libg.a(libc_a-fiprintf.o)
                0x001164f0                fiprintf
 .text.strchr   0x0011652c      0x140 C:/devkitPro/devkitARM/bin/../lib/gcc/arm-none-eabi/15.2.0/../../../../arm-none-eabi/lib/armv6k/fpu\libg.a(libc_a-strchr.o)
                0x0011652c                strchr
 .text.abort    0x0011666c       0x14 C:/devkitPro/devkitARM/bin/../lib/gcc/arm-none-eabi/15.2.0/../../../../arm-none-eabi/lib/armv6k/fpu\libg.a(libc_a-abort.o)
                0x0011666c                abort
 .text._calloc_r
                0x00116680       0xd8 C:/devkitPro/devkitARM/bin/../lib/gcc/arm-none-eabi/15.2.0/../../../../arm-none-eabi/lib/armv6k/fpu\libg.a(libc_a-callocr.o)
                0x00116680                _calloc_r
 .text.get_arg  0x00116758      0x5e0 C:/devkitPro/devkitARM/bin/../lib/gcc/arm-none-eabi/15.2.0/../../../../arm-none-eabi/lib/armv6k/fpu\libg.a(libc_a-vfiprintf.o)
 .text._vfiprintf_r
                0x00116d38     0x22f8 C:/devkitPro/devkitARM/bin/../lib/gcc/arm-none-eabi/15.2.0/../../../../arm-none-eabi/lib/armv6k/fpu\libg.a(libc_a-vfiprintf.o)
                0x00116d38                _vfiprintf_r
 .text.__sbprintf
                0x00119030       0xb4 C:/devkitPro/devkitARM/bin/../lib/gcc/arm-none-eabi/15.2.0/../../../../arm-none-eabi/lib/armv6k/fpu\libg.a(libc_a-vfiprintf.o)
 .text._raise_r
                0x001190e4       0x9c C:/devkitPro/devkitARM/bin/../lib/gcc/arm-none-eabi/15.2.0/../../../../arm-none-eabi/lib/armv6k/fpu\libg.a(libc_a-signal.o)
                0x001190e4                _raise_r
 .text.raise    0x00119180       0x20 C:/devkitPro/devkitARM/bin/../lib/gcc/arm-none-eabi/15.2.0/../../../../arm-none-eabi/lib/armv6k/fpu\libg.a(libc_a-signal.o)
                0x00119180                raise
 .text._exit    0x001191a0       0x20 C:/devkitPro/devkitARM/bin/../lib/gcc/arm-none-eabi/15.2.0/../../../../arm-none-eabi/lib/armv6k/fpu\libsysbase.a(libsysbase_libsysbase_a-_exit.o)
                0x001191a0                _exit
 .text.chdir    0x001191c0      0x140 C:/devkitPro/devkitARM/bin/../lib/gcc/arm-none-eabi/15.2.0/../../../../arm-none-eabi/lib/armv6k/fpu\libsysbase.a(libsysbase_libsysbase_a-chdir.o)
                0x001191c0                chdir
 .text._concatenate_path
                0x00119300      0x1c8 C:/devkitPro/devkitARM/bin/../lib/gcc/arm-none-eabi/15.2.0/../../../../arm-none-eabi/lib/armv6k/fpu\libsysbase.a(libsysbase_libsysbase_a-concatenate.o)
                0x00119300                _concatenate_path
 .text._fstat_r
                0x001194c8       0x9c C:/devkitPro/devkitARM/bin/../lib/gcc/arm-none-eabi/15.2.0/../../../../arm-none-eabi/lib/armv6k/fpu\libsysbase.a(libsysbase_libsysbase_a-fstat.o)
                0x001194c8                _fstat_r
 .text._getpid_r
                0x00119564       0x14 C:/devkitPro/devkitARM/bin/../lib/gcc/arm-none-eabi/15.2.0/../../../../arm-none-eabi/lib/armv6k/fpu\libsysbase.a(libsysbase_libsysbase_a-getpid.o)
                0x00119564                _getpid_r
 .text.__getreent
                0x00119578       0x2c C:/devkitPro/devkitARM/bin/../lib/gcc/arm-none-eabi/15.2.0/../../../../arm-none-eabi/lib/armv6k/fpu\libsysbase.a(libsysbase_libsysbase_a-getreent.o)
                0x00119578                __getreent
 .text.__release_handle
                0x001195a4       0xa0 C:/devkitPro/devkitARM/bin/../lib/gcc/arm-none-eabi/15.2.0/../../../../arm-none-eabi/lib/armv6k/fpu\libsysbase.a(libsysbase_libsysbase_a-handle_manager.o)
                0x001195a4                __release_handle
 .text.__alloc_handle
                0x00119644       0xb0 C:/devkitPro/devkitARM/bin/../lib/gcc/arm-none-eabi/15.2.0/../../../../arm-none-eabi/lib/armv6k/fpu\libsysbase.a(libsysbase_libsysbase_a-handle_manager.o)
                0x00119644                __alloc_handle
 .text.__get_handle
                0x001196f4       0x58 C:/devkitPro/devkitARM/bin/../lib/gcc/arm-none-eabi/15.2.0/../../../../arm-none-eabi/lib/armv6k/fpu\libsysbase.a(libsysbase_libsysbase_a-handle_manager.o)
                0x001196f4                __get_handle
 .text._close_r
                0x0011974c      0x110 C:/devkitPro/devkitARM/bin/../lib/gcc/arm-none-eabi/15.2.0/../../../../arm-none-eabi/lib/armv6k/fpu\libsysbase.a(libsysbase_libsysbase_a-handle_manager.o)
                0x0011974c                _close_r
 .text.null_write
                0x0011985c        0x8 C:/devkitPro/devkitARM/bin/../lib/gcc/arm-none-eabi/15.2.0/../../../../arm-none-eabi/lib/armv6k/fpu\libsysbase.a(libsysbase_libsysbase_a-iosupport.o)
 .text.setDefaultDevice
                0x00119864       0x18 C:/devkitPro/devkitARM/bin/../lib/gcc/arm-none-eabi/15.2.0/../../../../arm-none-eabi/lib/armv6k/fpu\libsysbase.a(libsysbase_libsysbase_a-iosupport.o)
                0x00119864                setDefaultDevice
 .text.FindDevice
                0x0011987c       0x98 C:/devkitPro/devkitARM/bin/../lib/gcc/arm-none-eabi/15.2.0/../../../../arm-none-eabi/lib/armv6k/fpu\libsysbase.a(libsysbase_libsysbase_a-iosupport.o)
                0x0011987c                FindDevice
 .text.RemoveDevice
                0x00119914       0x24 C:/devkitPro/devkitARM/bin/../lib/gcc/arm-none-eabi/15.2.0/../../../../arm-none-eabi/lib/armv6k/fpu\libsysbase.a(libsysbase_libsysbase_a-iosupport.o)
                0x00119914                RemoveDevice
 .text.AddDevice
                0x00119938       0x88 C:/devkitPro/devkitARM/bin/../lib/gcc/arm-none-eabi/15.2.0/../../../../arm-none-eabi/lib/armv6k/fpu\libsysbase.a(libsysbase_libsysbase_a-iosupport.o)
                0x00119938                AddDevice
 .text.GetDeviceOpTab
                0x001199c0       0x20 C:/devkitPro/devkitARM/bin/../lib/gcc/arm-none-eabi/15.2.0/../../../../arm-none-eabi/lib/armv6k/fpu\libsysbase.a(libsysbase_libsysbase_a-iosupport.o)
                0x001199c0                GetDeviceOpTab
 .text._isatty_r
                0x001199e0        0x8 C:/devkitPro/devkitARM/bin/../lib/gcc/arm-none-eabi/15.2.0/../../../../arm-none-eabi/lib/armv6k/fpu\libsysbase.a(libsysbase_libsysbase_a-isatty.o)
                0x001199e0                _isatty_r
 .text._kill_r  0x001199e8       0x14 C:/devkitPro/devkitARM/bin/../lib/gcc/arm-none-eabi/15.2.0/../../../../arm-none-eabi/lib/armv6k/fpu\libsysbase.a(libsysbase_libsysbase_a-kill.o)
                0x001199e8                _kill_r
 .text._lseek_r
                0x001199fc       0x94 C:/devkitPro/devkitARM/bin/../lib/gcc/arm-none-eabi/15.2.0/../../../../arm-none-eabi/lib/armv6k/fpu\libsysbase.a(libsysbase_libsysbase_a-lseek.o)
                0x001199fc                _lseek_r
 .text._read_r  0x00119a90       0x94 C:/devkitPro/devkitARM/bin/../lib/gcc/arm-none-eabi/15.2.0/../../../../arm-none-eabi/lib/armv6k/fpu\libsysbase.a(libsysbase_libsysbase_a-read.o)
                0x00119a90                _read_r
 .text._sbrk_r  0x00119b24       0x78 C:/devkitPro/devkitARM/bin/../lib/gcc/arm-none-eabi/15.2.0/../../../../arm-none-eabi/lib/armv6k/fpu\libsysbase.a(libsysbase_libsysbase_a-sbrk.o)
                0x00119b24                _sbrk_r
 .text.__libc_lock_acquire
                0x00119b9c       0x1c C:/devkitPro/devkitARM/bin/../lib/gcc/arm-none-eabi/15.2.0/../../../../arm-none-eabi/lib/armv6k/fpu\libsysbase.a(libsysbase_libsysbase_a-syscall_support.o)
                0x00119b9c                __libc_lock_acquire
 .text.__libc_lock_release
                0x00119bb8       0x1c C:/devkitPro/devkitARM/bin/../lib/gcc/arm-none-eabi/15.2.0/../../../../arm-none-eabi/lib/armv6k/fpu\libsysbase.a(libsysbase_libsysbase_a-syscall_support.o)
                0x00119bb8                __libc_lock_release
 .text.__libc_lock_acquire_recursive
                0x00119bd4       0x1c C:/devkitPro/devkitARM/bin/../lib/gcc/arm-none-eabi/15.2.0/../../../../arm-none-eabi/lib/armv6k/fpu\libsysbase.a(libsysbase_libsysbase_a-syscall_support.o)
                0x00119bd4                __libc_lock_acquire_recursive
 .text.__libc_lock_release_recursive
                0x00119bf0       0x1c C:/devkitPro/devkitARM/bin/../lib/gcc/arm-none-eabi/15.2.0/../../../../arm-none-eabi/lib/armv6k/fpu\libsysbase.a(libsysbase_libsysbase_a-syscall_support.o)
                0x00119bf0                __libc_lock_release_recursive
 .text._write_r
                0x00119c0c       0x94 C:/devkitPro/devkitARM/bin/../lib/gcc/arm-none-eabi/15.2.0/../../../../arm-none-eabi/lib/armv6k/fpu\libsysbase.a(libsysbase_libsysbase_a-write.o)
                0x00119c0c                _write_r
 .text.strrchr  0x00119ca0       0x48 C:/devkitPro/devkitARM/bin/../lib/gcc/arm-none-eabi/15.2.0/../../../../arm-none-eabi/lib/armv6k/fpu\libg.a(libc_a-strrchr.o)
                0x00119ca0                strrchr
 *(.glue_7)
 .glue_7        0x00119ce8        0x0 linker stubs
 *(.glue_7t)
 .glue_7t       0x00119ce8        0x0 linker stubs
 *(.stub)
 *(.gnu.warning)
 *(.gnu.linkonce.t*)
                0x00119ce8                        . = ALIGN (0x4)
 *(.fini)
 .fini          0x00119ce8        0xc C:/devkitPro/devkitARM/bin/../lib/gcc/arm-none-eabi/15.2.0/armv6k/fpu/crti.o
                0x00119ce8                _fini
 .fini          0x00119cf4        0xc C:/devkitPro/devkitARM/bin/../lib/gcc/arm-none-eabi/15.2.0/armv6k/fpu/crtn.o
                0x00119d00                        . = ALIGN (0x4)

.vfp11_veneer   0x00119d00        0x0
 .vfp11_veneer  0x00119d00        0x0 linker stubs

.v4_bx          0x00119d00        0x0
 .v4_bx         0x00119d00        0x0 linker stubs

.iplt           0x00119d00        0x0
 .iplt          0x00119d00        0x0 C:/devkitPro/devkitARM/bin/../lib/gcc/arm-none-eabi/15.2.0/../../../../arm-none-eabi/lib/armv6k/fpu/3dsx_crt0.o
                0x0011a000                        . = ALIGN (0x1000)

.rodata         0x0011a000     0x1830
 *(.rodata)
 .rodata        0x0011a000        0xc C:/devkitPro/libctru-master/libctru/lib\libctru.a(archive_dev.o)
 *(.roda)
 *(.rodata.*)
 .rodata.str1.4
                0x0011a00c      0x519 main.o
                                0x2c6 (size before relaxing)
 .rodata.consolePrintChar
                0x0011a525        0x6 C:/devkitPro/libctru-master/libctru/lib\libctru.a(console.o)
 *fill*         0x0011a52b        0x1 
 .rodata.con_write
                0x0011a52c      0x23c C:/devkitPro/libctru-master/libctru/lib\libctru.a(console.o)
 .rodata.str1.4
                0x0011a768        0x0 C:/devkitPro/libctru-master/libctru/lib\libctru.a(console.o)
                                 0x10 (size before relaxing)
 .rodata.dotab_stdout
                0x0011a768       0x80 C:/devkitPro/libctru-master/libctru/lib\libctru.a(console.o)
 .rodata.grayScale
                0x0011a7e8       0x18 C:/devkitPro/libctru-master/libctru/lib\libctru.a(console.o)
 .rodata.colorCube
                0x0011a800        0x6 C:/devkitPro/libctru-master/libctru/lib\libctru.a(console.o)
 *fill*         0x0011a806        0x2 
 .rodata.colorTable
                0x0011a808       0x30 C:/devkitPro/libctru-master/libctru/lib\libctru.a(console.o)
 .rodata.aptEventHandler
                0x0011a838        0xb C:/devkitPro/libctru-master/libctru/lib\libctru.a(apt.o)
 .rodata.aptWaitForWakeUp.isra.0
                0x0011a843       0x11 C:/devkitPro/libctru-master/libctru/lib\libctru.a(apt.o)
 .rodata.morton_y.2
                0x0011a854        0x8 C:/devkitPro/libctru-master/libctru/lib\libctru.a(apt.o)
 .rodata.morton_x.3
                0x0011a85c        0x8 C:/devkitPro/libctru-master/libctru/lib\libctru.a(apt.o)
 .rodata.s_sleepWakeEvents.4
                0x0011a864        0x8 C:/devkitPro/libctru-master/libctru/lib\libctru.a(apt.o)
 .rodata.str1.4
                0x0011a86c        0x0 C:/devkitPro/libctru-master/libctru/lib\libctru.a(apt.o)
                                 0x16 (size before relaxing)
 .rodata.serviceNameTable.5
                0x0011a86c        0xc C:/devkitPro/libctru-master/libctru/lib\libctru.a(apt.o)
 .rodata.gspInit.str1.4
                0x0011a878        0x0 C:/devkitPro/libctru-master/libctru/lib\libctru.a(gspgpu.o)
                                  0x9 (size before relaxing)
 .rodata.hidInit.str1.4
                0x0011a878        0x0 C:/devkitPro/libctru-master/libctru/lib\libctru.a(hid.o)
                                 0x15 (size before relaxing)
 .rodata.irrstInit.str1.4
                0x0011a878        0x0 C:/devkitPro/libctru-master/libctru/lib\libctru.a(irrst.o)
                                  0x7 (size before relaxing)
 .rodata.mvdstdInit.str1.4
                0x0011a878        0x0 C:/devkitPro/libctru-master/libctru/lib\libctru.a(mvd.o)
                                  0x8 (size before relaxing)
 .rodata.ptmSysmInit.str1.4
                0x0011a878        0x0 C:/devkitPro/libctru-master/libctru/lib\libctru.a(ptmsysm.o)
                                  0x9 (size before relaxing)
 .rodata.connect.str1.4
                0x0011a878        0x0 C:/devkitPro/libctru-master/libctru/lib\libctru.a(soc_connect.o)
                                  0x4 (size before relaxing)
 .rodata.socInit.str1.4
                0x0011a878        0x0 C:/devkitPro/libctru-master/libctru/lib\libctru.a(soc_init.o)
                                  0xe (size before relaxing)
 .rodata.str1.4
                0x0011a878        0x0 C:/devkitPro/libctru-master/libctru/lib\libctru.a(soc_init.o)
                                  0x4 (size before relaxing)
 .rodata.recvfrom.str1.4
                0x0011a878        0x0 C:/devkitPro/libctru-master/libctru/lib\libctru.a(soc_recvfrom.o)
                                  0x4 (size before relaxing)
 .rodata.sendto.str1.4
                0x0011a878        0x0 C:/devkitPro/libctru-master/libctru/lib\libctru.a(soc_sendto.o)
                                  0x4 (size before relaxing)
 .rodata.socket.str1.4
                0x0011a878        0x0 C:/devkitPro/libctru-master/libctru/lib\libctru.a(soc_socket.o)
                                  0x5 (size before relaxing)
 .rodata.__system_initArgv.str1.4
                0x0011a878        0x0 C:/devkitPro/libctru-master/libctru/lib\libctru.a(initArgv.o)
                                  0xa (size before relaxing)
 .rodata.default_font_bin
                0x0011a878      0x800 C:/devkitPro/libctru-master/libctru/lib\libctru.a(default_font.bin.o)
                0x0011a878                default_font_bin
                0x0011b078                default_font_bin_end
 .rodata.srvInit.str1.4
                0x0011b078        0x0 C:/devkitPro/libctru-master/libctru/lib\libctru.a(srv.o)
                                  0x5 (size before relaxing)
 .rodata._net_error_code_map
                0x0011b078       0x4d C:/devkitPro/libctru-master/libctru/lib\libctru.a(soc_common.o)
 .rodata.archive_utf16path.str1.4
                0x0011b0c5        0x0 C:/devkitPro/libctru-master/libctru/lib\libctru.a(archive_dev.o)
                                  0x2 (size before relaxing)
 .rodata._archiveUnmountDeviceStruct.part.0.str1.4
                0x0011b0c5        0x0 C:/devkitPro/libctru-master/libctru/lib\libctru.a(archive_dev.o)
                                  0x2 (size before relaxing)
 .rodata._archiveMountDevice.str1.4
                0x0011b0c5        0x0 C:/devkitPro/libctru-master/libctru/lib\libctru.a(archive_dev.o)
                                  0xc (size before relaxing)
 .rodata.archiveMountSdmc.str1.4
                0x0011b0c5        0x0 C:/devkitPro/libctru-master/libctru/lib\libctru.a(archive_dev.o)
                                  0x5 (size before relaxing)
 *fill*         0x0011b0c5        0x3 
 .rodata.error_table
                0x0011b0c8       0x30 C:/devkitPro/libctru-master/libctru/lib\libctru.a(archive_dev.o)
 .rodata.str1.4
                0x0011b0f8        0x0 C:/devkitPro/libctru-master/libctru/lib\libctru.a(archive_dev.o)
                                  0x8 (size before relaxing)
 .rodata.archive_devoptab
                0x0011b0f8       0x80 C:/devkitPro/libctru-master/libctru/lib\libctru.a(archive_dev.o)
 .rodata.fsInit.str1.4
                0x0011b178        0x0 C:/devkitPro/libctru-master/libctru/lib\libctru.a(fs.o)
                                  0x8 (size before relaxing)
 .rodata._puts_r.str1.4
                0x0011b178        0x0 C:/devkitPro/devkitARM/bin/../lib/gcc/arm-none-eabi/15.2.0/../../../../arm-none-eabi/lib/armv6k/fpu\libg.a(libc_a-puts.o)
                                  0x2 (size before relaxing)
 .rodata._ctype_
                0x0011b178      0x101 C:/devkitPro/devkitARM/bin/../lib/gcc/arm-none-eabi/15.2.0/../../../../arm-none-eabi/lib/armv6k/fpu\libg.a(libc_a-ctype_.o)
                0x0011b178                _ctype_
 *fill*         0x0011b279        0x1 
 .rodata.get_arg
                0x0011b27a       0x34 C:/devkitPro/devkitARM/bin/../lib/gcc/arm-none-eabi/15.2.0/../../../../arm-none-eabi/lib/armv6k/fpu\libg.a(libc_a-vfprintf.o)
 .rodata._vfprintf_r.str1.1
                0x0011b2ae       0x3b C:/devkitPro/devkitARM/bin/../lib/gcc/arm-none-eabi/15.2.0/../../../../arm-none-eabi/lib/armv6k/fpu\libg.a(libc_a-vfprintf.o)
 *fill*         0x0011b2e9        0x1 
 .rodata._vfprintf_r
                0x0011b2ea       0xb6 C:/devkitPro/devkitARM/bin/../lib/gcc/arm-none-eabi/15.2.0/../../../../arm-none-eabi/lib/armv6k/fpu\libg.a(libc_a-vfprintf.o)
 .rodata.zeroes.0
                0x0011b3a0       0x10 C:/devkitPro/devkitARM/bin/../lib/gcc/arm-none-eabi/15.2.0/../../../../arm-none-eabi/lib/armv6k/fpu\libg.a(libc_a-vfprintf.o)
 .rodata.blanks.1
                0x0011b3b0       0x10 C:/devkitPro/devkitARM/bin/../lib/gcc/arm-none-eabi/15.2.0/../../../../arm-none-eabi/lib/armv6k/fpu\libg.a(libc_a-vfprintf.o)
 .rodata.__action_table
                0x0011b3c0       0x6c C:/devkitPro/devkitARM/bin/../lib/gcc/arm-none-eabi/15.2.0/../../../../arm-none-eabi/lib/armv6k/fpu\libg.a(libc_a-svfiprintf.o)
                0x0011b3c0                __action_table
 .rodata.__state_table
                0x0011b42c       0x6c C:/devkitPro/devkitARM/bin/../lib/gcc/arm-none-eabi/15.2.0/../../../../arm-none-eabi/lib/armv6k/fpu\libg.a(libc_a-svfiprintf.o)
                0x0011b42c                __state_table
 .rodata.__chclass
                0x0011b498      0x100 C:/devkitPro/devkitARM/bin/../lib/gcc/arm-none-eabi/15.2.0/../../../../arm-none-eabi/lib/armv6k/fpu\libg.a(libc_a-svfiprintf.o)
                0x0011b498                __chclass
 .rodata.str1.4
                0x0011b598        0x0 C:/devkitPro/devkitARM/bin/../lib/gcc/arm-none-eabi/15.2.0/../../../../arm-none-eabi/lib/armv6k/fpu\libg.a(libc_a-locale.o)
                                 0x4c (size before relaxing)
 .rodata._dtoa_r.str1.4
                0x0011b598        0x0 C:/devkitPro/devkitARM/bin/../lib/gcc/arm-none-eabi/15.2.0/../../../../arm-none-eabi/lib/armv6k/fpu\libg.a(libc_a-dtoa.o)
                                 0x9c (size before relaxing)
 .rodata._dtoa_r
                0x0011b598        0x8 C:/devkitPro/devkitARM/bin/../lib/gcc/arm-none-eabi/15.2.0/../../../../arm-none-eabi/lib/armv6k/fpu\libg.a(libc_a-dtoa.o)
 .rodata.__assert_func.str1.4
                0x0011b5a0        0x0 C:/devkitPro/devkitARM/bin/../lib/gcc/arm-none-eabi/15.2.0/../../../../arm-none-eabi/lib/armv6k/fpu\libg.a(libc_a-assert.o)
                                 0x43 (size before relaxing)
 .rodata.__multadd.str1.4
                0x0011b5a0        0x0 C:/devkitPro/devkitARM/bin/../lib/gcc/arm-none-eabi/15.2.0/../../../../arm-none-eabi/lib/armv6k/fpu\libg.a(libc_a-mprec.o)
                                 0x89 (size before relaxing)
 .rodata.p05.0  0x0011b5a0        0xc C:/devkitPro/devkitARM/bin/../lib/gcc/arm-none-eabi/15.2.0/../../../../arm-none-eabi/lib/armv6k/fpu\libg.a(libc_a-mprec.o)
 *fill*         0x0011b5ac        0x4 
 .rodata.__mprec_bigtens
                0x0011b5b0       0x28 C:/devkitPro/devkitARM/bin/../lib/gcc/arm-none-eabi/15.2.0/../../../../arm-none-eabi/lib/armv6k/fpu\libg.a(libc_a-mprec.o)
                0x0011b5b0                __mprec_bigtens
 .rodata.__mprec_tens
                0x0011b5d8       0xc8 C:/devkitPro/devkitARM/bin/../lib/gcc/arm-none-eabi/15.2.0/../../../../arm-none-eabi/lib/armv6k/fpu\libg.a(libc_a-mprec.o)
                0x0011b5d8                __mprec_tens
 .rodata.get_arg
                0x0011b6a0       0x34 C:/devkitPro/devkitARM/bin/../lib/gcc/arm-none-eabi/15.2.0/../../../../arm-none-eabi/lib/armv6k/fpu\libg.a(libc_a-vfiprintf.o)
 .rodata._vfiprintf_r.str1.1
                0x0011b6d4        0x0 C:/devkitPro/devkitARM/bin/../lib/gcc/arm-none-eabi/15.2.0/../../../../arm-none-eabi/lib/armv6k/fpu\libg.a(libc_a-vfiprintf.o)
                                 0x29 (size before relaxing)
 .rodata._vfiprintf_r
                0x0011b6d4       0xb6 C:/devkitPro/devkitARM/bin/../lib/gcc/arm-none-eabi/15.2.0/../../../../arm-none-eabi/lib/armv6k/fpu\libg.a(libc_a-vfiprintf.o)
 *fill*         0x0011b78a        0x2 
 .rodata.zeroes.0
                0x0011b78c       0x10 C:/devkitPro/devkitARM/bin/../lib/gcc/arm-none-eabi/15.2.0/../../../../arm-none-eabi/lib/armv6k/fpu\libg.a(libc_a-vfiprintf.o)
 .rodata.blanks.1
                0x0011b79c       0x10 C:/devkitPro/devkitARM/bin/../lib/gcc/arm-none-eabi/15.2.0/../../../../arm-none-eabi/lib/armv6k/fpu\libg.a(libc_a-vfiprintf.o)
 .rodata.str1.4
                0x0011b7ac        0x0 C:/devkitPro/devkitARM/bin/../lib/gcc/arm-none-eabi/15.2.0/../../../../arm-none-eabi/lib/armv6k/fpu\libsysbase.a(libsysbase_libsysbase_a-iosupport.o)
                                  0x8 (size before relaxing)
 .rodata.dotab_stdnull
                0x0011b7ac       0x80 C:/devkitPro/devkitARM/bin/../lib/gcc/arm-none-eabi/15.2.0/../../../../arm-none-eabi/lib/armv6k/fpu\libsysbase.a(libsysbase_libsysbase_a-iosupport.o)
                0x0011b7ac                dotab_stdnull
 *all.rodata*(*)
 *(.gnu.linkonce.r*)
                0x0011b82c                        . = ALIGN (0x4)
                0x0011b82c                        __tdata_align = .
                0x0011b82c        0x4 LONG 0x4 ALIGNOF (.tdata)
                0x0011b830                        . = ALIGN (0x4)

.eh_frame       0x0011b830        0x0
 .eh_frame      0x0011b830        0x0 C:/devkitPro/devkitARM/bin/../lib/gcc/arm-none-eabi/15.2.0/armv6k/fpu/crtbegin.o

.rel.dyn        0x0011b830        0x0
 .rel.iplt      0x0011b830        0x0 C:/devkitPro/devkitARM/bin/../lib/gcc/arm-none-eabi/15.2.0/../../../../arm-none-eabi/lib/armv6k/fpu/3dsx_crt0.o
 .rel.got       0x0011b830        0x0 C:/devkitPro/devkitARM/bin/../lib/gcc/arm-none-eabi/15.2.0/../../../../arm-none-eabi/lib/armv6k/fpu/3dsx_crt0.o

.ARM.extab
 *(.ARM.extab* .gnu.linkonce.armextab.*)
                0x0011b830                        __exidx_start = .

.ARM.exidx
 *(.ARM.exidx* .gnu.linkonce.armexidx.*)
                0x0011b830                        __exidx_end = .
                0x0011c000                        . = ALIGN (0x1000)

.data           0x0011c000     0x1e0c
 *(.data)
 *(.data.*)
 .data.firstConsoleInit.0
                0x0011c000        0x1 C:/devkitPro/libctru-master/libctru/lib\libctru.a(console.o)
 *fill*         0x0011c001        0x3 
 .data.currentConsole
                0x0011c004        0x4 C:/devkitPro/libctru-master/libctru/lib\libctru.a(console.o)
                0x0011c004                currentConsole
 .data.defaultConsole
                0x0011c008       0x48 C:/devkitPro/libctru-master/libctru/lib\libctru.a(console.o)
                0x0011c008                defaultConsole
 .data.aptChainloadDeliverArgSize
                0x0011c050        0x4 C:/devkitPro/libctru-master/libctru/lib\libctru.a(apt.o)
 .data.kCount   0x0011c054        0x4 C:/devkitPro/libctru-master/libctru/lib\libctru.a(hid.o)
 .data.kInterval
                0x0011c058        0x4 C:/devkitPro/libctru-master/libctru/lib\libctru.a(hid.o)
 .data.kDelay   0x0011c05c        0x4 C:/devkitPro/libctru-master/libctru/lib\libctru.a(hid.o)
 .data.soc_devoptab
                0x0011c060       0x80 C:/devkitPro/libctru-master/libctru/lib\libctru.a(soc_init.o)
 .data.__stacksize__
                0x0011c0e0        0x4 C:/devkitPro/libctru-master/libctru/lib\libctru.a(stack_adjust.o)
                0x0011c0e0                __stacksize__
 .data._impure_ptr
                0x0011c0e4        0x4 C:/devkitPro/devkitARM/bin/../lib/gcc/arm-none-eabi/15.2.0/../../../../arm-none-eabi/lib/armv6k/fpu\libg.a(libc_a-impure.o)
                0x0011c0e4                _impure_ptr
 .data._impure_data
                0x0011c0e8      0x200 C:/devkitPro/devkitARM/bin/../lib/gcc/arm-none-eabi/15.2.0/../../../../arm-none-eabi/lib/armv6k/fpu\libg.a(libc_a-impure.o)
                0x0011c0e8                _impure_data
 .data.__malloc_sbrk_base
                0x0011c2e8        0x4 C:/devkitPro/devkitARM/bin/../lib/gcc/arm-none-eabi/15.2.0/../../../../arm-none-eabi/lib/armv6k/fpu\libg.a(libc_a-mallocr.o)
                0x0011c2e8                __malloc_sbrk_base
 .data.__malloc_trim_threshold
                0x0011c2ec        0x4 C:/devkitPro/devkitARM/bin/../lib/gcc/arm-none-eabi/15.2.0/../../../../arm-none-eabi/lib/armv6k/fpu\libg.a(libc_a-mallocr.o)
                0x0011c2ec                __malloc_trim_threshold
 .data.__malloc_av_
                0x0011c2f0      0x408 C:/devkitPro/devkitARM/bin/../lib/gcc/arm-none-eabi/15.2.0/../../../../arm-none-eabi/lib/armv6k/fpu\libg.a(libc_a-mallocr.o)
                0x0011c2f0                __malloc_av_
 .data.__sglue  0x0011c6f8        0xc C:/devkitPro/devkitARM/bin/../lib/gcc/arm-none-eabi/15.2.0/../../../../arm-none-eabi/lib/armv6k/fpu\libg.a(libc_a-findfp.o)
                0x0011c6f8                __sglue
 .data.__global_locale
                0x0011c704      0x254 C:/devkitPro/devkitARM/bin/../lib/gcc/arm-none-eabi/15.2.0/../../../../arm-none-eabi/lib/armv6k/fpu\libg.a(libc_a-locale.o)
                0x0011c704                __global_locale
 .data._current_working_directory
                0x0011c958      0x400 C:/devkitPro/devkitARM/bin/../lib/gcc/arm-none-eabi/15.2.0/../../../../arm-none-eabi/lib/armv6k/fpu\libsysbase.a(libsysbase_libsysbase_a-chdir.o)
 .data.handles  0x0011cd58     0x1000 C:/devkitPro/devkitARM/bin/../lib/gcc/arm-none-eabi/15.2.0/../../../../arm-none-eabi/lib/armv6k/fpu\libsysbase.a(libsysbase_libsysbase_a-handle_manager.o)
 .data.__stderr_handle
                0x0011dd58        0xc C:/devkitPro/devkitARM/bin/../lib/gcc/arm-none-eabi/15.2.0/../../../../arm-none-eabi/lib/armv6k/fpu\libsysbase.a(libsysbase_libsysbase_a-handle_manager.o)
 .data.__stdout_handle
                0x0011dd64        0xc C:/devkitPro/devkitARM/bin/../lib/gcc/arm-none-eabi/15.2.0/../../../../arm-none-eabi/lib/armv6k/fpu\libsysbase.a(libsysbase_libsysbase_a-handle_manager.o)
 .data.__stdin_handle
                0x0011dd70        0xc C:/devkitPro/devkitARM/bin/../lib/gcc/arm-none-eabi/15.2.0/../../../../arm-none-eabi/lib/armv6k/fpu\libsysbase.a(libsysbase_libsysbase_a-handle_manager.o)
 .data.devoptab_list
                0x0011dd7c       0x8c C:/devkitPro/devkitARM/bin/../lib/gcc/arm-none-eabi/15.2.0/../../../../arm-none-eabi/lib/armv6k/fpu\libsysbase.a(libsysbase_libsysbase_a-iosupport.o)
                0x0011dd7c                devoptab_list
 .data.defaultDevice
                0x0011de08        0x4 C:/devkitPro/devkitARM/bin/../lib/gcc/arm-none-eabi/15.2.0/../../../../arm-none-eabi/lib/armv6k/fpu\libsysbase.a(libsysbase_libsysbase_a-iosupport.o)
 *(.gnu.linkonce.d*)
                0x0011de0c                        . = ALIGN (0x4)

.igot.plt       0x0011de0c        0x0
 .igot.plt      0x0011de0c        0x0 C:/devkitPro/devkitARM/bin/../lib/gcc/arm-none-eabi/15.2.0/../../../../arm-none-eabi/lib/armv6k/fpu/3dsx_crt0.o

.got            0x0011de0c        0x8
 .got           0x0011de0c        0x8 C:/devkitPro/devkitARM/bin/../lib/gcc/arm-none-eabi/15.2.0/../../../../arm-none-eabi/lib/armv6k/fpu/3dsx_crt0.o

.got.plt        0x0011de14        0xc
 .got.plt       0x0011de14        0xc C:/devkitPro/devkitARM/bin/../lib/gcc/arm-none-eabi/15.2.0/../../../../arm-none-eabi/lib/armv6k/fpu/3dsx_crt0.o
                0x0011de14                _GLOBAL_OFFSET_TABLE_

.tdata          0x0011de20        0x0
                0x0011de20                        __tdata_lma = .
 *(.tdata)
 *(.tdata.*)
 *(.gnu.linkonce.td.*)
                0x0011de20                        . = ALIGN (0x4)
                0x0011de20                        __tdata_lma_end = .

.tbss           0x0011de20      0xc08
 *(.tbss)
 *(.tbss.*)
 .tbss.__ctru_dev_utf16_buf
                0x0011de20      0x802 C:/devkitPro/libctru-master/libctru/lib\libctru.a(path_buf.o)
                0x0011de20                __ctru_dev_utf16_buf
 *fill*         0x0011e622        0x2 
 .tbss.__ctru_dev_path_buf
                0x0011e624      0x401 C:/devkitPro/libctru-master/libctru/lib\libctru.a(path_buf.o)
                0x0011e624                __ctru_dev_path_buf
 *(.gnu.linkonce.tb.*)
 *(.tcommon)
                0x0011ea28                        . = ALIGN (0x4)
 *fill*         0x0011ea25        0x3 

.preinit_array  0x0011de20        0x0
                0x0011de20                        PROVIDE (__preinit_array_start = .)
 *(.preinit_array)
                0x0011de20                        PROVIDE (__preinit_array_end = .)

.init_array     0x0011de20        0x4
                0x0011de20                        PROVIDE (__init_array_start = .)
 *(SORT_BY_NAME(.init_array.*))
 *(.init_array)
 .init_array    0x0011de20        0x4 C:/devkitPro/devkitARM/bin/../lib/gcc/arm-none-eabi/15.2.0/armv6k/fpu/crtbegin.o
                0x0011de24                        PROVIDE (__init_array_end = .)

.fini_array     0x0011de24        0x4
                0x0011de24                        PROVIDE (__fini_array_start = .)
 *(.fini_array)
 .fini_array    0x0011de24        0x4 C:/devkitPro/devkitARM/bin/../lib/gcc/arm-none-eabi/15.2.0/armv6k/fpu/crtbegin.o
 *(SORT_BY_NAME(.fini_array.*))
                0x0011de28                        PROVIDE (__fini_array_end = .)

.ctors
 *crtbegin.o(.ctors)
 *(EXCLUDE_FILE(*crtend.o) .ctors)
 *(SORT_BY_NAME(.ctors.*))
 *(.ctors)

.dtors
 *crtbegin.o(.dtors)
 *(EXCLUDE_FILE(*crtend.o) .dtors)
 *(SORT_BY_NAME(.dtors.*))
 *(.dtors)
                0x0011de28                        __bss_start__ = .

.bss            0x0011de28     0x2e58
 *(.dynbss)
 *(.bss)
 *(.bss.*)
 .bss.completed.1
                0x0011de28        0x1 C:/devkitPro/devkitARM/bin/../lib/gcc/arm-none-eabi/15.2.0/armv6k/fpu/crtbegin.o
 *fill*         0x0011de29        0x3 
 .bss.object.0  0x0011de2c       0x18 C:/devkitPro/devkitARM/bin/../lib/gcc/arm-none-eabi/15.2.0/armv6k/fpu/crtbegin.o
 *fill*         0x0011de44        0x4 
 .bss._ZL11sLinearPool
                0x0011de48        0x8 C:/devkitPro/libctru-master/libctru/lib\libctru.a(linear.o)
 .bss._ZL8sAddrMap
                0x0011de50        0xc C:/devkitPro/libctru-master/libctru/lib\libctru.a(linear.o)
 .bss.escapeSeq
                0x0011de5c       0x64 C:/devkitPro/libctru-master/libctru/lib\libctru.a(console.o)
 .bss.currentCopy
                0x0011dec0       0x48 C:/devkitPro/libctru-master/libctru/lib\libctru.a(console.o)
                0x0011dec0                currentCopy
 .bss.screenAlloc
                0x0011df08        0x4 C:/devkitPro/libctru-master/libctru/lib\libctru.a(gfx.o)
 .bss.screenFree
                0x0011df0c        0x4 C:/devkitPro/libctru-master/libctru/lib\libctru.a(gfx.o)
 .bss.gfxIsDoubleBuf
                0x0011df10        0x2 C:/devkitPro/libctru-master/libctru/lib\libctru.a(gfx.o)
 *fill*         0x0011df12        0x2 
 .bss.gfxCurBuf
                0x0011df14        0x2 C:/devkitPro/libctru-master/libctru/lib\libctru.a(gfx.o)
 .bss.gfxIsVram
                0x0011df16        0x1 C:/devkitPro/libctru-master/libctru/lib\libctru.a(gfx.o)
 .bss.gfxTopMode
                0x0011df17        0x1 C:/devkitPro/libctru-master/libctru/lib\libctru.a(gfx.o)
 .bss.gfxFramebufferFormats
                0x0011df18        0x2 C:/devkitPro/libctru-master/libctru/lib\libctru.a(gfx.o)